Archive member included because of file (symbol)

c:/program files (x86)/microchip/xc32/v1.31/bin/../lib/gcc/pic32mx/4.5.2/../../../../pic32mx/lib\libpic32.a(memcmp.o)
                              build/default/debug/_ext/1128951024/tasks.o (memcmp)
c:/program files (x86)/microchip/xc32/v1.31/bin/../lib/gcc/pic32mx/4.5.2/../../../../pic32mx/lib\libpic32.a(memcpy.o)
                              build/default/debug/_ext/1128951024/queue.o (memcpy)
c:/program files (x86)/microchip/xc32/v1.31/bin/../lib/gcc/pic32mx/4.5.2/../../../../pic32mx/lib\libpic32.a(memset.o)
                              build/default/debug/_ext/1128951024/tasks.o (memset)
c:/program files (x86)/microchip/xc32/v1.31/bin/../lib/gcc/pic32mx/4.5.2/../../../../pic32mx/lib\libpic32.a(default-bootstrap-exception-handler.o)
                              c:/program files (x86)/microchip/xc32/v1.31/bin/../lib/gcc/pic32mx/4.5.2/../../../../pic32mx/lib/./proc/32MX795F512L/crt0_mips32r2.o (_bootstrap_exception_handler)
c:/program files (x86)/microchip/xc32/v1.31/bin/../lib/gcc/pic32mx/4.5.2/../../../../pic32mx/lib\libpic32.a(default-on-reset.o)
                              c:/program files (x86)/microchip/xc32/v1.31/bin/../lib/gcc/pic32mx/4.5.2/../../../../pic32mx/lib/./proc/32MX795F512L/crt0_mips32r2.o (_on_reset)
c:/program files (x86)/microchip/xc32/v1.31/bin/../lib/gcc/pic32mx/4.5.2/../../../../pic32mx/lib\libpic32.a(default-on-bootstrap.o)
                              c:/program files (x86)/microchip/xc32/v1.31/bin/../lib/gcc/pic32mx/4.5.2/../../../../pic32mx/lib/./proc/32MX795F512L/crt0_mips32r2.o (_on_bootstrap)
c:/program files (x86)/microchip/xc32/v1.31/bin/../lib/gcc/pic32mx/4.5.2/../../../../pic32mx/lib\libpic32.a(default-nmi-handler.o)
                              c:/program files (x86)/microchip/xc32/v1.31/bin/../lib/gcc/pic32mx/4.5.2/../../../../pic32mx/lib/./proc/32MX795F512L/crt0_mips32r2.o (_nmi_handler)
c:/program files (x86)/microchip/xc32/v1.31/bin/../lib/gcc/pic32mx/4.5.2/../../../../pic32mx/lib\libpic32.a(pic32_software_reset.o)
                              c:/program files (x86)/microchip/xc32/v1.31/bin/../lib/gcc/pic32mx/4.5.2/../../../../pic32mx/lib\libpic32.a(default-bootstrap-exception-handler.o) (__pic32_software_reset)
c:/program files (x86)/microchip/xc32/v1.31/bin/../lib/gcc/pic32mx/4.5.2/../../../../pic32mx/lib\libpic32.a(general-exception.o)
                              c:/program files (x86)/microchip/xc32/v1.31/bin/../lib/gcc/pic32mx/4.5.2/../../../../pic32mx/lib/./proc/32MX795F512L/crt0_mips32r2.o (_general_exception_context)
c:/program files (x86)/microchip/xc32/v1.31/bin/../lib/gcc/pic32mx/4.5.2/../../../../pic32mx/lib\libpic32.a(vector0.o)
                              c:/program files (x86)/microchip/xc32/v1.31/bin/../lib/gcc/pic32mx/4.5.2/../../../../pic32mx/lib/./proc/32MX795F512L\default_isr_vectors.o (__vector_dispatch_0)
c:/program files (x86)/microchip/xc32/v1.31/bin/../lib/gcc/pic32mx/4.5.2/../../../../pic32mx/lib\libpic32.a(vector2.o)
                              c:/program files (x86)/microchip/xc32/v1.31/bin/../lib/gcc/pic32mx/4.5.2/../../../../pic32mx/lib/./proc/32MX795F512L\default_isr_vectors.o (__vector_dispatch_2)
c:/program files (x86)/microchip/xc32/v1.31/bin/../lib/gcc/pic32mx/4.5.2/../../../../pic32mx/lib\libpic32.a(vector3.o)
                              c:/program files (x86)/microchip/xc32/v1.31/bin/../lib/gcc/pic32mx/4.5.2/../../../../pic32mx/lib/./proc/32MX795F512L\default_isr_vectors.o (__vector_dispatch_3)
c:/program files (x86)/microchip/xc32/v1.31/bin/../lib/gcc/pic32mx/4.5.2/../../../../pic32mx/lib\libpic32.a(vector5.o)
                              c:/program files (x86)/microchip/xc32/v1.31/bin/../lib/gcc/pic32mx/4.5.2/../../../../pic32mx/lib/./proc/32MX795F512L\default_isr_vectors.o (__vector_dispatch_5)
c:/program files (x86)/microchip/xc32/v1.31/bin/../lib/gcc/pic32mx/4.5.2/../../../../pic32mx/lib\libpic32.a(vector6.o)
                              c:/program files (x86)/microchip/xc32/v1.31/bin/../lib/gcc/pic32mx/4.5.2/../../../../pic32mx/lib/./proc/32MX795F512L\default_isr_vectors.o (__vector_dispatch_6)
c:/program files (x86)/microchip/xc32/v1.31/bin/../lib/gcc/pic32mx/4.5.2/../../../../pic32mx/lib\libpic32.a(vector7.o)
                              c:/program files (x86)/microchip/xc32/v1.31/bin/../lib/gcc/pic32mx/4.5.2/../../../../pic32mx/lib/./proc/32MX795F512L\default_isr_vectors.o (__vector_dispatch_7)
c:/program files (x86)/microchip/xc32/v1.31/bin/../lib/gcc/pic32mx/4.5.2/../../../../pic32mx/lib\libpic32.a(vector8.o)
                              c:/program files (x86)/microchip/xc32/v1.31/bin/../lib/gcc/pic32mx/4.5.2/../../../../pic32mx/lib/./proc/32MX795F512L\default_isr_vectors.o (__vector_dispatch_8)
c:/program files (x86)/microchip/xc32/v1.31/bin/../lib/gcc/pic32mx/4.5.2/../../../../pic32mx/lib\libpic32.a(vector9.o)
[...]
Memory Configuration

Name             Origin             Length             Attributes
kseg0_program_mem 0x9d000000         0x00080000         xr
kseg0_boot_mem   0x9fc00490         0x00000970
exception_mem    0x9fc01000         0x00001000
kseg1_boot_mem   0xbfc00000         0x00000490
debug_exec_mem   0xbfc02000         0x00000ff0
config3          0xbfc02ff0         0x00000004
config2          0xbfc02ff4         0x00000004
config1          0xbfc02ff8         0x00000004
config0          0xbfc02ffc         0x00000004
kseg1_data_mem   0xa0000000         0x00020000         w !x
sfrs             0xbf800000         0x00100000
configsfrs       0xbfc02ff0         0x00000010
*default*        0x00000000         0xffffffff

Linker script and memory map

LOAD c:/program files (x86)/microchip/xc32/v1.31/bin/../lib/gcc/pic32mx/4.5.2/../../../../pic32mx/lib/./proc/32MX795F512L/crt0_mips32r2.o
                0x00000001                _DEBUGGER = 0x1
LOAD build/default/debug/_ext/24337685/osal_freertos.o
LOAD build/default/debug/_ext/1271179505/sys_devcon.o
LOAD build/default/debug/_ext/1271179505/sys_devcon_pic32mx.o
LOAD build/default/debug/_ext/122796885/sys_int_pic32.o
LOAD build/default/debug/_ext/77319752/sys_ports.o
LOAD build/default/debug/_ext/1128951024/croutine.o
LOAD build/default/debug/_ext/1128951024/list.o
LOAD build/default/debug/_ext/1128951024/queue.o
LOAD build/default/debug/_ext/1128951024/tasks.o
LOAD build/default/debug/_ext/1128951024/timers.o
LOAD build/default/debug/_ext/1128951024/event_groups.o
LOAD build/default/debug/_ext/1856876499/heap_1.o
LOAD build/default/debug/_ext/12131622/port.o
LOAD build/default/debug/_ext/12131622/port_asm.o
LOAD build/default/debug/_ext/1360937237/app.o
LOAD build/default/debug/_ext/639803181/sys_clk_static.o
LOAD build/default/debug/_ext/822048611/sys_ports_static.o
LOAD build/default/debug/_ext/1688732426/system_init.o
LOAD build/default/debug/_ext/1688732426/system_interrupt.o
LOAD build/default/debug/_ext/1688732426/system_exceptions.o
LOAD build/default/debug/_ext/1360937237/main.o
LOAD build/default/debug/_ext/1688732426/system_tasks.o
LOAD build/default/debug/_ext/1688732426/system_interrupt_a.o
LOAD build/default/debug/_ext/1688732426/rtos_hooks.o
LOAD ..\..\..\..\bin\framework\peripheral\PIC32MX795F512L_peripherals.a
                0x00000001                __MPLAB_BUILD = 0x1
                0x00000001                __MPLAB_DEBUG = 0x1
                0x00000001                __DEBUG = 0x1
                0x00000001                __MPLAB_DEBUGGER_PK3 = 0x1
                0x00000000                _min_heap_size = 0x0
LOAD c:/program files (x86)/microchip/xc32/v1.31/bin/../lib/gcc/pic32mx/4.5.2/../../../../pic32mx/lib/./proc/32MX795F512L\default_isr_vectors.o
                0x00000400                PROVIDE (_min_stack_size, 0x400)
LOAD c:/program files (x86)/microchip/xc32/v1.31/bin/../lib/gcc/pic32mx/4.5.2/../../../../pic32mx/lib/./proc/32MX795F512L\processor.o
START GROUP
LOAD c:/program files (x86)/microchip/xc32/v1.31/bin/../lib/gcc/pic32mx/4.5.2/../../../../pic32mx/lib\libmchp_peripheral.a
END GROUP
START GROUP
LOAD c:/program files (x86)/microchip/xc32/v1.31/bin/../lib/gcc/pic32mx/4.5.2/../../../../pic32mx/lib\libmchp_peripheral_32MX795F512L.a
END GROUP
                0x00000001                PROVIDE (_vector_spacing, 0x1)
                0x9fc01000                _ebase_address = 0x9fc01000
                0xbfc00000                _RESET_ADDR = 0xbfc00000
                0xbfc00380                _BEV_EXCPT_ADDR = 0xbfc00380
                0xbfc00480                _DBG_EXCPT_ADDR = 0xbfc00480
                0xbfc02000                _DBG_CODE_ADDR = 0xbfc02000
                0x00000ff0                _DBG_CODE_SIZE = 0xff0
                0x9fc01180                _GEN_EXCPT_ADDR = (_ebase_address + 0x180)

.config_BFC02FF0
                0xbfc02ff0        0x4
 *(.config_BFC02FF0)
 .config_BFC02FF0
                0xbfc02ff0        0x4 build/default/debug/_ext/1688732426/system_init.o

.config_BFC02FF4
                0xbfc02ff4        0x4
 *(.config_BFC02FF4)
 .config_BFC02FF4
                0xbfc02ff4        0x4 build/default/debug/_ext/1688732426/system_init.o

.config_BFC02FF8
                0xbfc02ff8        0x4
 *(.config_BFC02FF8)
 .config_BFC02FF8
                0xbfc02ff8        0x4 build/default/debug/_ext/1688732426/system_init.o

.config_BFC02FFC
                0xbfc02ffc        0x4
 *(.config_BFC02FFC)
 .config_BFC02FFC
                0xbfc02ffc        0x4 build/default/debug/_ext/1688732426/system_init.o
                0xbfc02000                PROVIDE (_DBG_CODE_ADDR, 0xbfc02000)
                0x00000ff0                PROVIDE (_DBG_CODE_SIZE, 0xff0)

.reset          0xbfc00000      0x1e8
 *(.reset)
 .reset         0xbfc00000      0x1e8 c:/program files (x86)/microchip/xc32/v1.31/bin/../lib/gcc/pic32mx/4.5.2/../../../../pic32mx/lib/./proc/32MX795F512L/crt0_mips32r2.o
                0xbfc00000                _reset
 *(.reset.startup)

.bev_excpt      0xbfc00380       0x10
 *(.bev_handler)
 .bev_handler   0xbfc00380       0x10 c:/program files (x86)/microchip/xc32/v1.31/bin/../lib/gcc/pic32mx/4.5.2/../../../../pic32mx/lib/./proc/32MX795F512L/crt0_mips32r2.o

.dbg_excpt      0xbfc00480        0x8
                0xbfc00480                . = (. + DEFINED (_DEBUGGER)?0x8:0x0)
 *fill*         0xbfc00480        0x8 

.dbg_code       0xbfc02000      0xff0
                0xbfc02000                . = (. + DEFINED (_DEBUGGER)?_DBG_CODE_SIZE:0x0)
 *fill*         0xbfc02000      0xff0 

.app_excpt      0x9fc01180       0x10
 *(.gen_handler)
 .gen_handler   0x9fc01180       0x10 c:/program files (x86)/microchip/xc32/v1.31/bin/../lib/gcc/pic32mx/4.5.2/../../../../pic32mx/lib/./proc/32MX795F512L/crt0_mips32r2.o

.vector_0       0x9fc01200        0x8
 *(.vector_0)
 .vector_0      0x9fc01200        0x8 c:/program files (x86)/microchip/xc32/v1.31/bin/../lib/gcc/pic32mx/4.5.2/../../../../pic32mx/lib\libpic32.a(vector0.o)
                0x9fc01200                __vector_dispatch_0
                0x00000001                ASSERT (((_vector_spacing == 0x0) || (SIZEOF (.vector_0) <= (_vector_spacing << 0x5))), function at exception vector 0 too large)

.vector_1       0x9fc01220        0x8
 *(.vector_1)
 .vector_1      0x9fc01220        0x8 build/default/debug/_ext/12131622/port.o
                0x9fc01220                __vector_dispatch_1
                0x00000001                ASSERT (((_vector_spacing == 0x0) || (SIZEOF (.vector_1) <= (_vector_spacing << 0x5))), function at exception vector 1 too large)

.vector_2       0x9fc01240        0x8
 *(.vector_2)
 .vector_2      0x9fc01240        0x8 c:/program files (x86)/microchip/xc32/v1.31/bin/../lib/gcc/pic32mx/4.5.2/../../../../pic32mx/lib\libpic32.a(vector2.o)
                0x9fc01240                __vector_dispatch_2
                0x00000001                ASSERT (((_vector_spacing == 0x0) || (SIZEOF (.vector_2) <= (_vector_spacing << 0x5))), function at exception vector 2 too large)

.vector_3       0x9fc01260        0x8
 *(.vector_3)
 .vector_3      0x9fc01260        0x8 c:/program files (x86)/microchip/xc32/v1.31/bin/../lib/gcc/pic32mx/4.5.2/../../../../pic32mx/lib\libpic32.a(vector3.o)
                0x9fc01260                __vector_dispatch_3
                0x00000001                ASSERT (((_vector_spacing == 0x0) || (SIZEOF (.vector_3) <= (_vector_spacing << 0x5))), function at exception vector 3 too large)

.vector_4       0x9fc01280        0x8
 *(.vector_4)
 .vector_4      0x9fc01280        0x8 build/default/debug/_ext/12131622/port.o
                0x9fc01280                __vector_dispatch_4
                0x00000001                ASSERT (((_vector_spacing == 0x0) || (SIZEOF (.vector_4) <= (_vector_spacing << 0x5))), function at exception vector 4 too large)

.vector_5       0x9fc012a0        0x8
 *(.vector_5)
 .vector_5      0x9fc012a0        0x8 c:/program files (x86)/microchip/xc32/v1.31/bin/../lib/gcc/pic32mx/4.5.2/../../../../pic32mx/lib\libpic32.a(vector5.o)
                0x9fc012a0                __vector_dispatch_5
                0x00000001                ASSERT (((_vector_spacing == 0x0) || (SIZEOF (.vector_5) <= (_vector_spacing << 0x5))), function at exception vector 5 too large)

.vector_6       0x9fc012c0        0x8
 *(.vector_6)
 .vector_6      0x9fc012c0        0x8 c:/program files (x86)/microchip/xc32/v1.31/bin/../lib/gcc/pic32mx/4.5.2/../../../../pic32mx/lib\libpic32.a(vector6.o)
                0x9fc012c0                __vector_dispatch_6
                0x00000001                ASSERT (((_vector_spacing == 0x0) || (SIZEOF (.vector_6) <= (_vector_spacing << 0x5))), function at exception vector 6 too large)

.vector_7       0x9fc012e0        0x8
 *(.vector_7)
 .vector_7      0x9fc012e0        0x8 c:/program files (x86)/microchip/xc32/v1.31/bin/../lib/gcc/pic32mx/4.5.2/../../../../pic32mx/lib\libpic32.a(vector7.o)
                0x9fc012e0                __vector_dispatch_7
                0x00000001                ASSERT (((_vector_spacing == 0x0) || (SIZEOF (.vector_7) <= (_vector_spacing << 0x5))), function at exception vector 7 too large)

.vector_8       0x9fc01300        0x8
 *(.vector_8)
 .vector_8      0x9fc01300        0x8 c:/program files (x86)/microchip/xc32/v1.31/bin/../lib/gcc/pic32mx/4.5.2/../../../../pic32mx/lib\libpic32.a(vector8.o)
                0x9fc01300                __vector_dispatch_8
                0x00000001                ASSERT (((_vector_spacing == 0x0) || (SIZEOF (.vector_8) <= (_vector_spacing << 0x5))), function at exception vector 8 too large)

.vector_9       0x9fc01320        0x8
 *(.vector_9)
 .vector_9      0x9fc01320        0x8 c:/program files (x86)/microchip/xc32/v1.31/bin/../lib/gcc/pic32mx/4.5.2/../../../../pic32mx/lib\libpic32.a(vector9.o)
                0x9fc01320                __vector_dispatch_9
                0x00000001                ASSERT (((_vector_spacing == 0x0) || (SIZEOF (.vector_9) <= (_vector_spacing << 0x5))), function at exception vector 9 too large)

.vector_10      0x9fc01340        0x8
 *(.vector_10)
 .vector_10     0x9fc01340        0x8 c:/program files (x86)/microchip/xc32/v1.31/bin/../lib/gcc/pic32mx/4.5.2/../../../../pic32mx/lib\libpic32.a(vector10.o)
                0x9fc01340                __vector_dispatch_10
                0x00000001                ASSERT (((_vector_spacing == 0x0) || (SIZEOF (.vector_10) <= (_vector_spacing << 0x5))), function at exception vector 10 too large)

.vector_11      0x9fc01360        0x8
 *(.vector_11)
 .vector_11     0x9fc01360        0x8 c:/program files (x86)/microchip/xc32/v1.31/bin/../lib/gcc/pic32mx/4.5.2/../../../../pic32mx/lib\libpic32.a(vector11.o)
                0x9fc01360                __vector_dispatch_11
                0x00000001                ASSERT (((_vector_spacing == 0x0) || (SIZEOF (.vector_11) <= (_vector_spacing << 0x5))), function at exception vector 11 too large)

.vector_12      0x9fc01380        0x8
 *(.vector_12)
 .vector_12     0x9fc01380        0x8 c:/program files (x86)/microchip/xc32/v1.31/bin/../lib/gcc/pic32mx/4.5.2/../../../../pic32mx/lib\libpic32.a(vector12.o)
                0x9fc01380                __vector_dispatch_12
                0x00000001                ASSERT (((_vector_spacing == 0x0) || (SIZEOF (.vector_12) <= (_vector_spacing << 0x5))), function at exception vector 12 too large)

.vector_13      0x9fc013a0        0x8
 *(.vector_13)
 .vector_13     0x9fc013a0        0x8 c:/program files (x86)/microchip/xc32/v1.31/bin/../lib/gcc/pic32mx/4.5.2/../../../../pic32mx/lib\libpic32.a(vector13.o)
                0x9fc013a0                __vector_dispatch_13
                0x00000001                ASSERT (((_vector_spacing == 0x0) || (SIZEOF (.vector_13) <= (_vector_spacing << 0x5))), function at exception vector 13 too large)

.vector_14      0x9fc013c0        0x8
 *(.vector_14)
 .vector_14     0x9fc013c0        0x8 c:/program files (x86)/microchip/xc32/v1.31/bin/../lib/gcc/pic32mx/4.5.2/../../../../pic32mx/lib\libpic32.a(vector14.o)
                0x9fc013c0                __vector_dispatch_14
                0x00000001                ASSERT (((_vector_spacing == 0x0) || (SIZEOF (.vector_14) <= (_vector_spacing << 0x5))), function at exception vector 14 too large)

.vector_15      0x9fc013e0        0x8
 *(.vector_15)
 .vector_15     0x9fc013e0        0x8 c:/program files (x86)/microchip/xc32/v1.31/bin/../lib/gcc/pic32mx/4.5.2/../../../../pic32mx/lib\libpic32.a(vector15.o)
                0x9fc013e0                __vector_dispatch_15
                0x00000001                ASSERT (((_vector_spacing == 0x0) || (SIZEOF (.vector_15) <= (_vector_spacing << 0x5))), function at exception vector 15 too large)

.vector_16      0x9fc01400        0x8
 *(.vector_16)
 .vector_16     0x9fc01400        0x8 c:/program files (x86)/microchip/xc32/v1.31/bin/../lib/gcc/pic32mx/4.5.2/../../../../pic32mx/lib\libpic32.a(vector16.o)
                0x9fc01400                __vector_dispatch_16
                0x00000001                ASSERT (((_vector_spacing == 0x0) || (SIZEOF (.vector_16) <= (_vector_spacing << 0x5))), function at exception vector 16 too large)

.vector_17      0x9fc01420        0x8
 *(.vector_17)
 .vector_17     0x9fc01420        0x8 c:/program files (x86)/microchip/xc32/v1.31/bin/../lib/gcc/pic32mx/4.5.2/../../../../pic32mx/lib\libpic32.a(vector17.o)
                0x9fc01420                __vector_dispatch_17
                0x00000001                ASSERT (((_vector_spacing == 0x0) || (SIZEOF (.vector_17) <= (_vector_spacing << 0x5))), function at exception vector 17 too large)

.vector_18      0x9fc01440        0x8
 *(.vector_18)
 .vector_18     0x9fc01440        0x8 c:/program files (x86)/microchip/xc32/v1.31/bin/../lib/gcc/pic32mx/4.5.2/../../../../pic32mx/lib\libpic32.a(vector18.o)
                0x9fc01440                __vector_dispatch_18
                0x00000001                ASSERT (((_vector_spacing == 0x0) || (SIZEOF (.vector_18) <= (_vector_spacing << 0x5))), function at exception vector 18 too large)

.vector_19      0x9fc01460        0x8
 *(.vector_19)
 .vector_19     0x9fc01460        0x8 c:/program files (x86)/microchip/xc32/v1.31/bin/../lib/gcc/pic32mx/4.5.2/../../../../pic32mx/lib\libpic32.a(vector19.o)
                0x9fc01460                __vector_dispatch_19
                0x00000001                ASSERT (((_vector_spacing == 0x0) || (SIZEOF (.vector_19) <= (_vector_spacing << 0x5))), function at exception vector 19 too large)

.vector_20      0x9fc01480        0x8
 *(.vector_20)
 .vector_20     0x9fc01480        0x8 c:/program files (x86)/microchip/xc32/v1.31/bin/../lib/gcc/pic32mx/4.5.2/../../../../pic32mx/lib\libpic32.a(vector20.o)
                0x9fc01480                __vector_dispatch_20
                0x00000001                ASSERT (((_vector_spacing == 0x0) || (SIZEOF (.vector_20) <= (_vector_spacing << 0x5))), function at exception vector 20 too large)

.vector_21      0x9fc014a0        0x8
 *(.vector_21)
 .vector_21     0x9fc014a0        0x8 c:/program files (x86)/microchip/xc32/v1.31/bin/../lib/gcc/pic32mx/4.5.2/../../../../pic32mx/lib\libpic32.a(vector21.o)
                0x9fc014a0                __vector_dispatch_21
                0x00000001                ASSERT (((_vector_spacing == 0x0) || (SIZEOF (.vector_21) <= (_vector_spacing << 0x5))), function at exception vector 21 too large)

.vector_22      0x9fc014c0        0x8
 *(.vector_22)
 .vector_22     0x9fc014c0        0x8 c:/program files (x86)/microchip/xc32/v1.31/bin/../lib/gcc/pic32mx/4.5.2/../../../../pic32mx/lib\libpic32.a(vector22.o)
                0x9fc014c0                __vector_dispatch_22
                0x00000001                ASSERT (((_vector_spacing == 0x0) || (SIZEOF (.vector_22) <= (_vector_spacing << 0x5))), function at exception vector 22 too large)

.vector_23      0x9fc014e0        0x8
 *(.vector_23)
 .vector_23     0x9fc014e0        0x8 c:/program files (x86)/microchip/xc32/v1.31/bin/../lib/gcc/pic32mx/4.5.2/../../../../pic32mx/lib\libpic32.a(vector23.o)
                0x9fc014e0                __vector_dispatch_23
                0x00000001                ASSERT (((_vector_spacing == 0x0) || (SIZEOF (.vector_23) <= (_vector_spacing << 0x5))), function at exception vector 23 too large)

.vector_24      0x9fc01500        0x8
 *(.vector_24)
 .vector_24     0x9fc01500        0x8 c:/program files (x86)/microchip/xc32/v1.31/bin/../lib/gcc/pic32mx/4.5.2/../../../../pic32mx/lib\libpic32.a(vector24.o)
                0x9fc01500                __vector_dispatch_24
                0x00000001                ASSERT (((_vector_spacing == 0x0) || (SIZEOF (.vector_24) <= (_vector_spacing << 0x5))), function at exception vector 24 too large)

.vector_25      0x9fc01520        0x8
 *(.vector_25)
 .vector_25     0x9fc01520        0x8 c:/program files (x86)/microchip/xc32/v1.31/bin/../lib/gcc/pic32mx/4.5.2/../../../../pic32mx/lib\libpic32.a(vector25.o)
                0x9fc01520                __vector_dispatch_25
                0x00000001                ASSERT (((_vector_spacing == 0x0) || (SIZEOF (.vector_25) <= (_vector_spacing << 0x5))), function at exception vector 25 too large)

.vector_26      0x9fc01540        0x8
 *(.vector_26)
 .vector_26     0x9fc01540        0x8 c:/program files (x86)/microchip/xc32/v1.31/bin/../lib/gcc/pic32mx/4.5.2/../../../../pic32mx/lib\libpic32.a(vector26.o)
                0x9fc01540                __vector_dispatch_26
                0x00000001                ASSERT (((_vector_spacing == 0x0) || (SIZEOF (.vector_26) <= (_vector_spacing << 0x5))), function at exception vector 26 too large)

.vector_27      0x9fc01560        0x8
 *(.vector_27)
 .vector_27     0x9fc01560        0x8 c:/program files (x86)/microchip/xc32/v1.31/bin/../lib/gcc/pic32mx/4.5.2/../../../../pic32mx/lib\libpic32.a(vector27.o)
                0x9fc01560                __vector_dispatch_27
                0x00000001                ASSERT (((_vector_spacing == 0x0) || (SIZEOF (.vector_27) <= (_vector_spacing << 0x5))), function at exception vector 27 too large)

.vector_28      0x9fc01580        0x8
 *(.vector_28)
 .vector_28     0x9fc01580        0x8 c:/program files (x86)/microchip/xc32/v1.31/bin/../lib/gcc/pic32mx/4.5.2/../../../../pic32mx/lib\libpic32.a(vector28.o)
                0x9fc01580                __vector_dispatch_28
                0x00000001                ASSERT (((_vector_spacing == 0x0) || (SIZEOF (.vector_28) <= (_vector_spacing << 0x5))), function at exception vector 28 too large)

.vector_29      0x9fc015a0        0x8
 *(.vector_29)
 .vector_29     0x9fc015a0        0x8 c:/program files (x86)/microchip/xc32/v1.31/bin/../lib/gcc/pic32mx/4.5.2/../../../../pic32mx/lib\libpic32.a(vector29.o)
                0x9fc015a0                __vector_dispatch_29
                0x00000001                ASSERT (((_vector_spacing == 0x0) || (SIZEOF (.vector_29) <= (_vector_spacing << 0x5))), function at exception vector 29 too large)

.vector_30      0x9fc015c0        0x8
 *(.vector_30)
 .vector_30     0x9fc015c0        0x8 c:/program files (x86)/microchip/xc32/v1.31/bin/../lib/gcc/pic32mx/4.5.2/../../../../pic32mx/lib\libpic32.a(vector30.o)
                0x9fc015c0                __vector_dispatch_30
                0x00000001                ASSERT (((_vector_spacing == 0x0) || (SIZEOF (.vector_30) <= (_vector_spacing << 0x5))), function at exception vector 30 too large)

.vector_31      0x9fc015e0        0x8
 *(.vector_31)
 .vector_31     0x9fc015e0        0x8 c:/program files (x86)/microchip/xc32/v1.31/bin/../lib/gcc/pic32mx/4.5.2/../../../../pic32mx/lib\libpic32.a(vector31.o)
                0x9fc015e0                __vector_dispatch_31
                0x00000001                ASSERT (((_vector_spacing == 0x0) || (SIZEOF (.vector_31) <= (_vector_spacing << 0x5))), function at exception vector 31 too large)

.vector_32      0x9fc01600        0x8
 *(.vector_32)
 .vector_32     0x9fc01600        0x8 c:/program files (x86)/microchip/xc32/v1.31/bin/../lib/gcc/pic32mx/4.5.2/../../../../pic32mx/lib\libpic32.a(vector32.o)
                0x9fc01600                __vector_dispatch_32
                0x00000001                ASSERT (((_vector_spacing == 0x0) || (SIZEOF (.vector_32) <= (_vector_spacing << 0x5))), function at exception vector 32 too large)

.vector_33      0x9fc01620        0x8
 *(.vector_33)
 .vector_33     0x9fc01620        0x8 c:/program files (x86)/microchip/xc32/v1.31/bin/../lib/gcc/pic32mx/4.5.2/../../../../pic32mx/lib\libpic32.a(vector33.o)
                0x9fc01620                __vector_dispatch_33
                0x00000001                ASSERT (((_vector_spacing == 0x0) || (SIZEOF (.vector_33) <= (_vector_spacing << 0x5))), function at exception vector 33 too large)

.vector_34      0x9fc01640        0x8
 *(.vector_34)
 .vector_34     0x9fc01640        0x8 c:/program files (x86)/microchip/xc32/v1.31/bin/../lib/gcc/pic32mx/4.5.2/../../../../pic32mx/lib\libpic32.a(vector34.o)
                0x9fc01640                __vector_dispatch_34
                0x00000001                ASSERT (((_vector_spacing == 0x0) || (SIZEOF (.vector_34) <= (_vector_spacing << 0x5))), function at exception vector 34 too large)

.vector_35      0x9fc01660        0x8
 *(.vector_35)
 .vector_35     0x9fc01660        0x8 c:/program files (x86)/microchip/xc32/v1.31/bin/../lib/gcc/pic32mx/4.5.2/../../../../pic32mx/lib\libpic32.a(vector35.o)
                0x9fc01660                __vector_dispatch_35
                0x00000001                ASSERT (((_vector_spacing == 0x0) || (SIZEOF (.vector_35) <= (_vector_spacing << 0x5))), function at exception vector 35 too large)

.vector_36      0x9fc01680        0x8
 *(.vector_36)
 .vector_36     0x9fc01680        0x8 c:/program files (x86)/microchip/xc32/v1.31/bin/../lib/gcc/pic32mx/4.5.2/../../../../pic32mx/lib\libpic32.a(vector36.o)
                0x9fc01680                __vector_dispatch_36
                0x00000001                ASSERT (((_vector_spacing == 0x0) || (SIZEOF (.vector_36) <= (_vector_spacing << 0x5))), function at exception vector 36 too large)

.vector_37      0x9fc016a0        0x8
 *(.vector_37)
 .vector_37     0x9fc016a0        0x8 c:/program files (x86)/microchip/xc32/v1.31/bin/../lib/gcc/pic32mx/4.5.2/../../../../pic32mx/lib\libpic32.a(vector37.o)
                0x9fc016a0                __vector_dispatch_37
                0x00000001                ASSERT (((_vector_spacing == 0x0) || (SIZEOF (.vector_37) <= (_vector_spacing << 0x5))), function at exception vector 37 too large)

.vector_38      0x9fc016c0        0x8
 *(.vector_38)
 .vector_38     0x9fc016c0        0x8 c:/program files (x86)/microchip/xc32/v1.31/bin/../lib/gcc/pic32mx/4.5.2/../../../../pic32mx/lib\libpic32.a(vector38.o)
                0x9fc016c0                __vector_dispatch_38
                0x00000001                ASSERT (((_vector_spacing == 0x0) || (SIZEOF (.vector_38) <= (_vector_spacing << 0x5))), function at exception vector 38 too large)

.vector_39      0x9fc016e0        0x8
 *(.vector_39)
 .vector_39     0x9fc016e0        0x8 c:/program files (x86)/microchip/xc32/v1.31/bin/../lib/gcc/pic32mx/4.5.2/../../../../pic32mx/lib\libpic32.a(vector39.o)
                0x9fc016e0                __vector_dispatch_39
                0x00000001                ASSERT (((_vector_spacing == 0x0) || (SIZEOF (.vector_39) <= (_vector_spacing << 0x5))), function at exception vector 39 too large)

.vector_40      0x9fc01700        0x8
 *(.vector_40)
 .vector_40     0x9fc01700        0x8 c:/program files (x86)/microchip/xc32/v1.31/bin/../lib/gcc/pic32mx/4.5.2/../../../../pic32mx/lib\libpic32.a(vector40.o)
                0x9fc01700                __vector_dispatch_40
                0x00000001                ASSERT (((_vector_spacing == 0x0) || (SIZEOF (.vector_40) <= (_vector_spacing << 0x5))), function at exception vector 40 too large)

.vector_41      0x9fc01720        0x8
 *(.vector_41)
 .vector_41     0x9fc01720        0x8 c:/program files (x86)/microchip/xc32/v1.31/bin/../lib/gcc/pic32mx/4.5.2/../../../../pic32mx/lib\libpic32.a(vector41.o)
                0x9fc01720                __vector_dispatch_41
                0x00000001                ASSERT (((_vector_spacing == 0x0) || (SIZEOF (.vector_41) <= (_vector_spacing << 0x5))), function at exception vector 41 too large)

.vector_42      0x9fc01740        0x8
 *(.vector_42)
 .vector_42     0x9fc01740        0x8 c:/program files (x86)/microchip/xc32/v1.31/bin/../lib/gcc/pic32mx/4.5.2/../../../../pic32mx/lib\libpic32.a(vector42.o)
                0x9fc01740                __vector_dispatch_42
                0x00000001                ASSERT (((_vector_spacing == 0x0) || (SIZEOF (.vector_42) <= (_vector_spacing << 0x5))), function at exception vector 42 too large)

.vector_43      0x9fc01760        0x8
 *(.vector_43)
 .vector_43     0x9fc01760        0x8 c:/program files (x86)/microchip/xc32/v1.31/bin/../lib/gcc/pic32mx/4.5.2/../../../../pic32mx/lib\libpic32.a(vector43.o)
                0x9fc01760                __vector_dispatch_43
                0x00000001                ASSERT (((_vector_spacing == 0x0) || (SIZEOF (.vector_43) <= (_vector_spacing << 0x5))), function at exception vector 43 too large)

.vector_44      0x9fc01780        0x8
 *(.vector_44)
 .vector_44     0x9fc01780        0x8 c:/program files (x86)/microchip/xc32/v1.31/bin/../lib/gcc/pic32mx/4.5.2/../../../../pic32mx/lib\libpic32.a(vector44.o)
                0x9fc01780                __vector_dispatch_44
                0x00000001                ASSERT (((_vector_spacing == 0x0) || (SIZEOF (.vector_44) <= (_vector_spacing << 0x5))), function at exception vector 44 too large)

.vector_45      0x9fc017a0        0x8
 *(.vector_45)
 .vector_45     0x9fc017a0        0x8 c:/program files (x86)/microchip/xc32/v1.31/bin/../lib/gcc/pic32mx/4.5.2/../../../../pic32mx/lib\libpic32.a(vector45.o)
                0x9fc017a0                __vector_dispatch_45
                0x00000001                ASSERT (((_vector_spacing == 0x0) || (SIZEOF (.vector_45) <= (_vector_spacing << 0x5))), function at exception vector 45 too large)

.vector_46      0x9fc017c0        0x8
 *(.vector_46)
 .vector_46     0x9fc017c0        0x8 c:/program files (x86)/microchip/xc32/v1.31/bin/../lib/gcc/pic32mx/4.5.2/../../../../pic32mx/lib\libpic32.a(vector46.o)
                0x9fc017c0                __vector_dispatch_46
                0x00000001                ASSERT (((_vector_spacing == 0x0) || (SIZEOF (.vector_46) <= (_vector_spacing << 0x5))), function at exception vector 46 too large)

.vector_47      0x9fc017e0        0x8
 *(.vector_47)
 .vector_47     0x9fc017e0        0x8 c:/program files (x86)/microchip/xc32/v1.31/bin/../lib/gcc/pic32mx/4.5.2/../../../../pic32mx/lib\libpic32.a(vector47.o)
                0x9fc017e0                __vector_dispatch_47
                0x00000001                ASSERT (((_vector_spacing == 0x0) || (SIZEOF (.vector_47) <= (_vector_spacing << 0x5))), function at exception vector 47 too large)

.vector_48      0x9fc01800        0x8
 *(.vector_48)
 .vector_48     0x9fc01800        0x8 c:/program files (x86)/microchip/xc32/v1.31/bin/../lib/gcc/pic32mx/4.5.2/../../../../pic32mx/lib\libpic32.a(vector48.o)
                0x9fc01800                __vector_dispatch_48
                0x00000001                ASSERT (((_vector_spacing == 0x0) || (SIZEOF (.vector_48) <= (_vector_spacing << 0x5))), function at exception vector 48 too large)

.vector_49      0x9fc01820        0x8
 *(.vector_49)
 .vector_49     0x9fc01820        0x8 c:/program files (x86)/microchip/xc32/v1.31/bin/../lib/gcc/pic32mx/4.5.2/../../../../pic32mx/lib\libpic32.a(vector49.o)
                0x9fc01820                __vector_dispatch_49
                0x00000001                ASSERT (((_vector_spacing == 0x0) || (SIZEOF (.vector_49) <= (_vector_spacing << 0x5))), function at exception vector 49 too large)

.vector_50      0x9fc01840        0x8
 *(.vector_50)
 .vector_50     0x9fc01840        0x8 c:/program files (x86)/microchip/xc32/v1.31/bin/../lib/gcc/pic32mx/4.5.2/../../../../pic32mx/lib\libpic32.a(vector50.o)
                0x9fc01840                __vector_dispatch_50
                0x00000001                ASSERT (((_vector_spacing == 0x0) || (SIZEOF (.vector_50) <= (_vector_spacing << 0x5))), function at exception vector 50 too large)

.vector_51      0x9fc01860        0x8
 *(.vector_51)
 .vector_51     0x9fc01860        0x8 c:/program files (x86)/microchip/xc32/v1.31/bin/../lib/gcc/pic32mx/4.5.2/../../../../pic32mx/lib\libpic32.a(vector51.o)
                0x9fc01860                __vector_dispatch_51
                0x00000001                ASSERT (((_vector_spacing == 0x0) || (SIZEOF (.vector_51) <= (_vector_spacing << 0x5))), function at exception vector 51 too large)

.vector_52      0x9fc01880        0x8
 *(.vector_52)
 .vector_52     0x9fc01880        0x8 c:/program files (x86)/microchip/xc32/v1.31/bin/../lib/gcc/pic32mx/4.5.2/../../../../pic32mx/lib\libpic32.a(vector52.o)
                0x9fc01880                __vector_dispatch_52
                0x00000001                ASSERT (((_vector_spacing == 0x0) || (SIZEOF (.vector_52) <= (_vector_spacing << 0x5))), function at exception vector 52 too large)

.vector_53      0x9fc018a0        0x8
 *(.vector_53)
 .vector_53     0x9fc018a0        0x8 c:/program files (x86)/microchip/xc32/v1.31/bin/../lib/gcc/pic32mx/4.5.2/../../../../pic32mx/lib\libpic32.a(vector53.o)
                0x9fc018a0                __vector_dispatch_53
                0x00000001                ASSERT (((_vector_spacing == 0x0) || (SIZEOF (.vector_53) <= (_vector_spacing << 0x5))), function at exception vector 53 too large)

.vector_54      0x9fc018c0        0x8
 *(.vector_54)
 .vector_54     0x9fc018c0        0x8 c:/program files (x86)/microchip/xc32/v1.31/bin/../lib/gcc/pic32mx/4.5.2/../../../../pic32mx/lib\libpic32.a(vector54.o)
                0x9fc018c0                __vector_dispatch_54
                0x00000001                ASSERT (((_vector_spacing == 0x0) || (SIZEOF (.vector_54) <= (_vector_spacing << 0x5))), function at exception vector 54 too large)

.vector_55      0x9fc018e0        0x8
 *(.vector_55)
 .vector_55     0x9fc018e0        0x8 c:/program files (x86)/microchip/xc32/v1.31/bin/../lib/gcc/pic32mx/4.5.2/../../../../pic32mx/lib\libpic32.a(vector55.o)
                0x9fc018e0                __vector_dispatch_55
                0x00000001                ASSERT (((_vector_spacing == 0x0) || (SIZEOF (.vector_55) <= (_vector_spacing << 0x5))), function at exception vector 55 too large)

.vector_56      0x9fc01900        0x8
 *(.vector_56)
 .vector_56     0x9fc01900        0x8 c:/program files (x86)/microchip/xc32/v1.31/bin/../lib/gcc/pic32mx/4.5.2/../../../../pic32mx/lib\libpic32.a(vector56.o)
                0x9fc01900                __vector_dispatch_56
                0x00000001                ASSERT (((_vector_spacing == 0x0) || (SIZEOF (.vector_56) <= (_vector_spacing << 0x5))), function at exception vector 56 too large)

.vector_57      0x9fc01920        0x8
 *(.vector_57)
 .vector_57     0x9fc01920        0x8 c:/program files (x86)/microchip/xc32/v1.31/bin/../lib/gcc/pic32mx/4.5.2/../../../../pic32mx/lib\libpic32.a(vector57.o)
                0x9fc01920                __vector_dispatch_57
                0x00000001                ASSERT (((_vector_spacing == 0x0) || (SIZEOF (.vector_57) <= (_vector_spacing << 0x5))), function at exception vector 57 too large)

.vector_58      0x9fc01940        0x8
 *(.vector_58)
 .vector_58     0x9fc01940        0x8 c:/program files (x86)/microchip/xc32/v1.31/bin/../lib/gcc/pic32mx/4.5.2/../../../../pic32mx/lib\libpic32.a(vector58.o)
                0x9fc01940                __vector_dispatch_58
                0x00000001                ASSERT (((_vector_spacing == 0x0) || (SIZEOF (.vector_58) <= (_vector_spacing << 0x5))), function at exception vector 58 too large)

.vector_59      0x9fc01960        0x8
 *(.vector_59)
 .vector_59     0x9fc01960        0x8 c:/program files (x86)/microchip/xc32/v1.31/bin/../lib/gcc/pic32mx/4.5.2/../../../../pic32mx/lib\libpic32.a(vector59.o)
                0x9fc01960                __vector_dispatch_59
                0x00000001                ASSERT (((_vector_spacing == 0x0) || (SIZEOF (.vector_59) <= (_vector_spacing << 0x5))), function at exception vector 59 too large)

.vector_60      0x9fc01980        0x8
 *(.vector_60)
 .vector_60     0x9fc01980        0x8 c:/program files (x86)/microchip/xc32/v1.31/bin/../lib/gcc/pic32mx/4.5.2/../../../../pic32mx/lib\libpic32.a(vector60.o)
                0x9fc01980                __vector_dispatch_60
                0x00000001                ASSERT (((_vector_spacing == 0x0) || (SIZEOF (.vector_60) <= (_vector_spacing << 0x5))), function at exception vector 60 too large)

.vector_61      0x9fc019a0        0x8
 *(.vector_61)
 .vector_61     0x9fc019a0        0x8 c:/program files (x86)/microchip/xc32/v1.31/bin/../lib/gcc/pic32mx/4.5.2/../../../../pic32mx/lib\libpic32.a(vector61.o)
                0x9fc019a0                __vector_dispatch_61
                0x00000001                ASSERT (((_vector_spacing == 0x0) || (SIZEOF (.vector_61) <= (_vector_spacing << 0x5))), function at exception vector 61 too large)

.vector_62      0x9fc019c0        0x8
 *(.vector_62)
 .vector_62     0x9fc019c0        0x8 c:/program files (x86)/microchip/xc32/v1.31/bin/../lib/gcc/pic32mx/4.5.2/../../../../pic32mx/lib\libpic32.a(vector62.o)
                0x9fc019c0                __vector_dispatch_62
                0x00000001                ASSERT (((_vector_spacing == 0x0) || (SIZEOF (.vector_62) <= (_vector_spacing << 0x5))), function at exception vector 62 too large)

.vector_63      0x9fc019e0        0x8
 *(.vector_63)
 .vector_63     0x9fc019e0        0x8 c:/program files (x86)/microchip/xc32/v1.31/bin/../lib/gcc/pic32mx/4.5.2/../../../../pic32mx/lib\libpic32.a(vector63.o)
                0x9fc019e0                __vector_dispatch_63
                0x00000001                ASSERT (((_vector_spacing == 0x0) || (SIZEOF (.vector_63) <= (_vector_spacing << 0x5))), function at exception vector 63 too large)

.startup
 *(.startup)

.text           0x9d000000        0x0
 *(.stub .gnu.linkonce.t.*)
 *(.text.*personality*)
 *(.mips16.fn.*)
 *(.mips16.call.*)
 *(.gnu.warning)
                0x9d000000                . = ALIGN (0x4)

.init           0x9d000000        0x0
 *crti.o(.init)
 *crtbegin.o(.init)
 *(EXCLUDE_FILE(*crtn.o *crtend?.o *crtend.o) .init)
 *crtend.o(.init)
 *crtn.o(.init)
                0x9d000000                . = ALIGN (0x4)

.fini           0x9d000000        0x0
 *(.fini)
                0x9d000000                . = ALIGN (0x4)

.preinit_array  0x9d000000        0x0
                0x9d000000                PROVIDE (__preinit_array_start, .)
 *(.preinit_array)
                0x9d000000                PROVIDE (__preinit_array_end, .)
                0x9d000000                . = ALIGN (0x4)

.init_array     0x9d000000        0x0
                0x9d000000                PROVIDE (__init_array_start, .)
 *(SORT(.init_array.*))
 *(.init_array)
                0x9d000000                PROVIDE (__init_array_end, .)
                0x9d000000                . = ALIGN (0x4)

.fini_array     0x9d000000        0x0
                0x9d000000                PROVIDE (__fini_array_start, .)
 *(SORT(.fini_array.*))
 *(.fini_array)
                0x9d000000                PROVIDE (__fini_array_end, .)
                0x9d000000                . = ALIGN (0x4)

.ctors          0x9d000000        0x0
 *crtbegin.o(.ctors)
 *crtbegin?.o(.ctors)
 *(EXCLUDE_FILE(*crtend?.o *crtend.o) .ctors)
 *(SORT(.ctors.*))
 *(.ctors)
                0x9d000000                . = ALIGN (0x4)

.dtors          0x9d000000        0x0
 *crtbegin.o(.dtors)
 *crtbegin?.o(.dtors)
 *(EXCLUDE_FILE(*crtend?.o *crtend.o) .dtors)
 *(SORT(.dtors.*))
 *(.dtors)
                0x9d000000                . = ALIGN (0x4)

.rodata         0x9d000000        0x0
 *(.gnu.linkonce.r.*)
 *(.rodata1)
                0x9d000000                . = ALIGN (0x4)

.sdata2         0x9fc00490        0x0
 *(.sdata2 .sdata2.* .gnu.linkonce.s2.*)
                0x9fc00490                . = ALIGN (0x4)

.sbss2          0x9fc00490        0x0
 *(.sbss2 .sbss2.* .gnu.linkonce.sb2.*)
                0x9fc00490                . = ALIGN (0x4)

.eh_frame_hdr
 *(.eh_frame_hdr)
                0x9fc00490                . = ALIGN (0x4)

.eh_frame
 *(.eh_frame)
                0x9fc00490                . = ALIGN (0x4)

.gcc_except_table
 *(.gcc_except_table .gcc_except_table.*)
                0x9fc00490                . = ALIGN (0x4)

.dbg_data       0xa0000000      0x200
                0xa0000000                . = (. + DEFINED (_DEBUGGER)?0x200:0x0)
 *fill*         0xa0000000      0x200 

.jcr            0xa0000200        0x0
 *(.jcr)
                0xa0000200                . = ALIGN (0x4)

.eh_frame
 *(.eh_frame)
                0xa0000200                . = ALIGN (0x4)

.gcc_except_table
 *(.gcc_except_table .gcc_except_table.*)
                0xa0000200                . = ALIGN (0x4)

.persist        0xa0000200        0x0
                0xa0000200                _persist_begin = .
 *(.persist .persist.*)
 *(.pbss .pbss.*)
                0xa0000200                . = ALIGN (0x4)
                0xa0000200                _persist_end = .

.data           0xa0000200        0x0
 *(.gnu.linkonce.d.*)
 *(.data1)
                0xa0000200                . = ALIGN (0x4)
                0xa0000200                . = .
                0xa00081f0                _gp = (ALIGN (0x10) + 0x7ff0)

.got            0xa0000200        0x0
 *(.got.plt)
 *(.got)
                0xa0000200                . = ALIGN (0x4)

.sdata          0xa0000200        0x8
                0xa0000200                _sdata_begin = .
 *(.sdata .sdata.* .gnu.linkonce.s.*)
 .sdata         0xa0000200        0x4 build/default/debug/_ext/1128951024/tasks.o
                0xa0000200                xNextTaskUnblockTime
 .sdata         0xa0000204        0x4 build/default/debug/_ext/12131622/port.o
                0xa0000204                uxInterruptNesting
                0xa0000208                . = ALIGN (0x4)
                0xa0000208                _sdata_end = .

.lit8
 *(.lit8)

.lit4
 *(.lit4)
                0xa0000208                . = ALIGN (0x4)
                0xa0000208                _data_end = .
                0xa0000208                _bss_begin = .

.sbss           0xa0000208       0x7c
                0xa0000208                _sbss_begin = .
 *(.dynsbss)
 *(.sbss .sbss.* .gnu.linkonce.sb.*)
 .sbss          0xa0000208       0x2c build/default/debug/_ext/1128951024/tasks.o
                0xa0000208                pxCurrentTCB
                0xa000020c                uxTasksDeleted
                0xa0000210                uxCurrentNumberOfTasks
                0xa0000214                xTickCount
                0xa0000218                uxTopReadyPriority
                0xa000021c                xSchedulerRunning
                0xa0000220                uxPendedTicks
                0xa0000224                xYieldPending
                0xa0000228                xNumOfOverflows
                0xa000022c                uxTaskNumber
                0xa0000230                uxSchedulerSuspended
 .sbss          0xa0000234       0x10 build/default/debug/_ext/1128951024/timers.o
 .sbss          0xa0000244        0x8 build/default/debug/_ext/1856876499/heap_1.o
 .sbss          0xa000024c        0x4 build/default/debug/_ext/12131622/port.o
                0xa000024c                uxSavedTaskStackPointer
 .sbss          0xa0000250        0x8 build/default/debug/_ext/1360937237/app.o
                0xa0000250                TIMER_ID
                0xa0000254                counter
 .sbss          0xa0000258        0xc build/default/debug/_ext/1688732426/system_exceptions.o
 *(.scommon)
 .scommon       0xa0000264        0x8 build/default/debug/_ext/1271179505/sys_devcon.o
                0xa0000264                sysDevconObj
 .scommon       0xa000026c        0x8 build/default/debug/_ext/1128951024/tasks.o
                0xa000026c                pxDelayedTaskList
                0xa0000270                pxOverflowDelayedTaskList
 .scommon       0xa0000274        0xc build/default/debug/_ext/1360937237/app.o
                0xa0000274                xTimers
                0xa0000278                appData
                0xa000027c                xQueue1
 .scommon       0xa0000280        0x4 build/default/debug/_ext/1688732426/system_init.o
                0xa0000280                sysObj
                0xa0000284                _sbss_end = .
                0xa0000284                . = ALIGN (0x4)

.bss            0xa0000284       0xc8
 *(.dynbss)
 *(COMMON)
 COMMON         0xa0000284       0xc8 build/default/debug/_ext/1128951024/tasks.o
                0xa0000284                pxReadyTasksLists
                0xa00002e8                xPendingReadyList
                0xa00002fc                xTasksWaitingTermination
                0xa0000310                xSuspendedTaskList
                0xa0000324                xDelayedTaskList2
                0xa0000338                xDelayedTaskList1
                0xa000034c                . = ALIGN ((. != 0x0)?0x4:0x1)
                0xa000034c                . = ALIGN (0x4)
                0xa000034c                _end = .
                0xa000034c                _bss_end = .
                0x00020000                _bmxdudba_address = 0x20000
                0x00020000                _bmxdupba_address = 0x20000

/DISCARD/
 *(.pdr)
 *(.rel.dyn)
 *(.note.GNU-stack)
 *(.note.GNU-stack)
 *(.gnu_debuglink)
 *(.gnu.lto_*)
 *(.discard)

.gptab.sdata
 *(.gptab.data)
 *(.gptab.sdata)

.gptab.sbss
 *(.gptab.bss)
 *(.gptab.sbss)

.mdebug.abi32   0xa000034c        0x0
 *(.mdebug.abi32)
 .mdebug.abi32  0xa000034c        0x0 build/default/debug/_ext/24337685/osal_freertos.o
 .mdebug.abi32  0xa000034c        0x0 build/default/debug/_ext/1271179505/sys_devcon.o
 .mdebug.abi32  0xa000034c        0x0 build/default/debug/_ext/1271179505/sys_devcon_pic32mx.o
 .mdebug.abi32  0xa000034c        0x0 build/default/debug/_ext/122796885/sys_int_pic32.o
 .mdebug.abi32  0xa000034c        0x0 build/default/debug/_ext/77319752/sys_ports.o
 .mdebug.abi32  0xa000034c        0x0 build/default/debug/_ext/1128951024/croutine.o
 .mdebug.abi32  0xa000034c        0x0 build/default/debug/_ext/1128951024/list.o
 .mdebug.abi32  0xa000034c        0x0 build/default/debug/_ext/1128951024/queue.o
 .mdebug.abi32  0xa000034c        0x0 build/default/debug/_ext/1128951024/tasks.o
 .mdebug.abi32  0xa000034c        0x0 build/default/debug/_ext/1128951024/timers.o
 .mdebug.abi32  0xa000034c        0x0 build/default/debug/_ext/1128951024/event_groups.o
 .mdebug.abi32  0xa000034c        0x0 build/default/debug/_ext/1856876499/heap_1.o
 .mdebug.abi32  0xa000034c        0x0 build/default/debug/_ext/12131622/port.o
 .mdebug.abi32  0xa000034c        0x0 build/default/debug/_ext/1360937237/app.o
 .mdebug.abi32  0xa000034c        0x0 build/default/debug/_ext/639803181/sys_clk_static.o
 .mdebug.abi32  0xa000034c        0x0 build/default/debug/_ext/822048611/sys_ports_static.o
 .mdebug.abi32  0xa000034c        0x0 build/default/debug/_ext/1688732426/system_init.o
 .mdebug.abi32  0xa000034c        0x0 build/default/debug/_ext/1688732426/system_interrupt.o
 .mdebug.abi32  0xa000034c        0x0 build/default/debug/_ext/1688732426/system_exceptions.o
 .mdebug.abi32  0xa000034c        0x0 build/default/debug/_ext/1360937237/main.o
 .mdebug.abi32  0xa000034c        0x0 build/default/debug/_ext/1688732426/system_tasks.o
 .mdebug.abi32  0xa000034c        0x0 build/default/debug/_ext/1688732426/rtos_hooks.o
 .mdebug.abi32  0xa000034c        0x0 c:/program files (x86)/microchip/xc32/v1.31/bin/../lib/gcc/pic32mx/4.5.2/../../../../pic32mx/lib\libpic32.a(default-bootstrap-exception-handler.o)
 .mdebug.abi32  0xa000034c        0x0 c:/program files (x86)/microchip/xc32/v1.31/bin/../lib/gcc/pic32mx/4.5.2/../../../../pic32mx/lib\libpic32.a(default-on-reset.o)
 .mdebug.abi32  0xa000034c        0x0 c:/program files (x86)/microchip/xc32/v1.31/bin/../lib/gcc/pic32mx/4.5.2/../../../../pic32mx/lib\libpic32.a(default-on-bootstrap.o)
 .mdebug.abi32  0xa000034c        0x0 c:/program files (x86)/microchip/xc32/v1.31/bin/../lib/gcc/pic32mx/4.5.2/../../../../pic32mx/lib\libpic32.a(defaultinterrupt.o)
 .mdebug.abi32  0xa000034c        0x0 c:/program files (x86)/microchip/xc32/v1.31/bin/../lib/gcc/pic32mx/4.5.2/../../../../pic32mx/lib\software-debug-break.o

.mdebug.abiN32
 *(.mdebug.abiN32)

.mdebug.abi64
 *(.mdebug.abi64)

.mdebug.abiO64
 *(.mdebug.abiO64)

.mdebug.eabi32
 *(.mdebug.eabi32)

.mdebug.eabi64
 *(.mdebug.eabi64)

.gcc_compiled_long32
 *(.gcc_compiled_long32)

.gcc_compiled_long64
 *(.gcc_compiled_long64)

.stab
 *(.stab)

.stabstr
 *(.stabstr)

.stab.excl
 *(.stab.excl)

.stab.exclstr
 *(.stab.exclstr)

.stab.index
 *(.stab.index)

.stab.indexstr
 *(.stab.indexstr)

.comment        0x00000000       0xa8
 *(.comment)
 .comment       0x00000000       0x3c build/default/debug/_ext/24337685/osal_freertos.o
                                 0x3d (size before relaxing)
 .comment       0x00000000       0x3d build/default/debug/_ext/1271179505/sys_devcon.o
 .comment       0x00000000       0x3d build/default/debug/_ext/1271179505/sys_devcon_pic32mx.o
 .comment       0x00000000       0x3d build/default/debug/_ext/122796885/sys_int_pic32.o
 .comment       0x00000000       0x3d build/default/debug/_ext/77319752/sys_ports.o
 .comment       0x00000000       0x3d build/default/debug/_ext/1128951024/croutine.o
 .comment       0x00000000       0x3d build/default/debug/_ext/1128951024/list.o
 .comment       0x00000000       0x3d build/default/debug/_ext/1128951024/queue.o
 .comment       0x00000000       0x3d build/default/debug/_ext/1128951024/tasks.o
 .comment       0x00000000       0x3d build/default/debug/_ext/1128951024/timers.o
 .comment       0x00000000       0x3d build/default/debug/_ext/1128951024/event_groups.o
 .comment       0x00000000       0x3d build/default/debug/_ext/1856876499/heap_1.o
 .comment       0x00000000       0x3d build/default/debug/_ext/12131622/port.o
 .comment       0x00000000       0x3d build/default/debug/_ext/1360937237/app.o
 .comment       0x00000000       0x3d build/default/debug/_ext/639803181/sys_clk_static.o
 .comment       0x00000000       0x3d build/default/debug/_ext/822048611/sys_ports_static.o
 .comment       0x00000000       0x3d build/default/debug/_ext/1688732426/system_init.o
 .comment       0x00000000       0x3d build/default/debug/_ext/1688732426/system_interrupt.o
 .comment       0x00000000       0x3d build/default/debug/_ext/1688732426/system_exceptions.o
 .comment       0x00000000       0x3d build/default/debug/_ext/1360937237/main.o
 .comment       0x00000000       0x3d build/default/debug/_ext/1688732426/system_tasks.o
 .comment       0x00000000       0x3d build/default/debug/_ext/1688732426/rtos_hooks.o
 .comment       0x0000003c       0x18 c:/program files (x86)/microchip/xc32/v1.31/bin/../lib/gcc/pic32mx/4.5.2/../../../../pic32mx/lib\libpic32.a(memcmp.o)
                                 0x19 (size before relaxing)
 .comment       0x00000054       0x18 c:/program files (x86)/microchip/xc32/v1.31/bin/../lib/gcc/pic32mx/4.5.2/../../../../pic32mx/lib\libpic32.a(memset.o)
                                 0x19 (size before relaxing)
 .comment       0x0000006c       0x3c c:/program files (x86)/microchip/xc32/v1.31/bin/../lib/gcc/pic32mx/4.5.2/../../../../pic32mx/lib\libpic32.a(default-bootstrap-exception-handler.o)
                                 0x3d (size before relaxing)
 .comment       0x00000000       0x3d c:/program files (x86)/microchip/xc32/v1.31/bin/../lib/gcc/pic32mx/4.5.2/../../../../pic32mx/lib\libpic32.a(default-on-reset.o)
 .comment       0x00000000       0x3d c:/program files (x86)/microchip/xc32/v1.31/bin/../lib/gcc/pic32mx/4.5.2/../../../../pic32mx/lib\libpic32.a(default-on-bootstrap.o)
 .comment       0x00000000       0x3d c:/program files (x86)/microchip/xc32/v1.31/bin/../lib/gcc/pic32mx/4.5.2/../../../../pic32mx/lib\libpic32.a(defaultinterrupt.o)
 .comment       0x00000000       0x3d c:/program files (x86)/microchip/xc32/v1.31/bin/../lib/gcc/pic32mx/4.5.2/../../../../pic32mx/lib\software-debug-break.o

.debug
 *(.debug)

.line
 *(.line)

.debug_srcinfo
 *(.debug_srcinfo)

.debug_sfnames
 *(.debug_sfnames)

.debug_aranges  0x00000000      0x860
 *(.debug_aranges)
 .debug_aranges
                0x00000000       0x88 build/default/debug/_ext/24337685/osal_freertos.o
 .debug_aranges
                0x00000088       0x78 build/default/debug/_ext/1271179505/sys_devcon.o
 .debug_aranges
                0x00000100       0x20 build/default/debug/_ext/1271179505/sys_devcon_pic32mx.o
 .debug_aranges
                0x00000120       0x48 build/default/debug/_ext/122796885/sys_int_pic32.o
 .debug_aranges
                0x00000168       0xf8 build/default/debug/_ext/77319752/sys_ports.o
 .debug_aranges
                0x00000260       0x40 build/default/debug/_ext/1128951024/list.o
 .debug_aranges
                0x000002a0       0xb8 build/default/debug/_ext/1128951024/queue.o
 .debug_aranges
                0x00000358      0x1a0 build/default/debug/_ext/1128951024/tasks.o
 .debug_aranges
                0x000004f8       0x70 build/default/debug/_ext/1128951024/timers.o
 .debug_aranges
                0x00000568       0x68 build/default/debug/_ext/1128951024/event_groups.o
 .debug_aranges
                0x000005d0       0x38 build/default/debug/_ext/1856876499/heap_1.o
 .debug_aranges
                0x00000608       0x58 build/default/debug/_ext/12131622/port.o
 .debug_aranges
                0x00000660       0x20 build/default/debug/_ext/12131622/port_asm.o
 .debug_aranges
                0x00000680       0x30 build/default/debug/_ext/1360937237/app.o
 .debug_aranges
                0x000006b0       0x38 build/default/debug/_ext/639803181/sys_clk_static.o
 .debug_aranges
                0x000006e8       0x20 build/default/debug/_ext/822048611/sys_ports_static.o
 .debug_aranges
                0x00000708       0x20 build/default/debug/_ext/1688732426/system_init.o
 .debug_aranges
                0x00000728       0x20 build/default/debug/_ext/1688732426/system_exceptions.o
 .debug_aranges
                0x00000748       0x20 build/default/debug/_ext/1360937237/main.o
 .debug_aranges
                0x00000768       0x30 build/default/debug/_ext/1688732426/system_tasks.o
 .debug_aranges
                0x00000798       0x28 build/default/debug/_ext/1688732426/rtos_hooks.o
 .debug_aranges
                0x000007c0       0x20 c:/program files (x86)/microchip/xc32/v1.31/bin/../lib/gcc/pic32mx/4.5.2/../../../../pic32mx/lib\libpic32.a(default-bootstrap-exception-handler.o)
 .debug_aranges
                0x000007e0       0x20 c:/program files (x86)/microchip/xc32/v1.31/bin/../lib/gcc/pic32mx/4.5.2/../../../../pic32mx/lib\libpic32.a(default-on-reset.o)
 .debug_aranges
                0x00000800       0x20 c:/program files (x86)/microchip/xc32/v1.31/bin/../lib/gcc/pic32mx/4.5.2/../../../../pic32mx/lib\libpic32.a(default-on-bootstrap.o)
 .debug_aranges
                0x00000820       0x20 c:/program files (x86)/microchip/xc32/v1.31/bin/../lib/gcc/pic32mx/4.5.2/../../../../pic32mx/lib\libpic32.a(defaultinterrupt.o)
 .debug_aranges
                0x00000840       0x20 c:/program files (x86)/microchip/xc32/v1.31/bin/../lib/gcc/pic32mx/4.5.2/../../../../pic32mx/lib\software-debug-break.o

.debug_pubnames
                0x00000000     0x1618
 *(.debug_pubnames)
 .debug_pubnames
                0x00000000      0x129 build/default/debug/_ext/24337685/osal_freertos.o
 .debug_pubnames
                0x00000129      0x160 build/default/debug/_ext/1271179505/sys_devcon.o
 .debug_pubnames
                0x00000289       0x33 build/default/debug/_ext/1271179505/sys_devcon_pic32mx.o
 .debug_pubnames
                0x000002bc       0xb9 build/default/debug/_ext/122796885/sys_int_pic32.o
 .debug_pubnames
                0x00000375      0x376 build/default/debug/_ext/77319752/sys_ports.o
 .debug_pubnames
                0x000006eb       0x72 build/default/debug/_ext/1128951024/list.o
 .debug_pubnames
                0x0000075d      0x1d1 build/default/debug/_ext/1128951024/queue.o
 .debug_pubnames
                0x0000092e      0x692 build/default/debug/_ext/1128951024/tasks.o
 .debug_pubnames
                0x00000fc0       0xb1 build/default/debug/_ext/1128951024/timers.o
 .debug_pubnames
                0x00001071       0xf8 build/default/debug/_ext/1128951024/event_groups.o
 .debug_pubnames
                0x00001169       0x64 build/default/debug/_ext/1856876499/heap_1.o
 .debug_pubnames
                0x000011cd      0x130 build/default/debug/_ext/12131622/port.o
 .debug_pubnames
                0x000012fd       0x8c build/default/debug/_ext/1360937237/app.o
 .debug_pubnames
                0x00001389       0x92 build/default/debug/_ext/639803181/sys_clk_static.o
 .debug_pubnames
                0x0000141b       0x2b build/default/debug/_ext/822048611/sys_ports_static.o
 .debug_pubnames
                0x00001446       0x42 build/default/debug/_ext/1688732426/system_init.o
 .debug_pubnames
                0x00001488       0x31 build/default/debug/_ext/1688732426/system_exceptions.o
 .debug_pubnames
                0x000014b9       0x1b build/default/debug/_ext/1360937237/main.o
 .debug_pubnames
                0x000014d4       0x20 build/default/debug/_ext/1688732426/system_tasks.o
 .debug_pubnames
                0x000014f4       0x55 build/default/debug/_ext/1688732426/rtos_hooks.o
 .debug_pubnames
                0x00001549       0x33 c:/program files (x86)/microchip/xc32/v1.31/bin/../lib/gcc/pic32mx/4.5.2/../../../../pic32mx/lib\libpic32.a(default-bootstrap-exception-handler.o)
 .debug_pubnames
                0x0000157c       0x20 c:/program files (x86)/microchip/xc32/v1.31/bin/../lib/gcc/pic32mx/4.5.2/../../../../pic32mx/lib\libpic32.a(default-on-reset.o)
 .debug_pubnames
                0x0000159c       0x24 c:/program files (x86)/microchip/xc32/v1.31/bin/../lib/gcc/pic32mx/4.5.2/../../../../pic32mx/lib\libpic32.a(default-on-bootstrap.o)
 .debug_pubnames
                0x000015c0       0x28 c:/program files (x86)/microchip/xc32/v1.31/bin/../lib/gcc/pic32mx/4.5.2/../../../../pic32mx/lib\libpic32.a(defaultinterrupt.o)
 .debug_pubnames
                0x000015e8       0x30 c:/program files (x86)/microchip/xc32/v1.31/bin/../lib/gcc/pic32mx/4.5.2/../../../../pic32mx/lib\software-debug-break.o

.debug_info     0x00000000    0x121ec
 *(.debug_info .gnu.linkonce.wi.*)
 .debug_info    0x00000000      0x731 build/default/debug/_ext/24337685/osal_freertos.o
 .debug_info    0x00000731     0x10ec build/default/debug/_ext/1271179505/sys_devcon.o
 .debug_info    0x0000181d      0xee2 build/default/debug/_ext/1271179505/sys_devcon_pic32mx.o
 .debug_info    0x000026ff     0x15fe build/default/debug/_ext/122796885/sys_int_pic32.o
 .debug_info    0x00003cfd     0x3336 build/default/debug/_ext/77319752/sys_ports.o
 .debug_info    0x00007033      0x163 build/default/debug/_ext/1128951024/croutine.o
 .debug_info    0x00007196      0x45c build/default/debug/_ext/1128951024/list.o
 .debug_info    0x000075f2      0xf8d build/default/debug/_ext/1128951024/queue.o
 .debug_info    0x0000857f     0x1e0e build/default/debug/_ext/1128951024/tasks.o
 .debug_info    0x0000a38d      0xd72 build/default/debug/_ext/1128951024/timers.o
 .debug_info    0x0000b0ff      0x963 build/default/debug/_ext/1128951024/event_groups.o
 .debug_info    0x0000ba62      0x300 build/default/debug/_ext/1856876499/heap_1.o
 .debug_info    0x0000bd62     0x11c2 build/default/debug/_ext/12131622/port.o
 .debug_info    0x0000cf24       0xb5 build/default/debug/_ext/12131622/port_asm.o
 .debug_info    0x0000cfd9      0xc51 build/default/debug/_ext/1360937237/app.o
 .debug_info    0x0000dc2a     0x102c build/default/debug/_ext/639803181/sys_clk_static.o
 .debug_info    0x0000ec56      0xf21 build/default/debug/_ext/822048611/sys_ports_static.o
 .debug_info    0x0000fb77      0x880 build/default/debug/_ext/1688732426/system_init.o
 .debug_info    0x000103f7      0x6ed build/default/debug/_ext/1688732426/system_interrupt.o
 .debug_info    0x00010ae4      0x791 build/default/debug/_ext/1688732426/system_exceptions.o
 .debug_info    0x00011275      0x14b build/default/debug/_ext/1360937237/main.o
 .debug_info    0x000113c0      0x804 build/default/debug/_ext/1688732426/system_tasks.o
 .debug_info    0x00011bc4      0x232 build/default/debug/_ext/1688732426/rtos_hooks.o
 .debug_info    0x00011df6       0xde c:/program files (x86)/microchip/xc32/v1.31/bin/../lib/gcc/pic32mx/4.5.2/../../../../pic32mx/lib\libpic32.a(default-bootstrap-exception-handler.o)
 .debug_info    0x00011ed4       0xb8 c:/program files (x86)/microchip/xc32/v1.31/bin/../lib/gcc/pic32mx/4.5.2/../../../../pic32mx/lib\libpic32.a(default-on-reset.o)
 .debug_info    0x00011f8c       0xc0 c:/program files (x86)/microchip/xc32/v1.31/bin/../lib/gcc/pic32mx/4.5.2/../../../../pic32mx/lib\libpic32.a(default-on-bootstrap.o)
 .debug_info    0x0001204c       0xd2 c:/program files (x86)/microchip/xc32/v1.31/bin/../lib/gcc/pic32mx/4.5.2/../../../../pic32mx/lib\libpic32.a(defaultinterrupt.o)
 .debug_info    0x0001211e       0xce c:/program files (x86)/microchip/xc32/v1.31/bin/../lib/gcc/pic32mx/4.5.2/../../../../pic32mx/lib\software-debug-break.o

.debug_abbrev   0x00000000     0x1e28
 *(.debug_abbrev)
 .debug_abbrev  0x00000000      0x14d build/default/debug/_ext/24337685/osal_freertos.o
 .debug_abbrev  0x0000014d      0x25a build/default/debug/_ext/1271179505/sys_devcon.o
 .debug_abbrev  0x000003a7      0x176 build/default/debug/_ext/1271179505/sys_devcon_pic32mx.o
 .debug_abbrev  0x0000051d      0x19a build/default/debug/_ext/122796885/sys_int_pic32.o
 .debug_abbrev  0x000006b7      0x1ea build/default/debug/_ext/77319752/sys_ports.o
 .debug_abbrev  0x000008a1       0x1f build/default/debug/_ext/1128951024/croutine.o
 .debug_abbrev  0x000008c0       0xe9 build/default/debug/_ext/1128951024/list.o
 .debug_abbrev  0x000009a9      0x1e7 build/default/debug/_ext/1128951024/queue.o
 .debug_abbrev  0x00000b90      0x234 build/default/debug/_ext/1128951024/tasks.o
 .debug_abbrev  0x00000dc4      0x281 build/default/debug/_ext/1128951024/timers.o
 .debug_abbrev  0x00001045      0x19a build/default/debug/_ext/1128951024/event_groups.o
 .debug_abbrev  0x000011df      0x100 build/default/debug/_ext/1856876499/heap_1.o
 .debug_abbrev  0x000012df      0x2a7 build/default/debug/_ext/12131622/port.o
 .debug_abbrev  0x00001586       0x14 build/default/debug/_ext/12131622/port_asm.o
 .debug_abbrev  0x0000159a      0x1a4 build/default/debug/_ext/1360937237/app.o
 .debug_abbrev  0x0000173e      0x1d7 build/default/debug/_ext/639803181/sys_clk_static.o
 .debug_abbrev  0x00001915      0x113 build/default/debug/_ext/822048611/sys_ports_static.o
 .debug_abbrev  0x00001a28      0x121 build/default/debug/_ext/1688732426/system_init.o
 .debug_abbrev  0x00001b49       0x37 build/default/debug/_ext/1688732426/system_interrupt.o
 .debug_abbrev  0x00001b80       0x7d build/default/debug/_ext/1688732426/system_exceptions.o
 .debug_abbrev  0x00001bfd       0x36 build/default/debug/_ext/1360937237/main.o
 .debug_abbrev  0x00001c33       0xb9 build/default/debug/_ext/1688732426/system_tasks.o
 .debug_abbrev  0x00001cec       0x8d build/default/debug/_ext/1688732426/rtos_hooks.o
 .debug_abbrev  0x00001d79       0x23 c:/program files (x86)/microchip/xc32/v1.31/bin/../lib/gcc/pic32mx/4.5.2/../../../../pic32mx/lib\libpic32.a(default-bootstrap-exception-handler.o)
 .debug_abbrev  0x00001d9c       0x23 c:/program files (x86)/microchip/xc32/v1.31/bin/../lib/gcc/pic32mx/4.5.2/../../../../pic32mx/lib\libpic32.a(default-on-reset.o)
 .debug_abbrev  0x00001dbf       0x23 c:/program files (x86)/microchip/xc32/v1.31/bin/../lib/gcc/pic32mx/4.5.2/../../../../pic32mx/lib\libpic32.a(default-on-bootstrap.o)
 .debug_abbrev  0x00001de2       0x23 c:/program files (x86)/microchip/xc32/v1.31/bin/../lib/gcc/pic32mx/4.5.2/../../../../pic32mx/lib\libpic32.a(defaultinterrupt.o)
 .debug_abbrev  0x00001e05       0x23 c:/program files (x86)/microchip/xc32/v1.31/bin/../lib/gcc/pic32mx/4.5.2/../../../../pic32mx/lib\software-debug-break.o

.debug_line     0x00000000     0x45e4
 *(.debug_line)
 .debug_line    0x00000000      0x2a9 build/default/debug/_ext/24337685/osal_freertos.o
 .debug_line    0x000002a9      0x5d5 build/default/debug/_ext/1271179505/sys_devcon.o
 .debug_line    0x0000087e      0x46c build/default/debug/_ext/1271179505/sys_devcon_pic32mx.o
 .debug_line    0x00000cea      0x391 build/default/debug/_ext/122796885/sys_int_pic32.o
 .debug_line    0x0000107b      0x865 build/default/debug/_ext/77319752/sys_ports.o
 .debug_line    0x000018e0       0x1d build/default/debug/_ext/1128951024/croutine.o
 .debug_line    0x000018fd      0x1de build/default/debug/_ext/1128951024/list.o
 .debug_line    0x00001adb      0x49f build/default/debug/_ext/1128951024/queue.o
 .debug_line    0x00001f7a      0x855 build/default/debug/_ext/1128951024/tasks.o
 .debug_line    0x000027cf      0x320 build/default/debug/_ext/1128951024/timers.o
 .debug_line    0x00002aef      0x2b9 build/default/debug/_ext/1128951024/event_groups.o
 .debug_line    0x00002da8      0x165 build/default/debug/_ext/1856876499/heap_1.o
 .debug_line    0x00002f0d      0x22e build/default/debug/_ext/12131622/port.o
 .debug_line    0x0000313b      0x102 build/default/debug/_ext/12131622/port_asm.o
 .debug_line    0x0000323d      0x394 build/default/debug/_ext/1360937237/app.o
 .debug_line    0x000035d1      0x332 build/default/debug/_ext/639803181/sys_clk_static.o
 .debug_line    0x00003903      0x2d4 build/default/debug/_ext/822048611/sys_ports_static.o
 .debug_line    0x00003bd7      0x1d7 build/default/debug/_ext/1688732426/system_init.o
 .debug_line    0x00003dae       0x71 build/default/debug/_ext/1688732426/system_interrupt.o
 .debug_line    0x00003e1f       0xe9 build/default/debug/_ext/1688732426/system_exceptions.o
 .debug_line    0x00003f08       0x6f build/default/debug/_ext/1360937237/main.o
 .debug_line    0x00003f77      0x26d build/default/debug/_ext/1688732426/system_tasks.o
 .debug_line    0x000041e4      0x13d build/default/debug/_ext/1688732426/rtos_hooks.o
 .debug_line    0x00004321       0x97 c:/program files (x86)/microchip/xc32/v1.31/bin/../lib/gcc/pic32mx/4.5.2/../../../../pic32mx/lib\libpic32.a(default-bootstrap-exception-handler.o)
 .debug_line    0x000043b8       0x84 c:/program files (x86)/microchip/xc32/v1.31/bin/../lib/gcc/pic32mx/4.5.2/../../../../pic32mx/lib\libpic32.a(default-on-reset.o)
 .debug_line    0x0000443c       0x88 c:/program files (x86)/microchip/xc32/v1.31/bin/../lib/gcc/pic32mx/4.5.2/../../../../pic32mx/lib\libpic32.a(default-on-bootstrap.o)
 .debug_line    0x000044c4       0x96 c:/program files (x86)/microchip/xc32/v1.31/bin/../lib/gcc/pic32mx/4.5.2/../../../../pic32mx/lib\libpic32.a(defaultinterrupt.o)
 .debug_line    0x0000455a       0x8a c:/program files (x86)/microchip/xc32/v1.31/bin/../lib/gcc/pic32mx/4.5.2/../../../../pic32mx/lib\software-debug-break.o

.debug_frame    0x00000000     0x11a8
 *(.debug_frame)
 .debug_frame   0x00000000      0x150 build/default/debug/_ext/24337685/osal_freertos.o
 .debug_frame   0x00000150       0xd8 build/default/debug/_ext/1271179505/sys_devcon.o
 .debug_frame   0x00000228       0x20 build/default/debug/_ext/1271179505/sys_devcon_pic32mx.o
 .debug_frame   0x00000248       0x70 build/default/debug/_ext/122796885/sys_int_pic32.o
 .debug_frame   0x000002b8      0x1d0 build/default/debug/_ext/77319752/sys_ports.o
 .debug_frame   0x00000488       0x60 build/default/debug/_ext/1128951024/list.o
 .debug_frame   0x000004e8      0x234 build/default/debug/_ext/1128951024/queue.o
 .debug_frame   0x0000071c      0x4c4 build/default/debug/_ext/1128951024/tasks.o
 .debug_frame   0x00000be0      0x138 build/default/debug/_ext/1128951024/timers.o
 .debug_frame   0x00000d18      0x124 build/default/debug/_ext/1128951024/event_groups.o
 .debug_frame   0x00000e3c       0x5c build/default/debug/_ext/1856876499/heap_1.o
 .debug_frame   0x00000e98       0xa0 build/default/debug/_ext/12131622/port.o
 .debug_frame   0x00000f38       0x58 build/default/debug/_ext/1360937237/app.o
 .debug_frame   0x00000f90       0x58 build/default/debug/_ext/639803181/sys_clk_static.o
 .debug_frame   0x00000fe8       0x20 build/default/debug/_ext/822048611/sys_ports_static.o
 .debug_frame   0x00001008       0x28 build/default/debug/_ext/1688732426/system_init.o
 .debug_frame   0x00001030       0x20 build/default/debug/_ext/1688732426/system_exceptions.o
 .debug_frame   0x00001050       0x28 build/default/debug/_ext/1360937237/main.o
 .debug_frame   0x00001078       0x58 build/default/debug/_ext/1688732426/system_tasks.o
 .debug_frame   0x000010d0       0x30 build/default/debug/_ext/1688732426/rtos_hooks.o
 .debug_frame   0x00001100       0x28 c:/program files (x86)/microchip/xc32/v1.31/bin/../lib/gcc/pic32mx/4.5.2/../../../../pic32mx/lib\libpic32.a(default-bootstrap-exception-handler.o)
 .debug_frame   0x00001128       0x20 c:/program files (x86)/microchip/xc32/v1.31/bin/../lib/gcc/pic32mx/4.5.2/../../../../pic32mx/lib\libpic32.a(default-on-reset.o)
 .debug_frame   0x00001148       0x20 c:/program files (x86)/microchip/xc32/v1.31/bin/../lib/gcc/pic32mx/4.5.2/../../../../pic32mx/lib\libpic32.a(default-on-bootstrap.o)
 .debug_frame   0x00001168       0x20 c:/program files (x86)/microchip/xc32/v1.31/bin/../lib/gcc/pic32mx/4.5.2/../../../../pic32mx/lib\libpic32.a(defaultinterrupt.o)
 .debug_frame   0x00001188       0x20 c:/program files (x86)/microchip/xc32/v1.31/bin/../lib/gcc/pic32mx/4.5.2/../../../../pic32mx/lib\software-debug-break.o

.debug_str      0x00000000      0x7f0
 *(.debug_str)
 .debug_str     0x00000000       0x40 build/default/debug/_ext/24337685/osal_freertos.o
 .debug_str     0x00000040       0x23 build/default/debug/_ext/1271179505/sys_devcon.o
 .debug_str     0x00000063       0x4f build/default/debug/_ext/1271179505/sys_devcon_pic32mx.o
 .debug_str     0x000000b2       0x2d build/default/debug/_ext/122796885/sys_int_pic32.o
 .debug_str     0x000000df       0x98 build/default/debug/_ext/77319752/sys_ports.o
 .debug_str     0x00000177        0x0 build/default/debug/_ext/1128951024/croutine.o
 .debug_str     0x00000177       0x2b build/default/debug/_ext/1128951024/list.o
 .debug_str     0x000001a2       0xf1 build/default/debug/_ext/1128951024/queue.o
 .debug_str     0x00000293      0x2da build/default/debug/_ext/1128951024/tasks.o
 .debug_str     0x0000056d       0xbf build/default/debug/_ext/1128951024/timers.o
 .debug_str     0x0000062c       0xe6 build/default/debug/_ext/1128951024/event_groups.o
 .debug_str     0x00000712        0x0 build/default/debug/_ext/1856876499/heap_1.o
 .debug_str     0x00000712       0x6a build/default/debug/_ext/12131622/port.o
 .debug_str     0x0000077c       0x17 build/default/debug/_ext/1360937237/app.o
 .debug_str     0x00000793       0x39 build/default/debug/_ext/639803181/sys_clk_static.o
 .debug_str     0x000007cc        0xd build/default/debug/_ext/822048611/sys_ports_static.o
 .debug_str     0x000007d9        0xe build/default/debug/_ext/1688732426/system_init.o
 .debug_str     0x000007e7        0x0 build/default/debug/_ext/1688732426/system_interrupt.o
 .debug_str     0x000007e7        0x0 build/default/debug/_ext/1688732426/system_exceptions.o
 .debug_str     0x000007e7        0x0 build/default/debug/_ext/1360937237/main.o
 .debug_str     0x000007e7        0x0 build/default/debug/_ext/1688732426/system_tasks.o
 .debug_str     0x000007e7        0x9 build/default/debug/_ext/1688732426/rtos_hooks.o
 .debug_str     0x000007f0        0x0 c:/program files (x86)/microchip/xc32/v1.31/bin/../lib/gcc/pic32mx/4.5.2/../../../../pic32mx/lib\libpic32.a(default-bootstrap-exception-handler.o)
 .debug_str     0x000007f0        0x0 c:/program files (x86)/microchip/xc32/v1.31/bin/../lib/gcc/pic32mx/4.5.2/../../../../pic32mx/lib\libpic32.a(default-on-reset.o)
 .debug_str     0x000007f0        0x0 c:/program files (x86)/microchip/xc32/v1.31/bin/../lib/gcc/pic32mx/4.5.2/../../../../pic32mx/lib\libpic32.a(default-on-bootstrap.o)
 .debug_str     0x000007f0        0x0 c:/program files (x86)/microchip/xc32/v1.31/bin/../lib/gcc/pic32mx/4.5.2/../../../../pic32mx/lib\libpic32.a(defaultinterrupt.o)
 .debug_str     0x000007f0        0x0 c:/program files (x86)/microchip/xc32/v1.31/bin/../lib/gcc/pic32mx/4.5.2/../../../../pic32mx/lib\software-debug-break.o

.debug_loc      0x00000000     0x3c6c
 *(.debug_loc)
 .debug_loc     0x00000000      0x393 build/default/debug/_ext/24337685/osal_freertos.o
 .debug_loc     0x00000393       0x6c build/default/debug/_ext/1271179505/sys_devcon.o
 .debug_loc     0x000003ff       0x5f build/default/debug/_ext/1271179505/sys_devcon_pic32mx.o
 .debug_loc     0x0000045e       0x6c build/default/debug/_ext/122796885/sys_int_pic32.o
 .debug_loc     0x000004ca      0xb96 build/default/debug/_ext/77319752/sys_ports.o
 .debug_loc     0x00001060       0x1f build/default/debug/_ext/1128951024/list.o
 .debug_loc     0x0000107f      0xa90 build/default/debug/_ext/1128951024/queue.o
 .debug_loc     0x00001b0f     0x11bc build/default/debug/_ext/1128951024/tasks.o
 .debug_loc     0x00002ccb      0x644 build/default/debug/_ext/1128951024/timers.o
 .debug_loc     0x0000330f      0x709 build/default/debug/_ext/1128951024/event_groups.o
 .debug_loc     0x00003a18       0x51 build/default/debug/_ext/1856876499/heap_1.o
 .debug_loc     0x00003a69       0x66 build/default/debug/_ext/12131622/port.o
 .debug_loc     0x00003acf       0x99 build/default/debug/_ext/1360937237/app.o
 .debug_loc     0x00003b68       0x51 build/default/debug/_ext/639803181/sys_clk_static.o
 .debug_loc     0x00003bb9       0x33 build/default/debug/_ext/1688732426/system_init.o
 .debug_loc     0x00003bec       0x20 build/default/debug/_ext/1360937237/main.o
 .debug_loc     0x00003c0c       0x60 build/default/debug/_ext/1688732426/system_tasks.o

.debug_macinfo
 *(.debug_macinfo)

.debug_weaknames
 *(.debug_weaknames)

.debug_funcnames
 *(.debug_funcnames)

.debug_typenames
 *(.debug_typenames)

.debug_varnames
 *(.debug_varnames)

.debug_pubtypes
                0x00000000     0x10c1
 *(.debug_pubtypes)
 .debug_pubtypes
                0x00000000      0x14e build/default/debug/_ext/24337685/osal_freertos.o
 .debug_pubtypes
                0x0000014e      0x14b build/default/debug/_ext/1271179505/sys_devcon.o
 .debug_pubtypes
                0x00000299       0xcb build/default/debug/_ext/1271179505/sys_devcon_pic32mx.o
 .debug_pubtypes
                0x00000364       0xc5 build/default/debug/_ext/122796885/sys_int_pic32.o
 .debug_pubtypes
                0x00000429      0x1d0 build/default/debug/_ext/77319752/sys_ports.o
 .debug_pubtypes
                0x000005f9       0x12 build/default/debug/_ext/1128951024/croutine.o
 .debug_pubtypes
                0x0000060b       0x9a build/default/debug/_ext/1128951024/list.o
 .debug_pubtypes
                0x000006a5      0x128 build/default/debug/_ext/1128951024/queue.o
 .debug_pubtypes
                0x000007cd      0x197 build/default/debug/_ext/1128951024/tasks.o
 .debug_pubtypes
                0x00000964      0x18e build/default/debug/_ext/1128951024/timers.o
 .debug_pubtypes
                0x00000af2       0xfb build/default/debug/_ext/1128951024/event_groups.o
 .debug_pubtypes
                0x00000bed       0x3a build/default/debug/_ext/1856876499/heap_1.o
 .debug_pubtypes
                0x00000c27       0xb7 build/default/debug/_ext/12131622/port.o
 .debug_pubtypes
                0x00000cde       0xf7 build/default/debug/_ext/1360937237/app.o
 .debug_pubtypes
                0x00000dd5      0x109 build/default/debug/_ext/639803181/sys_clk_static.o
 .debug_pubtypes
                0x00000ede       0x84 build/default/debug/_ext/822048611/sys_ports_static.o
 .debug_pubtypes
                0x00000f62       0x7e build/default/debug/_ext/1688732426/system_init.o
 .debug_pubtypes
                0x00000fe0       0x12 build/default/debug/_ext/1688732426/system_interrupt.o
 .debug_pubtypes
                0x00000ff2       0x12 build/default/debug/_ext/1688732426/system_exceptions.o
 .debug_pubtypes
                0x00001004       0x12 build/default/debug/_ext/1360937237/main.o
 .debug_pubtypes
                0x00001016       0x79 build/default/debug/_ext/1688732426/system_tasks.o
 .debug_pubtypes
                0x0000108f       0x32 build/default/debug/_ext/1688732426/rtos_hooks.o

.debug_ranges
 *(.debug_ranges)

.gnu.attributes
                0x00000000       0x10
 *(.gnu.attributes)
 .gnu.attributes
                0x00000000       0x10 build/default/debug/_ext/24337685/osal_freertos.o
 .gnu.attributes
                0x00000010       0x10 build/default/debug/_ext/1271179505/sys_devcon.o
 .gnu.attributes
                0x00000020       0x10 build/default/debug/_ext/1271179505/sys_devcon_pic32mx.o
 .gnu.attributes
                0x00000030       0x10 build/default/debug/_ext/122796885/sys_int_pic32.o
 .gnu.attributes
                0x00000040       0x10 build/default/debug/_ext/77319752/sys_ports.o
 .gnu.attributes
                0x00000050       0x10 build/default/debug/_ext/1128951024/croutine.o
 .gnu.attributes
                0x00000060       0x10 build/default/debug/_ext/1128951024/list.o
 .gnu.attributes
                0x00000070       0x10 build/default/debug/_ext/1128951024/queue.o
 .gnu.attributes
                0x00000080       0x10 build/default/debug/_ext/1128951024/tasks.o
 .gnu.attributes
                0x00000090       0x10 build/default/debug/_ext/1128951024/timers.o
 .gnu.attributes
                0x000000a0       0x10 build/default/debug/_ext/1128951024/event_groups.o
 .gnu.attributes
                0x000000b0       0x10 build/default/debug/_ext/1856876499/heap_1.o
 .gnu.attributes
                0x000000c0       0x10 build/default/debug/_ext/12131622/port.o
 .gnu.attributes
                0x000000d0       0x10 build/default/debug/_ext/1360937237/app.o
 .gnu.attributes
                0x000000e0       0x10 build/default/debug/_ext/639803181/sys_clk_static.o
 .gnu.attributes
                0x000000f0       0x10 build/default/debug/_ext/822048611/sys_ports_static.o
 .gnu.attributes
                0x00000100       0x10 build/default/debug/_ext/1688732426/system_init.o
 .gnu.attributes
                0x00000110       0x10 build/default/debug/_ext/1688732426/system_interrupt.o
 .gnu.attributes
                0x00000120       0x10 build/default/debug/_ext/1688732426/system_exceptions.o
 .gnu.attributes
                0x00000130       0x10 build/default/debug/_ext/1360937237/main.o
 .gnu.attributes
                0x00000140       0x10 build/default/debug/_ext/1688732426/system_tasks.o
 .gnu.attributes
                0x00000150       0x10 build/default/debug/_ext/1688732426/rtos_hooks.o
 .gnu.attributes
                0x00000160       0x10 c:/program files (x86)/microchip/xc32/v1.31/bin/../lib/gcc/pic32mx/4.5.2/../../../../pic32mx/lib\libpic32.a(default-bootstrap-exception-handler.o)
 .gnu.attributes
                0x00000170       0x10 c:/program files (x86)/microchip/xc32/v1.31/bin/../lib/gcc/pic32mx/4.5.2/../../../../pic32mx/lib\libpic32.a(default-on-reset.o)
 .gnu.attributes
                0x00000180       0x10 c:/program files (x86)/microchip/xc32/v1.31/bin/../lib/gcc/pic32mx/4.5.2/../../../../pic32mx/lib\libpic32.a(default-on-bootstrap.o)
 .gnu.attributes
                0x00000190       0x10 c:/program files (x86)/microchip/xc32/v1.31/bin/../lib/gcc/pic32mx/4.5.2/../../../../pic32mx/lib\libpic32.a(defaultinterrupt.o)
 .gnu.attributes
                0x000001a0       0x10 c:/program files (x86)/microchip/xc32/v1.31/bin/../lib/gcc/pic32mx/4.5.2/../../../../pic32mx/lib\software-debug-break.o
LOAD c:/program files (x86)/microchip/xc32/v1.31/bin/../lib/gcc/pic32mx/4.5.2\libgcc.a
START GROUP
LOAD c:/program files (x86)/microchip/xc32/v1.31/bin/../lib/gcc/pic32mx/4.5.2/../../../../pic32mx/lib\libpic32.a
LOAD c:/program files (x86)/microchip/xc32/v1.31/bin/../lib/gcc/pic32mx/4.5.2/../../../../pic32mx/lib\libdebug.a
LOAD c:/program files (x86)/microchip/xc32/v1.31/bin/../lib/gcc/pic32mx/4.5.2/../../../../pic32mx/lib\libm.a
LOAD c:/program files (x86)/microchip/xc32/v1.31/bin/../lib/gcc/pic32mx/4.5.2/../../../../pic32mx/lib\libe.a
LOAD c:/program files (x86)/microchip/xc32/v1.31/bin/../lib/gcc/pic32mx/4.5.2/../../../../pic32mx/lib\libdsp.a
LOAD c:/program files (x86)/microchip/xc32/v1.31/bin/../lib/gcc/pic32mx/4.5.2\libgcc.a
LOAD c:/program files (x86)/microchip/xc32/v1.31/bin/../lib/gcc/pic32mx/4.5.2/../../../../pic32mx/lib\libpic32.a
LOAD c:/program files (x86)/microchip/xc32/v1.31/bin/../lib/gcc/pic32mx/4.5.2/../../../../pic32mx/lib\libc.a
LOAD c:/program files (x86)/microchip/xc32/v1.31/bin/../lib/gcc/pic32mx/4.5.2/../../../../pic32mx/lib\libpic32.a
END GROUP
LOAD c:/program files (x86)/microchip/xc32/v1.31/bin/../lib/gcc/pic32mx/4.5.2\libgcc.a
LOAD c:/program files (x86)/microchip/xc32/v1.31/bin/../lib/gcc/pic32mx/4.5.2/../../../../pic32mx/lib\software-debug-break.o
OUTPUT(dist/default/debug/Embedded.X.debug.elf elf32-tradlittlemips)
LOAD stack
LOAD data_init

.reginfo        0x00000000       0x18
 .reginfo       0x00000000       0x18 c:/program files (x86)/microchip/xc32/v1.31/bin/../lib/gcc/pic32mx/4.5.2/../../../../pic32mx/lib/./proc/32MX795F512L/crt0_mips32r2.o

.stack          0xa00059e8      0x400
 .stack         0xa00059e8      0x400 stack

.bss            0xa000034c     0x5668
 .bss           0xa000034c     0x5000 build/default/debug/_ext/1856876499/heap_1.o
 .bss           0xa000534c      0x640 build/default/debug/_ext/12131622/port.o
                0xa000534c                xISRStack
 .bss           0xa000598c       0x28 build/default/debug/_ext/1128951024/timers.o

.data           0xa00059b4       0x14
 .data          0xa00059b4       0x14 build/default/debug/_ext/1360937237/app.o
                0xa00059b4                name

.text           0x9d000000      0x454
 .text          0x9d000000      0x454 build/default/debug/_ext/12131622/port_asm.o
                0x9d000000                vPortTickInterruptHandler
                0x9d0001ac                vPortStartFirstTask
                0x9d000274                vPortYieldISR

.text.xQueueGenericReceive
                0x9d000454      0x258
 .text.xQueueGenericReceive
                0x9d000454      0x258 build/default/debug/_ext/1128951024/queue.o
                0x9d000454                xQueueGenericReceive

.text.prvTimerTask
                0x9d0006ac      0x248
 .text.prvTimerTask
                0x9d0006ac      0x248 build/default/debug/_ext/1128951024/timers.o

.text.xQueueGenericSend
                0x9d0008f4      0x20c
 .text.xQueueGenericSend
                0x9d0008f4      0x20c build/default/debug/_ext/1128951024/queue.o
                0x9d0008f4                xQueueGenericSend

.text.xTaskGenericCreate
                0x9d000b00      0x1b4
 .text.xTaskGenericCreate
                0x9d000b00      0x1b4 build/default/debug/_ext/1128951024/tasks.o
                0x9d000b00                xTaskGenericCreate

.text.xTaskIncrementTick
                0x9d000cb4      0x168
 .text.xTaskIncrementTick
                0x9d000cb4      0x168 build/default/debug/_ext/1128951024/tasks.o
                0x9d000cb4                xTaskIncrementTick

.text           0x9d000e1c      0x168
 .text          0x9d000e1c      0x168 c:/program files (x86)/microchip/xc32/v1.31/bin/../lib/gcc/pic32mx/4.5.2/../../../../pic32mx/lib\libpic32.a(memcpy.o)
                0x9d000e1c                memcpy

.text.xTaskResumeAll
                0x9d000f84      0x15c
 .text.xTaskResumeAll
                0x9d000f84      0x15c build/default/debug/_ext/1128951024/tasks.o
                0x9d000f84                xTaskResumeAll

.text.vTaskPriorityInherit
                0x9d0010e0      0x12c
 .text.vTaskPriorityInherit
                0x9d0010e0      0x12c build/default/debug/_ext/1128951024/tasks.o
                0x9d0010e0                vTaskPriorityInherit

.rodata         0x9d00120c      0x128
 .rodata        0x9d00120c      0x128 build/default/debug/_ext/1688732426/system_exceptions.o

.text.vTaskSwitchContext
                0x9d001334      0x124
 .text.vTaskSwitchContext
                0x9d001334      0x124 build/default/debug/_ext/1128951024/tasks.o
                0x9d001334                vTaskSwitchContext

.text.prvSampleTimeNow
                0x9d001458      0x10c
 .text.prvSampleTimeNow
                0x9d001458      0x10c build/default/debug/_ext/1128951024/timers.o

.text.prvUnlockQueue
                0x9d001564      0x104
 .text.prvUnlockQueue
                0x9d001564      0x104 build/default/debug/_ext/1128951024/queue.o

.text.prvCopyDataToQueue
                0x9d001668       0xfc
 .text.prvCopyDataToQueue
                0x9d001668       0xfc build/default/debug/_ext/1128951024/queue.o

.text.xTaskPriorityDisinherit
                0x9d001764       0xf4
 .text.xTaskPriorityDisinherit
                0x9d001764       0xf4 build/default/debug/_ext/1128951024/tasks.o
                0x9d001764                xTaskPriorityDisinherit

.text.xQueueGenericSendFromISR
                0x9d001858       0xe0
 .text.xQueueGenericSendFromISR
                0x9d001858       0xe0 build/default/debug/_ext/1128951024/queue.o
                0x9d001858                xQueueGenericSendFromISR

.text.general_exception
                0x9d001938       0xdc
 .text.general_exception
                0x9d001938       0xdc c:/program files (x86)/microchip/xc32/v1.31/bin/../lib/gcc/pic32mx/4.5.2/../../../../pic32mx/lib\libpic32.a(general-exception.o)
                0x9d001938                _general_exception_context

.text.SYS_DEVCON_PerformanceConfig
                0x9d001a14       0xd0
 .text.SYS_DEVCON_PerformanceConfig
                0x9d001a14       0xd0 build/default/debug/_ext/1271179505/sys_devcon_pic32mx.o
                0x9d001a14                SYS_DEVCON_PerformanceConfig

.text.xQueueGenericReset
                0x9d001ae4       0xc8
 .text.xQueueGenericReset
                0x9d001ae4       0xc8 build/default/debug/_ext/1128951024/queue.o
                0x9d001ae4                xQueueGenericReset

.dinit          0x9d001bac       0xc0
 .dinit         0x9d001bac       0xc0 data_init

.text.xTaskRemoveFromEventList
                0x9d001c6c       0xbc
 .text.xTaskRemoveFromEventList
                0x9d001c6c       0xbc build/default/debug/_ext/1128951024/tasks.o
                0x9d001c6c                xTaskRemoveFromEventList

.text.pvPortMalloc
                0x9d001d28       0xb4
 .text.pvPortMalloc
                0x9d001d28       0xb4 build/default/debug/_ext/1856876499/heap_1.o
                0x9d001d28                pvPortMalloc

.text.prvInitialiseTCBVariables
                0x9d001ddc       0xb0
 .text.prvInitialiseTCBVariables
                0x9d001ddc       0xb0 build/default/debug/_ext/1128951024/tasks.o
                0x9d001ddc                prvInitialiseTCBVariables

.text.prvInitialiseTaskLists
                0x9d001e8c       0xa8
 .text.prvInitialiseTaskLists
                0x9d001e8c       0xa8 build/default/debug/_ext/1128951024/tasks.o
                0x9d001e8c                prvInitialiseTaskLists

.text           0x9d001f34       0xa8
 .text          0x9d001f34       0xa8 c:/program files (x86)/microchip/xc32/v1.31/bin/../lib/gcc/pic32mx/4.5.2/../../../../pic32mx/lib\libpic32.a(memset.o)
                0x9d001f34                memset

.text.xTaskCheckForTimeOut
                0x9d001fdc       0xa0
 .text.xTaskCheckForTimeOut
                0x9d001fdc       0xa0 build/default/debug/_ext/1128951024/tasks.o
                0x9d001fdc                xTaskCheckForTimeOut

.text           0x9d00207c       0x98
 .text          0x9d00207c       0x98 c:/program files (x86)/microchip/xc32/v1.31/bin/../lib/gcc/pic32mx/4.5.2/../../../../pic32mx/lib\libpic32.a(memcmp.o)
                0x9d00207c                memcmp

.text.vTaskPlaceOnEventList
                0x9d002114       0x94
 .text.vTaskPlaceOnEventList
                0x9d002114       0x94 build/default/debug/_ext/1128951024/tasks.o
                0x9d002114                vTaskPlaceOnEventList

.text.vTaskDelay
                0x9d0021a8       0x90
 .text.vTaskDelay
                0x9d0021a8       0x90 build/default/debug/_ext/1128951024/tasks.o
                0x9d0021a8                vTaskDelay

.text.prvCheckTasksWaitingTermination
                0x9d002238       0x90
 .text.prvCheckTasksWaitingTermination
                0x9d002238       0x90 build/default/debug/_ext/1128951024/tasks.o
                0x9d002238                prvCheckTasksWaitingTermination

.text.vTaskStartScheduler
                0x9d0022c8       0x90
 .text.vTaskStartScheduler
                0x9d0022c8       0x90 build/default/debug/_ext/1128951024/tasks.o
                0x9d0022c8                vTaskStartScheduler

.text.xTimerCreate
                0x9d002358       0x90
 .text.xTimerCreate
                0x9d002358       0x90 build/default/debug/_ext/1128951024/timers.o
                0x9d002358                xTimerCreate

.text.xTimerGenericCommand
                0x9d0023e8       0x8c
 .text.xTimerGenericCommand
                0x9d0023e8       0x8c build/default/debug/_ext/1128951024/timers.o
                0x9d0023e8                xTimerGenericCommand

.text.APP_Initialize
                0x9d002474       0x88
 .text.APP_Initialize
                0x9d002474       0x88 build/default/debug/_ext/1360937237/app.o
                0x9d002474                APP_Initialize

.text.xQueueGenericCreate
                0x9d0024fc       0x84
 .text.xQueueGenericCreate
                0x9d0024fc       0x84 build/default/debug/_ext/1128951024/queue.o
                0x9d0024fc                xQueueGenericCreate

.text.prvAllocateTCBAndStack
                0x9d002580       0x84
 .text.prvAllocateTCBAndStack
                0x9d002580       0x84 build/default/debug/_ext/1128951024/tasks.o
                0x9d002580                prvAllocateTCBAndStack

.text.SYS_CLK_Initialize
                0x9d002604       0x84
 .text.SYS_CLK_Initialize
                0x9d002604       0x84 build/default/debug/_ext/639803181/sys_clk_static.o
                0x9d002604                SYS_CLK_Initialize

.text.SYS_Tasks
                0x9d002688       0x80
 .text.SYS_Tasks
                0x9d002688       0x80 build/default/debug/_ext/1688732426/system_tasks.o
                0x9d002688                SYS_Tasks

.text.vQueueWaitForMessageRestricted
                0x9d002708       0x74
 .text.vQueueWaitForMessageRestricted
                0x9d002708       0x74 build/default/debug/_ext/1128951024/queue.o
                0x9d002708                vQueueWaitForMessageRestricted

.text.prvCheckForValidListAndQueue
                0x9d00277c       0x74
 .text.prvCheckForValidListAndQueue
                0x9d00277c       0x74 build/default/debug/_ext/1128951024/timers.o

.text.prvInsertTimerInActiveList
                0x9d0027f0       0x74
 .text.prvInsertTimerInActiveList
                0x9d0027f0       0x74 build/default/debug/_ext/1128951024/timers.o

.text.prvAddCurrentTaskToDelayedList
                0x9d002864       0x70
 .text.prvAddCurrentTaskToDelayedList
                0x9d002864       0x70 build/default/debug/_ext/1128951024/tasks.o
                0x9d002864                prvAddCurrentTaskToDelayedList

.text.vTaskPlaceOnEventListRestricted
                0x9d0028d4       0x6c
 .text.vTaskPlaceOnEventListRestricted
                0x9d0028d4       0x6c build/default/debug/_ext/1128951024/tasks.o
                0x9d0028d4                vTaskPlaceOnEventListRestricted

.text.vApplicationSetupTickTimerInterrupt
                0x9d002940       0x6c
 .text.vApplicationSetupTickTimerInterrupt
                0x9d002940       0x6c build/default/debug/_ext/12131622/port.o
                0x9d002940                vApplicationSetupTickTimerInterrupt

.text.xPortStartScheduler
                0x9d0029ac       0x6c
 .text.xPortStartScheduler
                0x9d0029ac       0x6c build/default/debug/_ext/12131622/port.o
                0x9d0029ac                xPortStartScheduler

.text.vTaskExitCritical
                0x9d002a18       0x5c
 .text.vTaskExitCritical
                0x9d002a18       0x5c build/default/debug/_ext/1128951024/tasks.o
                0x9d002a18                vTaskExitCritical

.text.SYS_Initialize
                0x9d002a74       0x5c
 .text.SYS_Initialize
                0x9d002a74       0x5c build/default/debug/_ext/1688732426/system_init.o
                0x9d002a74                SYS_Initialize

.text.xTimerCreateTimerTask
                0x9d002ad0       0x58
 .text.xTimerCreateTimerTask
                0x9d002ad0       0x58 build/default/debug/_ext/1128951024/timers.o
                0x9d002ad0                xTimerCreateTimerTask

.text.vListInsert
                0x9d002b28       0x54
 .text.vListInsert
                0x9d002b28       0x54 build/default/debug/_ext/1128951024/list.o
                0x9d002b28                vListInsert

.text.vPortIncrementTick
                0x9d002b7c       0x54
 .text.vPortIncrementTick
                0x9d002b7c       0x54 build/default/debug/_ext/12131622/port.o
                0x9d002b7c                vPortIncrementTick

.text.vTimerCallback
                0x9d002bd0       0x50
 .text.vTimerCallback
                0x9d002bd0       0x50 build/default/debug/_ext/1360937237/app.o
                0x9d002bd0                vTimerCallback

.text.APP_Tasks
                0x9d002c20       0x50
 .text.APP_Tasks
                0x9d002c20       0x50 build/default/debug/_ext/1360937237/app.o
                0x9d002c20                APP_Tasks

.text.main_entry
                0x9d002c70       0x4c
 .text.main_entry
                0x9d002c70       0x4c c:/program files (x86)/microchip/xc32/v1.31/bin/../lib/gcc/pic32mx/4.5.2/../../../../pic32mx/lib/./proc/32MX795F512L/crt0_mips32r2.o
                0x9d002c9c                __crt0_exit

.text.SYS_DEVCON_SystemUnlock
                0x9d002cbc       0x4c
 .text.SYS_DEVCON_SystemUnlock
                0x9d002cbc       0x4c build/default/debug/_ext/1271179505/sys_devcon.o
                0x9d002cbc                SYS_DEVCON_SystemUnlock

.text.prvCopyDataFromQueue
                0x9d002d08       0x4c
 .text.prvCopyDataFromQueue
                0x9d002d08       0x4c build/default/debug/_ext/1128951024/queue.o

.text.uxListRemove
                0x9d002d54       0x44
 .text.uxListRemove
                0x9d002d54       0x44 build/default/debug/_ext/1128951024/list.o
                0x9d002d54                uxListRemove

.text.vTaskEnterCritical
                0x9d002d98       0x44
 .text.vTaskEnterCritical
                0x9d002d98       0x44 build/default/debug/_ext/1128951024/tasks.o
                0x9d002d98                vTaskEnterCritical

.text.pxPortInitialiseStack
                0x9d002ddc       0x44
 .text.pxPortInitialiseStack
                0x9d002ddc       0x44 build/default/debug/_ext/12131622/port.o
                0x9d002ddc                pxPortInitialiseStack

.text           0x9d002e20       0x44
 .text          0x9d002e20       0x44 c:/program files (x86)/microchip/xc32/v1.31/bin/../lib/gcc/pic32mx/4.5.2/../../../../pic32mx/lib\libpic32.a(pic32_software_reset.o)
                0x9d002e20                __pic32_software_reset

.text.prvIdleTask
                0x9d002e64       0x40
 .text.prvIdleTask
                0x9d002e64       0x40 build/default/debug/_ext/1128951024/tasks.o
                0x9d002e64                prvIdleTask

.text.SYS_DEVCON_SystemLock
                0x9d002ea4       0x3c
 .text.SYS_DEVCON_SystemLock
                0x9d002ea4       0x3c build/default/debug/_ext/1271179505/sys_devcon.o
                0x9d002ea4                SYS_DEVCON_SystemLock

.text.prvResetNextTaskUnblockTime
                0x9d002ee0       0x38
 .text.prvResetNextTaskUnblockTime
                0x9d002ee0       0x38 build/default/debug/_ext/1128951024/tasks.o
                0x9d002ee0                prvResetNextTaskUnblockTime

.text._general_exception_handler
                0x9d002f18       0x38
 .text._general_exception_handler
                0x9d002f18       0x38 build/default/debug/_ext/1688732426/system_exceptions.o
                0x9d002f18                _general_exception_handler

.text._bootstrap_exception_handler
                0x9d002f50       0x38
 .text._bootstrap_exception_handler
                0x9d002f50       0x38 c:/program files (x86)/microchip/xc32/v1.31/bin/../lib/gcc/pic32mx/4.5.2/../../../../pic32mx/lib\libpic32.a(default-bootstrap-exception-handler.o)
                0x9d002f50                _bootstrap_exception_handler

.text.vListInsertEnd
                0x9d002f88       0x30
 .text.vListInsertEnd
                0x9d002f88       0x30 build/default/debug/_ext/1128951024/list.o
                0x9d002f88                vListInsertEnd

.text.prvDeleteTCB
                0x9d002fb8       0x30
 .text.prvDeleteTCB
                0x9d002fb8       0x30 build/default/debug/_ext/1128951024/tasks.o
                0x9d002fb8                prvDeleteTCB

.text.uxPortSetInterruptMaskFromISR
                0x9d002fe8       0x30
 .text.uxPortSetInterruptMaskFromISR
                0x9d002fe8       0x30 build/default/debug/_ext/12131622/port.o
                0x9d002fe8                uxPortSetInterruptMaskFromISR

.text.SYS_PORTS_Initialize
                0x9d003018       0x30
 .text.SYS_PORTS_Initialize
                0x9d003018       0x30 build/default/debug/_ext/822048611/sys_ports_static.o
                0x9d003018                SYS_PORTS_Initialize

.vector_default
                0x9d003048       0x30
 .vector_default
                0x9d003048       0x30 c:/program files (x86)/microchip/xc32/v1.31/bin/../lib/gcc/pic32mx/4.5.2/../../../../pic32mx/lib\libpic32.a(defaultinterrupt.o)
                0x9d003048                _DefaultInterrupt

.text.pvTaskIncrementMutexHeldCount
                0x9d003078       0x28
 .text.pvTaskIncrementMutexHeldCount