Archive member included because of file (symbol)

c:/program files (x86)/microchip/xc32/v1.31/bin/../lib/gcc/pic32mx/4.5.2/../../../../pic32mx/lib\libpic32.a(memcmp.o)
                              build/default/production/_ext/1128951024/tasks.o (memcmp)
c:/program files (x86)/microchip/xc32/v1.31/bin/../lib/gcc/pic32mx/4.5.2/../../../../pic32mx/lib\libpic32.a(memcpy.o)
                              build/default/production/_ext/1128951024/queue.o (memcpy)
c:/program files (x86)/microchip/xc32/v1.31/bin/../lib/gcc/pic32mx/4.5.2/../../../../pic32mx/lib\libpic32.a(memset.o)
                              build/default/production/_ext/1128951024/tasks.o (memset)
c:/program files (x86)/microchip/xc32/v1.31/bin/../lib/gcc/pic32mx/4.5.2/../../../../pic32mx/lib\libpic32.a(default-bootstrap-exception-handler.o)
                              c:/program files (x86)/microchip/xc32/v1.31/bin/../lib/gcc/pic32mx/4.5.2/../../../../pic32mx/lib/./proc/32MX795F512L/crt0_mips32r2.o (_bootstrap_exception_handler)
c:/program files (x86)/microchip/xc32/v1.31/bin/../lib/gcc/pic32mx/4.5.2/../../../../pic32mx/lib\libpic32.a(default-on-reset.o)
                              c:/program files (x86)/microchip/xc32/v1.31/bin/../lib/gcc/pic32mx/4.5.2/../../../../pic32mx/lib/./proc/32MX795F512L/crt0_mips32r2.o (_on_reset)
c:/program files (x86)/microchip/xc32/v1.31/bin/../lib/gcc/pic32mx/4.5.2/../../../../pic32mx/lib\libpic32.a(default-on-bootstrap.o)
                              c:/program files (x86)/microchip/xc32/v1.31/bin/../lib/gcc/pic32mx/4.5.2/../../../../pic32mx/lib/./proc/32MX795F512L/crt0_mips32r2.o (_on_bootstrap)
c:/program files (x86)/microchip/xc32/v1.31/bin/../lib/gcc/pic32mx/4.5.2/../../../../pic32mx/lib\libpic32.a(default-nmi-handler.o)
                              c:/program files (x86)/microchip/xc32/v1.31/bin/../lib/gcc/pic32mx/4.5.2/../../../../pic32mx/lib/./proc/32MX795F512L/crt0_mips32r2.o (_nmi_handler)
c:/program files (x86)/microchip/xc32/v1.31/bin/../lib/gcc/pic32mx/4.5.2/../../../../pic32mx/lib\libpic32.a(pic32_software_reset.o)
                              c:/program files (x86)/microchip/xc32/v1.31/bin/../lib/gcc/pic32mx/4.5.2/../../../../pic32mx/lib\libpic32.a(default-bootstrap-exception-handler.o) (__pic32_software_reset)
c:/program files (x86)/microchip/xc32/v1.31/bin/../lib/gcc/pic32mx/4.5.2/../../../../pic32mx/lib\libpic32.a(general-exception.o)
                              c:/program files (x86)/microchip/xc32/v1.31/bin/../lib/gcc/pic32mx/4.5.2/../../../../pic32mx/lib/./proc/32MX795F512L/crt0_mips32r2.o (_general_exception_context)
c:/program files (x86)/microchip/xc32/v1.31/bin/../lib/gcc/pic32mx/4.5.2/../../../../pic32mx/lib\libpic32.a(vector0.o)
                              c:/program files (x86)/microchip/xc32/v1.31/bin/../lib/gcc/pic32mx/4.5.2/../../../../pic32mx/lib/./proc/32MX795F512L\default_isr_vectors.o (__vector_dispatch_0)
c:/program files (x86)/microchip/xc32/v1.31/bin/../lib/gcc/pic32mx/4.5.2/../../../../pic32mx/lib\libpic32.a(vector2.o)
                              c:/program files (x86)/microchip/xc32/v1.31/bin/../lib/gcc/pic32mx/4.5.2/../../../../pic32mx/lib/./proc/32MX795F512L\default_isr_vectors.o (__vector_dispatch_2)
c:/program files (x86)/microchip/xc32/v1.31/bin/../lib/gcc/pic32mx/4.5.2/../../../../pic32mx/lib\libpic32.a(vector3.o)
                              c:/program files (x86)/microchip/xc32/v1.31/bin/../lib/gcc/pic32mx/4.5.2/../../../../pic32mx/lib/./proc/32MX795F512L\default_isr_vectors.o (__vector_dispatch_3)
c:/program files (x86)/microchip/xc32/v1.31/bin/../lib/gcc/pic32mx/4.5.2/../../../../pic32mx/lib\libpic32.a(vector5.o)
                              c:/program files (x86)/microchip/xc32/v1.31/bin/../lib/gcc/pic32mx/4.5.2/../../../../pic32mx/lib/./proc/32MX795F512L\default_isr_vectors.o (__vector_dispatch_5)
c:/program files (x86)/microchip/xc32/v1.31/bin/../lib/gcc/pic32mx/4.5.2/../../../../pic32mx/lib\libpic32.a(vector6.o)
                              c:/program files (x86)/microchip/xc32/v1.31/bin/../lib/gcc/pic32mx/4.5.2/../../../../pic32mx/lib/./proc/32MX795F512L\default_isr_vectors.o (__vector_dispatch_6)
c:/program files (x86)/microchip/xc32/v1.31/bin/../lib/gcc/pic32mx/4.5.2/../../../../pic32mx/lib\libpic32.a(vector7.o)
                              c:/program files (x86)/microchip/xc32/v1.31/bin/../lib/gcc/pic32mx/4.5.2/../../../../pic32mx/lib/./proc/32MX795F512L\default_isr_vectors.o (__vector_dispatch_7)
c:/program files (x86)/microchip/xc32/v1.31/bin/../lib/gcc/pic32mx/4.5.2/../../../../pic32mx/lib\libpic32.a(vector8.o)
                              c:/program files (x86)/microchip/xc32/v1.31/bin/../lib/gcc/pic32mx/4.5.2/../../../../pic32mx/lib/./proc/32MX795F512L\default_isr_vectors.o (__vector_dispatch_8)
c:/program files (x86)/microchip/xc32/v1.31/bin/../lib/gcc/pic32mx/4.5.2/../../../../pic32mx/lib\libpic32.a(vector9.o)
[...]
Memory Configuration

Name             Origin             Length             Attributes
kseg0_program_mem 0x9d000000         0x00080000         xr
kseg0_boot_mem   0x9fc00490         0x00000970
exception_mem    0x9fc01000         0x00001000
kseg1_boot_mem   0xbfc00000         0x00000490
debug_exec_mem   0xbfc02000         0x00000ff0
config3          0xbfc02ff0         0x00000004
config2          0xbfc02ff4         0x00000004
config1          0xbfc02ff8         0x00000004
config0          0xbfc02ffc         0x00000004
kseg1_data_mem   0xa0000000         0x00020000         w !x
sfrs             0xbf800000         0x00100000
configsfrs       0xbfc02ff0         0x00000010
*default*        0x00000000         0xffffffff

Linker script and memory map

LOAD c:/program files (x86)/microchip/xc32/v1.31/bin/../lib/gcc/pic32mx/4.5.2/../../../../pic32mx/lib/./proc/32MX795F512L/crt0_mips32r2.o
LOAD build/default/production/_ext/24337685/osal_freertos.o
LOAD build/default/production/_ext/1271179505/sys_devcon.o
LOAD build/default/production/_ext/1271179505/sys_devcon_pic32mx.o
LOAD build/default/production/_ext/122796885/sys_int_pic32.o
LOAD build/default/production/_ext/77319752/sys_ports.o
LOAD build/default/production/_ext/1128951024/croutine.o
LOAD build/default/production/_ext/1128951024/list.o
LOAD build/default/production/_ext/1128951024/queue.o
LOAD build/default/production/_ext/1128951024/tasks.o
LOAD build/default/production/_ext/1128951024/timers.o
LOAD build/default/production/_ext/1128951024/event_groups.o
LOAD build/default/production/_ext/1856876499/heap_1.o
LOAD build/default/production/_ext/12131622/port.o
LOAD build/default/production/_ext/12131622/port_asm.o
LOAD build/default/production/_ext/1360937237/app.o
LOAD build/default/production/_ext/639803181/sys_clk_static.o
LOAD build/default/production/_ext/822048611/sys_ports_static.o
LOAD build/default/production/_ext/1688732426/system_init.o
LOAD build/default/production/_ext/1688732426/system_interrupt.o
LOAD build/default/production/_ext/1688732426/system_exceptions.o
LOAD build/default/production/_ext/1360937237/main.o
LOAD build/default/production/_ext/1688732426/system_tasks.o
LOAD build/default/production/_ext/1688732426/system_interrupt_a.o
LOAD build/default/production/_ext/1688732426/rtos_hooks.o
LOAD ..\..\..\..\bin\framework\peripheral\PIC32MX795F512L_peripherals.a
                0x00000001                __MPLAB_BUILD = 0x1
                0x00000000                _min_heap_size = 0x0
LOAD c:/program files (x86)/microchip/xc32/v1.31/bin/../lib/gcc/pic32mx/4.5.2/../../../../pic32mx/lib/./proc/32MX795F512L\default_isr_vectors.o
                0x00000400                PROVIDE (_min_stack_size, 0x400)
LOAD c:/program files (x86)/microchip/xc32/v1.31/bin/../lib/gcc/pic32mx/4.5.2/../../../../pic32mx/lib/./proc/32MX795F512L\processor.o
START GROUP
LOAD c:/program files (x86)/microchip/xc32/v1.31/bin/../lib/gcc/pic32mx/4.5.2/../../../../pic32mx/lib\libmchp_peripheral.a
END GROUP
START GROUP
LOAD c:/program files (x86)/microchip/xc32/v1.31/bin/../lib/gcc/pic32mx/4.5.2/../../../../pic32mx/lib\libmchp_peripheral_32MX795F512L.a
END GROUP
                0x00000001                PROVIDE (_vector_spacing, 0x1)
                0x9fc01000                _ebase_address = 0x9fc01000
                0xbfc00000                _RESET_ADDR = 0xbfc00000
                0xbfc00380                _BEV_EXCPT_ADDR = 0xbfc00380
                0xbfc00480                _DBG_EXCPT_ADDR = 0xbfc00480
                0xbfc02000                _DBG_CODE_ADDR = 0xbfc02000
                0x00000ff0                _DBG_CODE_SIZE = 0xff0
                0x9fc01180                _GEN_EXCPT_ADDR = (_ebase_address + 0x180)

.config_BFC02FF0
                0xbfc02ff0        0x4
 *(.config_BFC02FF0)
 .config_BFC02FF0
                0xbfc02ff0        0x4 build/default/production/_ext/1688732426/system_init.o

.config_BFC02FF4
                0xbfc02ff4        0x4
 *(.config_BFC02FF4)
 .config_BFC02FF4
                0xbfc02ff4        0x4 build/default/production/_ext/1688732426/system_init.o

.config_BFC02FF8
                0xbfc02ff8        0x4
 *(.config_BFC02FF8)
 .config_BFC02FF8
                0xbfc02ff8        0x4 build/default/production/_ext/1688732426/system_init.o

.config_BFC02FFC
                0xbfc02ffc        0x4
 *(.config_BFC02FFC)
 .config_BFC02FFC
                0xbfc02ffc        0x4 build/default/production/_ext/1688732426/system_init.o
                0xbfc02000                PROVIDE (_DBG_CODE_ADDR, 0xbfc02000)
                0x00000ff0                PROVIDE (_DBG_CODE_SIZE, 0xff0)

.reset          0xbfc00000      0x1e8
 *(.reset)
 .reset         0xbfc00000      0x1e8 c:/program files (x86)/microchip/xc32/v1.31/bin/../lib/gcc/pic32mx/4.5.2/../../../../pic32mx/lib/./proc/32MX795F512L/crt0_mips32r2.o
                0xbfc00000                _reset
 *(.reset.startup)

.bev_excpt      0xbfc00380       0x10
 *(.bev_handler)
 .bev_handler   0xbfc00380       0x10 c:/program files (x86)/microchip/xc32/v1.31/bin/../lib/gcc/pic32mx/4.5.2/../../../../pic32mx/lib/./proc/32MX795F512L/crt0_mips32r2.o

.dbg_excpt      0xbfc00480        0x0
                0xbfc00480                . = (. + DEFINED (_DEBUGGER)?0x8:0x0)

.dbg_code       0xbfc02000        0x0
                0xbfc02000                . = (. + DEFINED (_DEBUGGER)?_DBG_CODE_SIZE:0x0)

.app_excpt      0x9fc01180       0x10
 *(.gen_handler)
 .gen_handler   0x9fc01180       0x10 c:/program files (x86)/microchip/xc32/v1.31/bin/../lib/gcc/pic32mx/4.5.2/../../../../pic32mx/lib/./proc/32MX795F512L/crt0_mips32r2.o

.vector_0       0x9fc01200        0x8
 *(.vector_0)
 .vector_0      0x9fc01200        0x8 c:/program files (x86)/microchip/xc32/v1.31/bin/../lib/gcc/pic32mx/4.5.2/../../../../pic32mx/lib\libpic32.a(vector0.o)
                0x9fc01200                __vector_dispatch_0
                0x00000001                ASSERT (((_vector_spacing == 0x0) || (SIZEOF (.vector_0) <= (_vector_spacing << 0x5))), function at exception vector 0 too large)

.vector_1       0x9fc01220        0x8
 *(.vector_1)
 .vector_1      0x9fc01220        0x8 build/default/production/_ext/12131622/port.o
                0x9fc01220                __vector_dispatch_1
                0x00000001                ASSERT (((_vector_spacing == 0x0) || (SIZEOF (.vector_1) <= (_vector_spacing << 0x5))), function at exception vector 1 too large)

.vector_2       0x9fc01240        0x8
 *(.vector_2)
 .vector_2      0x9fc01240        0x8 c:/program files (x86)/microchip/xc32/v1.31/bin/../lib/gcc/pic32mx/4.5.2/../../../../pic32mx/lib\libpic32.a(vector2.o)
                0x9fc01240                __vector_dispatch_2
                0x00000001                ASSERT (((_vector_spacing == 0x0) || (SIZEOF (.vector_2) <= (_vector_spacing << 0x5))), function at exception vector 2 too large)

.vector_3       0x9fc01260        0x8
 *(.vector_3)
 .vector_3      0x9fc01260        0x8 c:/program files (x86)/microchip/xc32/v1.31/bin/../lib/gcc/pic32mx/4.5.2/../../../../pic32mx/lib\libpic32.a(vector3.o)
                0x9fc01260                __vector_dispatch_3
                0x00000001                ASSERT (((_vector_spacing == 0x0) || (SIZEOF (.vector_3) <= (_vector_spacing << 0x5))), function at exception vector 3 too large)

.vector_4       0x9fc01280        0x8
 *(.vector_4)
 .vector_4      0x9fc01280        0x8 build/default/production/_ext/12131622/port.o
                0x9fc01280                __vector_dispatch_4
                0x00000001                ASSERT (((_vector_spacing == 0x0) || (SIZEOF (.vector_4) <= (_vector_spacing << 0x5))), function at exception vector 4 too large)

.vector_5       0x9fc012a0        0x8
 *(.vector_5)
 .vector_5      0x9fc012a0        0x8 c:/program files (x86)/microchip/xc32/v1.31/bin/../lib/gcc/pic32mx/4.5.2/../../../../pic32mx/lib\libpic32.a(vector5.o)
                0x9fc012a0                __vector_dispatch_5
                0x00000001                ASSERT (((_vector_spacing == 0x0) || (SIZEOF (.vector_5) <= (_vector_spacing << 0x5))), function at exception vector 5 too large)

.vector_6       0x9fc012c0        0x8
 *(.vector_6)
 .vector_6      0x9fc012c0        0x8 c:/program files (x86)/microchip/xc32/v1.31/bin/../lib/gcc/pic32mx/4.5.2/../../../../pic32mx/lib\libpic32.a(vector6.o)
                0x9fc012c0                __vector_dispatch_6
                0x00000001                ASSERT (((_vector_spacing == 0x0) || (SIZEOF (.vector_6) <= (_vector_spacing << 0x5))), function at exception vector 6 too large)

.vector_7       0x9fc012e0        0x8
 *(.vector_7)
 .vector_7      0x9fc012e0        0x8 c:/program files (x86)/microchip/xc32/v1.31/bin/../lib/gcc/pic32mx/4.5.2/../../../../pic32mx/lib\libpic32.a(vector7.o)
                0x9fc012e0                __vector_dispatch_7
                0x00000001                ASSERT (((_vector_spacing == 0x0) || (SIZEOF (.vector_7) <= (_vector_spacing << 0x5))), function at exception vector 7 too large)

.vector_8       0x9fc01300        0x8
 *(.vector_8)
 .vector_8      0x9fc01300        0x8 c:/program files (x86)/microchip/xc32/v1.31/bin/../lib/gcc/pic32mx/4.5.2/../../../../pic32mx/lib\libpic32.a(vector8.o)
                0x9fc01300                __vector_dispatch_8
                0x00000001                ASSERT (((_vector_spacing == 0x0) || (SIZEOF (.vector_8) <= (_vector_spacing << 0x5))), function at exception vector 8 too large)

.vector_9       0x9fc01320        0x8
 *(.vector_9)
 .vector_9      0x9fc01320        0x8 c:/program files (x86)/microchip/xc32/v1.31/bin/../lib/gcc/pic32mx/4.5.2/../../../../pic32mx/lib\libpic32.a(vector9.o)
                0x9fc01320                __vector_dispatch_9
                0x00000001                ASSERT (((_vector_spacing == 0x0) || (SIZEOF (.vector_9) <= (_vector_spacing << 0x5))), function at exception vector 9 too large)

.vector_10      0x9fc01340        0x8
 *(.vector_10)
 .vector_10     0x9fc01340        0x8 c:/program files (x86)/microchip/xc32/v1.31/bin/../lib/gcc/pic32mx/4.5.2/../../../../pic32mx/lib\libpic32.a(vector10.o)
                0x9fc01340                __vector_dispatch_10
                0x00000001                ASSERT (((_vector_spacing == 0x0) || (SIZEOF (.vector_10) <= (_vector_spacing << 0x5))), function at exception vector 10 too large)

.vector_11      0x9fc01360        0x8
 *(.vector_11)
 .vector_11     0x9fc01360        0x8 c:/program files (x86)/microchip/xc32/v1.31/bin/../lib/gcc/pic32mx/4.5.2/../../../../pic32mx/lib\libpic32.a(vector11.o)
                0x9fc01360                __vector_dispatch_11
                0x00000001                ASSERT (((_vector_spacing == 0x0) || (SIZEOF (.vector_11) <= (_vector_spacing << 0x5))), function at exception vector 11 too large)

.vector_12      0x9fc01380        0x8
 *(.vector_12)
 .vector_12     0x9fc01380        0x8 c:/program files (x86)/microchip/xc32/v1.31/bin/../lib/gcc/pic32mx/4.5.2/../../../../pic32mx/lib\libpic32.a(vector12.o)
                0x9fc01380                __vector_dispatch_12
                0x00000001                ASSERT (((_vector_spacing == 0x0) || (SIZEOF (.vector_12) <= (_vector_spacing << 0x5))), function at exception vector 12 too large)

.vector_13      0x9fc013a0        0x8
 *(.vector_13)
 .vector_13     0x9fc013a0        0x8 c:/program files (x86)/microchip/xc32/v1.31/bin/../lib/gcc/pic32mx/4.5.2/../../../../pic32mx/lib\libpic32.a(vector13.o)
                0x9fc013a0                __vector_dispatch_13
                0x00000001                ASSERT (((_vector_spacing == 0x0) || (SIZEOF (.vector_13) <= (_vector_spacing << 0x5))), function at exception vector 13 too large)

.vector_14      0x9fc013c0        0x8
 *(.vector_14)
 .vector_14     0x9fc013c0        0x8 c:/program files (x86)/microchip/xc32/v1.31/bin/../lib/gcc/pic32mx/4.5.2/../../../../pic32mx/lib\libpic32.a(vector14.o)
                0x9fc013c0                __vector_dispatch_14
                0x00000001                ASSERT (((_vector_spacing == 0x0) || (SIZEOF (.vector_14) <= (_vector_spacing << 0x5))), function at exception vector 14 too large)

.vector_15      0x9fc013e0        0x8
 *(.vector_15)
 .vector_15     0x9fc013e0        0x8 c:/program files (x86)/microchip/xc32/v1.31/bin/../lib/gcc/pic32mx/4.5.2/../../../../pic32mx/lib\libpic32.a(vector15.o)
                0x9fc013e0                __vector_dispatch_15
                0x00000001                ASSERT (((_vector_spacing == 0x0) || (SIZEOF (.vector_15) <= (_vector_spacing << 0x5))), function at exception vector 15 too large)

.vector_16      0x9fc01400        0x8
 *(.vector_16)
 .vector_16     0x9fc01400        0x8 c:/program files (x86)/microchip/xc32/v1.31/bin/../lib/gcc/pic32mx/4.5.2/../../../../pic32mx/lib\libpic32.a(vector16.o)
                0x9fc01400                __vector_dispatch_16
                0x00000001                ASSERT (((_vector_spacing == 0x0) || (SIZEOF (.vector_16) <= (_vector_spacing << 0x5))), function at exception vector 16 too large)

.vector_17      0x9fc01420        0x8
 *(.vector_17)
 .vector_17     0x9fc01420        0x8 c:/program files (x86)/microchip/xc32/v1.31/bin/../lib/gcc/pic32mx/4.5.2/../../../../pic32mx/lib\libpic32.a(vector17.o)
                0x9fc01420                __vector_dispatch_17
                0x00000001                ASSERT (((_vector_spacing == 0x0) || (SIZEOF (.vector_17) <= (_vector_spacing << 0x5))), function at exception vector 17 too large)

.vector_18      0x9fc01440        0x8
 *(.vector_18)
 .vector_18     0x9fc01440        0x8 c:/program files (x86)/microchip/xc32/v1.31/bin/../lib/gcc/pic32mx/4.5.2/../../../../pic32mx/lib\libpic32.a(vector18.o)
                0x9fc01440                __vector_dispatch_18
                0x00000001                ASSERT (((_vector_spacing == 0x0) || (SIZEOF (.vector_18) <= (_vector_spacing << 0x5))), function at exception vector 18 too large)

.vector_19      0x9fc01460        0x8
 *(.vector_19)
 .vector_19     0x9fc01460        0x8 c:/program files (x86)/microchip/xc32/v1.31/bin/../lib/gcc/pic32mx/4.5.2/../../../../pic32mx/lib\libpic32.a(vector19.o)
                0x9fc01460                __vector_dispatch_19
                0x00000001                ASSERT (((_vector_spacing == 0x0) || (SIZEOF (.vector_19) <= (_vector_spacing << 0x5))), function at exception vector 19 too large)

.vector_20      0x9fc01480        0x8
 *(.vector_20)
 .vector_20     0x9fc01480        0x8 c:/program files (x86)/microchip/xc32/v1.31/bin/../lib/gcc/pic32mx/4.5.2/../../../../pic32mx/lib\libpic32.a(vector20.o)
                0x9fc01480                __vector_dispatch_20
                0x00000001                ASSERT (((_vector_spacing == 0x0) || (SIZEOF (.vector_20) <= (_vector_spacing << 0x5))), function at exception vector 20 too large)

.vector_21      0x9fc014a0        0x8
 *(.vector_21)
 .vector_21     0x9fc014a0        0x8 c:/program files (x86)/microchip/xc32/v1.31/bin/../lib/gcc/pic32mx/4.5.2/../../../../pic32mx/lib\libpic32.a(vector21.o)
                0x9fc014a0                __vector_dispatch_21
                0x00000001                ASSERT (((_vector_spacing == 0x0) || (SIZEOF (.vector_21) <= (_vector_spacing << 0x5))), function at exception vector 21 too large)

.vector_22      0x9fc014c0        0x8
 *(.vector_22)
 .vector_22     0x9fc014c0        0x8 c:/program files (x86)/microchip/xc32/v1.31/bin/../lib/gcc/pic32mx/4.5.2/../../../../pic32mx/lib\libpic32.a(vector22.o)
                0x9fc014c0                __vector_dispatch_22
                0x00000001                ASSERT (((_vector_spacing == 0x0) || (SIZEOF (.vector_22) <= (_vector_spacing << 0x5))), function at exception vector 22 too large)

.vector_23      0x9fc014e0        0x8
 *(.vector_23)
 .vector_23     0x9fc014e0        0x8 c:/program files (x86)/microchip/xc32/v1.31/bin/../lib/gcc/pic32mx/4.5.2/../../../../pic32mx/lib\libpic32.a(vector23.o)
                0x9fc014e0                __vector_dispatch_23
                0x00000001                ASSERT (((_vector_spacing == 0x0) || (SIZEOF (.vector_23) <= (_vector_spacing << 0x5))), function at exception vector 23 too large)

.vector_24      0x9fc01500        0x8
 *(.vector_24)
 .vector_24     0x9fc01500        0x8 c:/program files (x86)/microchip/xc32/v1.31/bin/../lib/gcc/pic32mx/4.5.2/../../../../pic32mx/lib\libpic32.a(vector24.o)
                0x9fc01500                __vector_dispatch_24
                0x00000001                ASSERT (((_vector_spacing == 0x0) || (SIZEOF (.vector_24) <= (_vector_spacing << 0x5))), function at exception vector 24 too large)

.vector_25      0x9fc01520        0x8
 *(.vector_25)
 .vector_25     0x9fc01520        0x8 c:/program files (x86)/microchip/xc32/v1.31/bin/../lib/gcc/pic32mx/4.5.2/../../../../pic32mx/lib\libpic32.a(vector25.o)
                0x9fc01520                __vector_dispatch_25
                0x00000001                ASSERT (((_vector_spacing == 0x0) || (SIZEOF (.vector_25) <= (_vector_spacing << 0x5))), function at exception vector 25 too large)

.vector_26      0x9fc01540        0x8
 *(.vector_26)
 .vector_26     0x9fc01540        0x8 c:/program files (x86)/microchip/xc32/v1.31/bin/../lib/gcc/pic32mx/4.5.2/../../../../pic32mx/lib\libpic32.a(vector26.o)
                0x9fc01540                __vector_dispatch_26
                0x00000001                ASSERT (((_vector_spacing == 0x0) || (SIZEOF (.vector_26) <= (_vector_spacing << 0x5))), function at exception vector 26 too large)

.vector_27      0x9fc01560        0x8
 *(.vector_27)
 .vector_27     0x9fc01560        0x8 c:/program files (x86)/microchip/xc32/v1.31/bin/../lib/gcc/pic32mx/4.5.2/../../../../pic32mx/lib\libpic32.a(vector27.o)
                0x9fc01560                __vector_dispatch_27
                0x00000001                ASSERT (((_vector_spacing == 0x0) || (SIZEOF (.vector_27) <= (_vector_spacing << 0x5))), function at exception vector 27 too large)

.vector_28      0x9fc01580        0x8
 *(.vector_28)
 .vector_28     0x9fc01580        0x8 c:/program files (x86)/microchip/xc32/v1.31/bin/../lib/gcc/pic32mx/4.5.2/../../../../pic32mx/lib\libpic32.a(vector28.o)
                0x9fc01580                __vector_dispatch_28
                0x00000001                ASSERT (((_vector_spacing == 0x0) || (SIZEOF (.vector_28) <= (_vector_spacing << 0x5))), function at exception vector 28 too large)

.vector_29      0x9fc015a0        0x8
 *(.vector_29)
 .vector_29     0x9fc015a0        0x8 c:/program files (x86)/microchip/xc32/v1.31/bin/../lib/gcc/pic32mx/4.5.2/../../../../pic32mx/lib\libpic32.a(vector29.o)
                0x9fc015a0                __vector_dispatch_29
                0x00000001                ASSERT (((_vector_spacing == 0x0) || (SIZEOF (.vector_29) <= (_vector_spacing << 0x5))), function at exception vector 29 too large)

.vector_30      0x9fc015c0        0x8
 *(.vector_30)
 .vector_30     0x9fc015c0        0x8 c:/program files (x86)/microchip/xc32/v1.31/bin/../lib/gcc/pic32mx/4.5.2/../../../../pic32mx/lib\libpic32.a(vector30.o)
                0x9fc015c0                __vector_dispatch_30
                0x00000001                ASSERT (((_vector_spacing == 0x0) || (SIZEOF (.vector_30) <= (_vector_spacing << 0x5))), function at exception vector 30 too large)

.vector_31      0x9fc015e0        0x8
 *(.vector_31)
 .vector_31     0x9fc015e0        0x8 c:/program files (x86)/microchip/xc32/v1.31/bin/../lib/gcc/pic32mx/4.5.2/../../../../pic32mx/lib\libpic32.a(vector31.o)
                0x9fc015e0                __vector_dispatch_31
                0x00000001                ASSERT (((_vector_spacing == 0x0) || (SIZEOF (.vector_31) <= (_vector_spacing << 0x5))), function at exception vector 31 too large)

.vector_32      0x9fc01600        0x8
 *(.vector_32)
 .vector_32     0x9fc01600        0x8 c:/program files (x86)/microchip/xc32/v1.31/bin/../lib/gcc/pic32mx/4.5.2/../../../../pic32mx/lib\libpic32.a(vector32.o)
                0x9fc01600                __vector_dispatch_32
                0x00000001                ASSERT (((_vector_spacing == 0x0) || (SIZEOF (.vector_32) <= (_vector_spacing << 0x5))), function at exception vector 32 too large)

.vector_33      0x9fc01620        0x8
 *(.vector_33)
 .vector_33     0x9fc01620        0x8 c:/program files (x86)/microchip/xc32/v1.31/bin/../lib/gcc/pic32mx/4.5.2/../../../../pic32mx/lib\libpic32.a(vector33.o)
                0x9fc01620                __vector_dispatch_33
                0x00000001                ASSERT (((_vector_spacing == 0x0) || (SIZEOF (.vector_33) <= (_vector_spacing << 0x5))), function at exception vector 33 too large)

.vector_34      0x9fc01640        0x8
 *(.vector_34)
 .vector_34     0x9fc01640        0x8 c:/program files (x86)/microchip/xc32/v1.31/bin/../lib/gcc/pic32mx/4.5.2/../../../../pic32mx/lib\libpic32.a(vector34.o)
                0x9fc01640                __vector_dispatch_34
                0x00000001                ASSERT (((_vector_spacing == 0x0) || (SIZEOF (.vector_34) <= (_vector_spacing << 0x5))), function at exception vector 34 too large)

.vector_35      0x9fc01660        0x8
 *(.vector_35)
 .vector_35     0x9fc01660        0x8 c:/program files (x86)/microchip/xc32/v1.31/bin/../lib/gcc/pic32mx/4.5.2/../../../../pic32mx/lib\libpic32.a(vector35.o)
                0x9fc01660                __vector_dispatch_35
                0x00000001                ASSERT (((_vector_spacing == 0x0) || (SIZEOF (.vector_35) <= (_vector_spacing << 0x5))), function at exception vector 35 too large)

.vector_36      0x9fc01680        0x8
 *(.vector_36)
 .vector_36     0x9fc01680        0x8 c:/program files (x86)/microchip/xc32/v1.31/bin/../lib/gcc/pic32mx/4.5.2/../../../../pic32mx/lib\libpic32.a(vector36.o)
                0x9fc01680                __vector_dispatch_36
                0x00000001                ASSERT (((_vector_spacing == 0x0) || (SIZEOF (.vector_36) <= (_vector_spacing << 0x5))), function at exception vector 36 too large)

.vector_37      0x9fc016a0        0x8
 *(.vector_37)
 .vector_37     0x9fc016a0        0x8 c:/program files (x86)/microchip/xc32/v1.31/bin/../lib/gcc/pic32mx/4.5.2/../../../../pic32mx/lib\libpic32.a(vector37.o)
                0x9fc016a0                __vector_dispatch_37
                0x00000001                ASSERT (((_vector_spacing == 0x0) || (SIZEOF (.vector_37) <= (_vector_spacing << 0x5))), function at exception vector 37 too large)

.vector_38      0x9fc016c0        0x8
 *(.vector_38)
 .vector_38     0x9fc016c0        0x8 c:/program files (x86)/microchip/xc32/v1.31/bin/../lib/gcc/pic32mx/4.5.2/../../../../pic32mx/lib\libpic32.a(vector38.o)
                0x9fc016c0                __vector_dispatch_38
                0x00000001                ASSERT (((_vector_spacing == 0x0) || (SIZEOF (.vector_38) <= (_vector_spacing << 0x5))), function at exception vector 38 too large)

.vector_39      0x9fc016e0        0x8
 *(.vector_39)
 .vector_39     0x9fc016e0        0x8 c:/program files (x86)/microchip/xc32/v1.31/bin/../lib/gcc/pic32mx/4.5.2/../../../../pic32mx/lib\libpic32.a(vector39.o)
                0x9fc016e0                __vector_dispatch_39
                0x00000001                ASSERT (((_vector_spacing == 0x0) || (SIZEOF (.vector_39) <= (_vector_spacing << 0x5))), function at exception vector 39 too large)

.vector_40      0x9fc01700        0x8
 *(.vector_40)
 .vector_40     0x9fc01700        0x8 c:/program files (x86)/microchip/xc32/v1.31/bin/../lib/gcc/pic32mx/4.5.2/../../../../pic32mx/lib\libpic32.a(vector40.o)
                0x9fc01700                __vector_dispatch_40
                0x00000001                ASSERT (((_vector_spacing == 0x0) || (SIZEOF (.vector_40) <= (_vector_spacing << 0x5))), function at exception vector 40 too large)

.vector_41      0x9fc01720        0x8
 *(.vector_41)
 .vector_41     0x9fc01720        0x8 c:/program files (x86)/microchip/xc32/v1.31/bin/../lib/gcc/pic32mx/4.5.2/../../../../pic32mx/lib\libpic32.a(vector41.o)
                0x9fc01720                __vector_dispatch_41
                0x00000001                ASSERT (((_vector_spacing == 0x0) || (SIZEOF (.vector_41) <= (_vector_spacing << 0x5))), function at exception vector 41 too large)

.vector_42      0x9fc01740        0x8
 *(.vector_42)
 .vector_42     0x9fc01740        0x8 c:/program files (x86)/microchip/xc32/v1.31/bin/../lib/gcc/pic32mx/4.5.2/../../../../pic32mx/lib\libpic32.a(vector42.o)
                0x9fc01740                __vector_dispatch_42
                0x00000001                ASSERT (((_vector_spacing == 0x0) || (SIZEOF (.vector_42) <= (_vector_spacing << 0x5))), function at exception vector 42 too large)

.vector_43      0x9fc01760        0x8
 *(.vector_43)
 .vector_43     0x9fc01760        0x8 c:/program files (x86)/microchip/xc32/v1.31/bin/../lib/gcc/pic32mx/4.5.2/../../../../pic32mx/lib\libpic32.a(vector43.o)
                0x9fc01760                __vector_dispatch_43
                0x00000001                ASSERT (((_vector_spacing == 0x0) || (SIZEOF (.vector_43) <= (_vector_spacing << 0x5))), function at exception vector 43 too large)

.vector_44      0x9fc01780        0x8
 *(.vector_44)
 .vector_44     0x9fc01780        0x8 c:/program files (x86)/microchip/xc32/v1.31/bin/../lib/gcc/pic32mx/4.5.2/../../../../pic32mx/lib\libpic32.a(vector44.o)
                0x9fc01780                __vector_dispatch_44
                0x00000001                ASSERT (((_vector_spacing == 0x0) || (SIZEOF (.vector_44) <= (_vector_spacing << 0x5))), function at exception vector 44 too large)

.vector_45      0x9fc017a0        0x8
 *(.vector_45)
 .vector_45     0x9fc017a0        0x8 c:/program files (x86)/microchip/xc32/v1.31/bin/../lib/gcc/pic32mx/4.5.2/../../../../pic32mx/lib\libpic32.a(vector45.o)
                0x9fc017a0                __vector_dispatch_45
                0x00000001                ASSERT (((_vector_spacing == 0x0) || (SIZEOF (.vector_45) <= (_vector_spacing << 0x5))), function at exception vector 45 too large)

.vector_46      0x9fc017c0        0x8
 *(.vector_46)
 .vector_46     0x9fc017c0        0x8 c:/program files (x86)/microchip/xc32/v1.31/bin/../lib/gcc/pic32mx/4.5.2/../../../../pic32mx/lib\libpic32.a(vector46.o)
                0x9fc017c0                __vector_dispatch_46
                0x00000001                ASSERT (((_vector_spacing == 0x0) || (SIZEOF (.vector_46) <= (_vector_spacing << 0x5))), function at exception vector 46 too large)

.vector_47      0x9fc017e0        0x8
 *(.vector_47)
 .vector_47     0x9fc017e0        0x8 c:/program files (x86)/microchip/xc32/v1.31/bin/../lib/gcc/pic32mx/4.5.2/../../../../pic32mx/lib\libpic32.a(vector47.o)
                0x9fc017e0                __vector_dispatch_47
                0x00000001                ASSERT (((_vector_spacing == 0x0) || (SIZEOF (.vector_47) <= (_vector_spacing << 0x5))), function at exception vector 47 too large)

.vector_48      0x9fc01800        0x8
 *(.vector_48)
 .vector_48     0x9fc01800        0x8 c:/program files (x86)/microchip/xc32/v1.31/bin/../lib/gcc/pic32mx/4.5.2/../../../../pic32mx/lib\libpic32.a(vector48.o)
                0x9fc01800                __vector_dispatch_48
                0x00000001                ASSERT (((_vector_spacing == 0x0) || (SIZEOF (.vector_48) <= (_vector_spacing << 0x5))), function at exception vector 48 too large)

.vector_49      0x9fc01820        0x8
 *(.vector_49)
 .vector_49     0x9fc01820        0x8 c:/program files (x86)/microchip/xc32/v1.31/bin/../lib/gcc/pic32mx/4.5.2/../../../../pic32mx/lib\libpic32.a(vector49.o)
                0x9fc01820                __vector_dispatch_49
                0x00000001                ASSERT (((_vector_spacing == 0x0) || (SIZEOF (.vector_49) <= (_vector_spacing << 0x5))), function at exception vector 49 too large)

.vector_50      0x9fc01840        0x8
 *(.vector_50)
 .vector_50     0x9fc01840        0x8 c:/program files (x86)/microchip/xc32/v1.31/bin/../lib/gcc/pic32mx/4.5.2/../../../../pic32mx/lib\libpic32.a(vector50.o)
                0x9fc01840                __vector_dispatch_50
                0x00000001                ASSERT (((_vector_spacing == 0x0) || (SIZEOF (.vector_50) <= (_vector_spacing << 0x5))), function at exception vector 50 too large)

.vector_51      0x9fc01860        0x8
 *(.vector_51)
 .vector_51     0x9fc01860        0x8 c:/program files (x86)/microchip/xc32/v1.31/bin/../lib/gcc/pic32mx/4.5.2/../../../../pic32mx/lib\libpic32.a(vector51.o)
                0x9fc01860                __vector_dispatch_51
                0x00000001                ASSERT (((_vector_spacing == 0x0) || (SIZEOF (.vector_51) <= (_vector_spacing << 0x5))), function at exception vector 51 too large)

.vector_52      0x9fc01880        0x8
 *(.vector_52)
 .vector_52     0x9fc01880        0x8 c:/program files (x86)/microchip/xc32/v1.31/bin/../lib/gcc/pic32mx/4.5.2/../../../../pic32mx/lib\libpic32.a(vector52.o)
                0x9fc01880                __vector_dispatch_52
                0x00000001                ASSERT (((_vector_spacing == 0x0) || (SIZEOF (.vector_52) <= (_vector_spacing << 0x5))), function at exception vector 52 too large)

.vector_53      0x9fc018a0        0x8
 *(.vector_53)
 .vector_53     0x9fc018a0        0x8 c:/program files (x86)/microchip/xc32/v1.31/bin/../lib/gcc/pic32mx/4.5.2/../../../../pic32mx/lib\libpic32.a(vector53.o)
                0x9fc018a0                __vector_dispatch_53
                0x00000001                ASSERT (((_vector_spacing == 0x0) || (SIZEOF (.vector_53) <= (_vector_spacing << 0x5))), function at exception vector 53 too large)

.vector_54      0x9fc018c0        0x8
 *(.vector_54)
 .vector_54     0x9fc018c0        0x8 c:/program files (x86)/microchip/xc32/v1.31/bin/../lib/gcc/pic32mx/4.5.2/../../../../pic32mx/lib\libpic32.a(vector54.o)
                0x9fc018c0                __vector_dispatch_54
                0x00000001                ASSERT (((_vector_spacing == 0x0) || (SIZEOF (.vector_54) <= (_vector_spacing << 0x5))), function at exception vector 54 too large)

.vector_55      0x9fc018e0        0x8
 *(.vector_55)
 .vector_55     0x9fc018e0        0x8 c:/program files (x86)/microchip/xc32/v1.31/bin/../lib/gcc/pic32mx/4.5.2/../../../../pic32mx/lib\libpic32.a(vector55.o)
                0x9fc018e0                __vector_dispatch_55
                0x00000001                ASSERT (((_vector_spacing == 0x0) || (SIZEOF (.vector_55) <= (_vector_spacing << 0x5))), function at exception vector 55 too large)

.vector_56      0x9fc01900        0x8
 *(.vector_56)
 .vector_56     0x9fc01900        0x8 c:/program files (x86)/microchip/xc32/v1.31/bin/../lib/gcc/pic32mx/4.5.2/../../../../pic32mx/lib\libpic32.a(vector56.o)
                0x9fc01900                __vector_dispatch_56
                0x00000001                ASSERT (((_vector_spacing == 0x0) || (SIZEOF (.vector_56) <= (_vector_spacing << 0x5))), function at exception vector 56 too large)

.vector_57      0x9fc01920        0x8
 *(.vector_57)
 .vector_57     0x9fc01920        0x8 c:/program files (x86)/microchip/xc32/v1.31/bin/../lib/gcc/pic32mx/4.5.2/../../../../pic32mx/lib\libpic32.a(vector57.o)
                0x9fc01920                __vector_dispatch_57
                0x00000001                ASSERT (((_vector_spacing == 0x0) || (SIZEOF (.vector_57) <= (_vector_spacing << 0x5))), function at exception vector 57 too large)

.vector_58      0x9fc01940        0x8
 *(.vector_58)
 .vector_58     0x9fc01940        0x8 c:/program files (x86)/microchip/xc32/v1.31/bin/../lib/gcc/pic32mx/4.5.2/../../../../pic32mx/lib\libpic32.a(vector58.o)
                0x9fc01940                __vector_dispatch_58
                0x00000001                ASSERT (((_vector_spacing == 0x0) || (SIZEOF (.vector_58) <= (_vector_spacing << 0x5))), function at exception vector 58 too large)

.vector_59      0x9fc01960        0x8
 *(.vector_59)
 .vector_59     0x9fc01960        0x8 c:/program files (x86)/microchip/xc32/v1.31/bin/../lib/gcc/pic32mx/4.5.2/../../../../pic32mx/lib\libpic32.a(vector59.o)
                0x9fc01960                __vector_dispatch_59
                0x00000001                ASSERT (((_vector_spacing == 0x0) || (SIZEOF (.vector_59) <= (_vector_spacing << 0x5))), function at exception vector 59 too large)

.vector_60      0x9fc01980        0x8
 *(.vector_60)
 .vector_60     0x9fc01980        0x8 c:/program files (x86)/microchip/xc32/v1.31/bin/../lib/gcc/pic32mx/4.5.2/../../../../pic32mx/lib\libpic32.a(vector60.o)
                0x9fc01980                __vector_dispatch_60
                0x00000001                ASSERT (((_vector_spacing == 0x0) || (SIZEOF (.vector_60) <= (_vector_spacing << 0x5))), function at exception vector 60 too large)

.vector_61      0x9fc019a0        0x8
 *(.vector_61)
 .vector_61     0x9fc019a0        0x8 c:/program files (x86)/microchip/xc32/v1.31/bin/../lib/gcc/pic32mx/4.5.2/../../../../pic32mx/lib\libpic32.a(vector61.o)
                0x9fc019a0                __vector_dispatch_61
                0x00000001                ASSERT (((_vector_spacing == 0x0) || (SIZEOF (.vector_61) <= (_vector_spacing << 0x5))), function at exception vector 61 too large)

.vector_62      0x9fc019c0        0x8
 *(.vector_62)
 .vector_62     0x9fc019c0        0x8 c:/program files (x86)/microchip/xc32/v1.31/bin/../lib/gcc/pic32mx/4.5.2/../../../../pic32mx/lib\libpic32.a(vector62.o)
                0x9fc019c0                __vector_dispatch_62
                0x00000001                ASSERT (((_vector_spacing == 0x0) || (SIZEOF (.vector_62) <= (_vector_spacing << 0x5))), function at exception vector 62 too large)

.vector_63      0x9fc019e0        0x8
 *(.vector_63)
 .vector_63     0x9fc019e0        0x8 c:/program files (x86)/microchip/xc32/v1.31/bin/../lib/gcc/pic32mx/4.5.2/../../../../pic32mx/lib\libpic32.a(vector63.o)
                0x9fc019e0                __vector_dispatch_63
                0x00000001                ASSERT (((_vector_spacing == 0x0) || (SIZEOF (.vector_63) <= (_vector_spacing << 0x5))), function at exception vector 63 too large)

.startup
 *(.startup)

.text           0x9d000000        0x0
 *(.stub .gnu.linkonce.t.*)
 *(.text.*personality*)
 *(.mips16.fn.*)
 *(.mips16.call.*)
 *(.gnu.warning)
                0x9d000000                . = ALIGN (0x4)

.init           0x9d000000        0x0
 *crti.o(.init)
 *crtbegin.o(.init)
 *(EXCLUDE_FILE(*crtn.o *crtend?.o *crtend.o) .init)
 *crtend.o(.init)
 *crtn.o(.init)
                0x9d000000                . = ALIGN (0x4)

.fini           0x9d000000        0x0
 *(.fini)
                0x9d000000                . = ALIGN (0x4)

.preinit_array  0x9d000000        0x0
                0x9d000000                PROVIDE (__preinit_array_start, .)
 *(.preinit_array)
                0x9d000000                PROVIDE (__preinit_array_end, .)
                0x9d000000                . = ALIGN (0x4)

.init_array     0x9d000000        0x0
                0x9d000000                PROVIDE (__init_array_start, .)
 *(SORT(.init_array.*))
 *(.init_array)
                0x9d000000                PROVIDE (__init_array_end, .)
                0x9d000000                . = ALIGN (0x4)

.fini_array     0x9d000000        0x0
                0x9d000000                PROVIDE (__fini_array_start, .)
 *(SORT(.fini_array.*))
 *(.fini_array)
                0x9d000000                PROVIDE (__fini_array_end, .)
                0x9d000000                . = ALIGN (0x4)

.ctors          0x9d000000        0x0
 *crtbegin.o(.ctors)
 *crtbegin?.o(.ctors)
 *(EXCLUDE_FILE(*crtend?.o *crtend.o) .ctors)
 *(SORT(.ctors.*))
 *(.ctors)
                0x9d000000                . = ALIGN (0x4)

.dtors          0x9d000000        0x0
 *crtbegin.o(.dtors)
 *crtbegin?.o(.dtors)
 *(EXCLUDE_FILE(*crtend?.o *crtend.o) .dtors)
 *(SORT(.dtors.*))
 *(.dtors)
                0x9d000000                . = ALIGN (0x4)

.rodata         0x9d000000        0x0
 *(.gnu.linkonce.r.*)
 *(.rodata1)
                0x9d000000                . = ALIGN (0x4)

.sdata2         0x9fc00490        0x0
 *(.sdata2 .sdata2.* .gnu.linkonce.s2.*)
                0x9fc00490                . = ALIGN (0x4)

.sbss2          0x9fc00490        0x0
 *(.sbss2 .sbss2.* .gnu.linkonce.sb2.*)
                0x9fc00490                . = ALIGN (0x4)

.eh_frame_hdr
 *(.eh_frame_hdr)
                0x9fc00490                . = ALIGN (0x4)

.eh_frame
 *(.eh_frame)
                0x9fc00490                . = ALIGN (0x4)

.gcc_except_table
 *(.gcc_except_table .gcc_except_table.*)
                0x9fc00490                . = ALIGN (0x4)

.dbg_data       0xa0000000        0x0
                0xa0000000                . = (. + DEFINED (_DEBUGGER)?0x200:0x0)

.jcr            0xa0000000        0x0
 *(.jcr)
                0xa0000000                . = ALIGN (0x4)

.eh_frame
 *(.eh_frame)
                0xa0000000                . = ALIGN (0x4)

.gcc_except_table
 *(.gcc_except_table .gcc_except_table.*)
                0xa0000000                . = ALIGN (0x4)

.persist        0xa0000000        0x0
                0xa0000000                _persist_begin = .
 *(.persist .persist.*)
 *(.pbss .pbss.*)
                0xa0000000                . = ALIGN (0x4)
                0xa0000000                _persist_end = .

.data           0xa0000000        0x0
 *(.gnu.linkonce.d.*)
 *(.data1)
                0xa0000000                . = ALIGN (0x4)
                0xa0000000                . = .
                0xa0007ff0                _gp = (ALIGN (0x10) + 0x7ff0)

.got            0xa0000000        0x0
 *(.got.plt)
 *(.got)
                0xa0000000                . = ALIGN (0x4)

.sdata          0xa0000000        0x8
                0xa0000000                _sdata_begin = .
 *(.sdata .sdata.* .gnu.linkonce.s.*)
 .sdata         0xa0000000        0x4 build/default/production/_ext/1128951024/tasks.o
 .sdata         0xa0000004        0x4 build/default/production/_ext/12131622/port.o
                0xa0000004                uxInterruptNesting
                0xa0000008                . = ALIGN (0x4)
                0xa0000008                _sdata_end = .

.lit8
 *(.lit8)

.lit4
 *(.lit4)
                0xa0000008                . = ALIGN (0x4)
                0xa0000008                _data_end = .
                0xa0000008                _bss_begin = .

.sbss           0xa0000008       0x84
                0xa0000008                _sbss_begin = .
 *(.dynsbss)
 *(.sbss .sbss.* .gnu.linkonce.sb.*)
 .sbss          0xa0000008       0x34 build/default/production/_ext/1128951024/tasks.o
                0xa0000008                pxCurrentTCB
 .sbss          0xa000003c       0x10 build/default/production/_ext/1128951024/timers.o
 .sbss          0xa000004c        0x8 build/default/production/_ext/1856876499/heap_1.o
 .sbss          0xa0000054        0x4 build/default/production/_ext/12131622/port.o
                0xa0000054                uxSavedTaskStackPointer
 .sbss          0xa0000058        0x8 build/default/production/_ext/1360937237/app.o
                0xa0000058                TIMER_ID
                0xa000005c                counter
 .sbss          0xa0000060        0xc build/default/production/_ext/1688732426/system_exceptions.o
 *(.scommon)
 .scommon       0xa000006c        0x8 build/default/production/_ext/1271179505/sys_devcon.o
                0xa000006c                sysDevconObj
 .scommon       0xa0000074       0x14 build/default/production/_ext/1360937237/app.o
                0xa0000074                xTimers
                0xa0000078                appData
                0xa000007c                msgData
                0xa0000084                xQueue1
 .scommon       0xa0000088        0x4 build/default/production/_ext/1688732426/system_init.o
                0xa0000088                sysObj
                0xa000008c                _sbss_end = .
                0xa000008c                . = ALIGN (0x4)

.bss            0xa000008c        0x0
 *(.dynbss)
 *(COMMON)
                0xa000008c                . = ALIGN ((. != 0x0)?0x4:0x1)
                0xa000008c                . = ALIGN (0x4)
                0xa000008c                _end = .
                0xa000008c                _bss_end = .
                0x00020000                _bmxdudba_address = 0x20000
                0x00020000                _bmxdupba_address = 0x20000

/DISCARD/
 *(.pdr)
 *(.rel.dyn)
 *(.note.GNU-stack)
 *(.note.GNU-stack)
 *(.gnu_debuglink)
 *(.gnu.lto_*)
 *(.discard)

.gptab.sdata
 *(.gptab.data)
 *(.gptab.sdata)

.gptab.sbss
 *(.gptab.bss)
 *(.gptab.sbss)

.mdebug.abi32   0xa000008c        0x0
 *(.mdebug.abi32)
 .mdebug.abi32  0xa000008c        0x0 build/default/production/_ext/24337685/osal_freertos.o
 .mdebug.abi32  0xa000008c        0x0 build/default/production/_ext/1271179505/sys_devcon.o
 .mdebug.abi32  0xa000008c        0x0 build/default/production/_ext/1271179505/sys_devcon_pic32mx.o
 .mdebug.abi32  0xa000008c        0x0 build/default/production/_ext/122796885/sys_int_pic32.o
 .mdebug.abi32  0xa000008c        0x0 build/default/production/_ext/77319752/sys_ports.o
 .mdebug.abi32  0xa000008c        0x0 build/default/production/_ext/1128951024/croutine.o
 .mdebug.abi32  0xa000008c        0x0 build/default/production/_ext/1128951024/list.o
 .mdebug.abi32  0xa000008c        0x0 build/default/production/_ext/1128951024/queue.o
 .mdebug.abi32  0xa000008c        0x0 build/default/production/_ext/1128951024/tasks.o
 .mdebug.abi32  0xa000008c        0x0 build/default/production/_ext/1128951024/timers.o
 .mdebug.abi32  0xa000008c        0x0 build/default/production/_ext/1128951024/event_groups.o
 .mdebug.abi32  0xa000008c        0x0 build/default/production/_ext/1856876499/heap_1.o
 .mdebug.abi32  0xa000008c        0x0 build/default/production/_ext/12131622/port.o
 .mdebug.abi32  0xa000008c        0x0 build/default/production/_ext/1360937237/app.o
 .mdebug.abi32  0xa000008c        0x0 build/default/production/_ext/639803181/sys_clk_static.o
 .mdebug.abi32  0xa000008c        0x0 build/default/production/_ext/822048611/sys_ports_static.o
 .mdebug.abi32  0xa000008c        0x0 build/default/production/_ext/1688732426/system_init.o
 .mdebug.abi32  0xa000008c        0x0 build/default/production/_ext/1688732426/system_interrupt.o
 .mdebug.abi32  0xa000008c        0x0 build/default/production/_ext/1688732426/system_exceptions.o
 .mdebug.abi32  0xa000008c        0x0 build/default/production/_ext/1360937237/main.o
 .mdebug.abi32  0xa000008c        0x0 build/default/production/_ext/1688732426/system_tasks.o
 .mdebug.abi32  0xa000008c        0x0 build/default/production/_ext/1688732426/rtos_hooks.o
 .mdebug.abi32  0xa000008c        0x0 c:/program files (x86)/microchip/xc32/v1.31/bin/../lib/gcc/pic32mx/4.5.2/../../../../pic32mx/lib\libpic32.a(default-bootstrap-exception-handler.o)
 .mdebug.abi32  0xa000008c        0x0 c:/program files (x86)/microchip/xc32/v1.31/bin/../lib/gcc/pic32mx/4.5.2/../../../../pic32mx/lib\libpic32.a(default-on-reset.o)
 .mdebug.abi32  0xa000008c        0x0 c:/program files (x86)/microchip/xc32/v1.31/bin/../lib/gcc/pic32mx/4.5.2/../../../../pic32mx/lib\libpic32.a(default-on-bootstrap.o)
 .mdebug.abi32  0xa000008c        0x0 c:/program files (x86)/microchip/xc32/v1.31/bin/../lib/gcc/pic32mx/4.5.2/../../../../pic32mx/lib\libpic32.a(defaultinterrupt.o)

.mdebug.abiN32
 *(.mdebug.abiN32)

.mdebug.abi64
 *(.mdebug.abi64)

.mdebug.abiO64
 *(.mdebug.abiO64)

.mdebug.eabi32
 *(.mdebug.eabi32)

.mdebug.eabi64
 *(.mdebug.eabi64)

.gcc_compiled_long32
 *(.gcc_compiled_long32)

.gcc_compiled_long64
 *(.gcc_compiled_long64)

.stab
 *(.stab)

.stabstr
 *(.stabstr)

.stab.excl
 *(.stab.excl)

.stab.exclstr
 *(.stab.exclstr)

.stab.index
 *(.stab.index)

.stab.indexstr
 *(.stab.indexstr)

.comment        0x00000000       0xa8
 *(.comment)
 .comment       0x00000000       0x3c build/default/production/_ext/24337685/osal_freertos.o
                                 0x3d (size before relaxing)
 .comment       0x00000000       0x3d build/default/production/_ext/1271179505/sys_devcon.o
 .comment       0x00000000       0x3d build/default/production/_ext/1271179505/sys_devcon_pic32mx.o
 .comment       0x00000000       0x3d build/default/production/_ext/122796885/sys_int_pic32.o
 .comment       0x00000000       0x3d build/default/production/_ext/77319752/sys_ports.o
 .comment       0x00000000       0x3d build/default/production/_ext/1128951024/croutine.o
 .comment       0x00000000       0x3d build/default/production/_ext/1128951024/list.o
 .comment       0x00000000       0x3d build/default/production/_ext/1128951024/queue.o
 .comment       0x00000000       0x3d build/default/production/_ext/1128951024/tasks.o
 .comment       0x00000000       0x3d build/default/production/_ext/1128951024/timers.o
 .comment       0x00000000       0x3d build/default/production/_ext/1128951024/event_groups.o
 .comment       0x00000000       0x3d build/default/production/_ext/1856876499/heap_1.o
 .comment       0x00000000       0x3d build/default/production/_ext/12131622/port.o
 .comment       0x00000000       0x3d build/default/production/_ext/1360937237/app.o
 .comment       0x00000000       0x3d build/default/production/_ext/639803181/sys_clk_static.o
 .comment       0x00000000       0x3d build/default/production/_ext/822048611/sys_ports_static.o
 .comment       0x00000000       0x3d build/default/production/_ext/1688732426/system_init.o
 .comment       0x00000000       0x3d build/default/production/_ext/1688732426/system_interrupt.o
 .comment       0x00000000       0x3d build/default/production/_ext/1688732426/system_exceptions.o
 .comment       0x00000000       0x3d build/default/production/_ext/1360937237/main.o
 .comment       0x00000000       0x3d build/default/production/_ext/1688732426/system_tasks.o
 .comment       0x00000000       0x3d build/default/production/_ext/1688732426/rtos_hooks.o
 .comment       0x0000003c       0x18 c:/program files (x86)/microchip/xc32/v1.31/bin/../lib/gcc/pic32mx/4.5.2/../../../../pic32mx/lib\libpic32.a(memcmp.o)
                                 0x19 (size before relaxing)
 .comment       0x00000054       0x18 c:/program files (x86)/microchip/xc32/v1.31/bin/../lib/gcc/pic32mx/4.5.2/../../../../pic32mx/lib\libpic32.a(memset.o)
                                 0x19 (size before relaxing)
 .comment       0x0000006c       0x3c c:/program files (x86)/microchip/xc32/v1.31/bin/../lib/gcc/pic32mx/4.5.2/../../../../pic32mx/lib\libpic32.a(default-bootstrap-exception-handler.o)
                                 0x3d (size before relaxing)
 .comment       0x00000000       0x3d c:/program files (x86)/microchip/xc32/v1.31/bin/../lib/gcc/pic32mx/4.5.2/../../../../pic32mx/lib\libpic32.a(default-on-reset.o)
 .comment       0x00000000       0x3d c:/program files (x86)/microchip/xc32/v1.31/bin/../lib/gcc/pic32mx/4.5.2/../../../../pic32mx/lib\libpic32.a(default-on-bootstrap.o)
 .comment       0x00000000       0x3d c:/program files (x86)/microchip/xc32/v1.31/bin/../lib/gcc/pic32mx/4.5.2/../../../../pic32mx/lib\libpic32.a(defaultinterrupt.o)

.debug
 *(.debug)

.line
 *(.line)

.debug_srcinfo
 *(.debug_srcinfo)

.debug_sfnames
 *(.debug_sfnames)

.debug_aranges  0x00000000      0x828
 *(.debug_aranges)
 .debug_aranges
                0x00000000       0x88 build/default/production/_ext/24337685/osal_freertos.o
 .debug_aranges
                0x00000088       0x78 build/default/production/_ext/1271179505/sys_devcon.o
 .debug_aranges
                0x00000100       0x20 build/default/production/_ext/1271179505/sys_devcon_pic32mx.o
 .debug_aranges
                0x00000120       0x48 build/default/production/_ext/122796885/sys_int_pic32.o
 .debug_aranges
                0x00000168       0xf8 build/default/production/_ext/77319752/sys_ports.o
 .debug_aranges
                0x00000260       0x40 build/default/production/_ext/1128951024/list.o
 .debug_aranges
                0x000002a0       0xb8 build/default/production/_ext/1128951024/queue.o
 .debug_aranges
                0x00000358      0x178 build/default/production/_ext/1128951024/tasks.o
 .debug_aranges
                0x000004d0       0x70 build/default/production/_ext/1128951024/timers.o
 .debug_aranges
                0x00000540       0x68 build/default/production/_ext/1128951024/event_groups.o
 .debug_aranges
                0x000005a8       0x38 build/default/production/_ext/1856876499/heap_1.o
 .debug_aranges
                0x000005e0       0x58 build/default/production/_ext/12131622/port.o
 .debug_aranges
                0x00000638       0x20 build/default/production/_ext/12131622/port_asm.o
 .debug_aranges
                0x00000658       0x40 build/default/production/_ext/1360937237/app.o
 .debug_aranges
                0x00000698       0x38 build/default/production/_ext/639803181/sys_clk_static.o
 .debug_aranges
                0x000006d0       0x20 build/default/production/_ext/822048611/sys_ports_static.o
 .debug_aranges
                0x000006f0       0x20 build/default/production/_ext/1688732426/system_init.o
 .debug_aranges
                0x00000710       0x20 build/default/production/_ext/1688732426/system_exceptions.o
 .debug_aranges
                0x00000730       0x20 build/default/production/_ext/1360937237/main.o
 .debug_aranges
                0x00000750       0x30 build/default/production/_ext/1688732426/system_tasks.o
 .debug_aranges
                0x00000780       0x28 build/default/production/_ext/1688732426/rtos_hooks.o
 .debug_aranges
                0x000007a8       0x20 c:/program files (x86)/microchip/xc32/v1.31/bin/../lib/gcc/pic32mx/4.5.2/../../../../pic32mx/lib\libpic32.a(default-bootstrap-exception-handler.o)
 .debug_aranges
                0x000007c8       0x20 c:/program files (x86)/microchip/xc32/v1.31/bin/../lib/gcc/pic32mx/4.5.2/../../../../pic32mx/lib\libpic32.a(default-on-reset.o)
 .debug_aranges
                0x000007e8       0x20 c:/program files (x86)/microchip/xc32/v1.31/bin/../lib/gcc/pic32mx/4.5.2/../../../../pic32mx/lib\libpic32.a(default-on-bootstrap.o)
 .debug_aranges
                0x00000808       0x20 c:/program files (x86)/microchip/xc32/v1.31/bin/../lib/gcc/pic32mx/4.5.2/../../../../pic32mx/lib\libpic32.a(defaultinterrupt.o)

.debug_pubnames
                0x00000000     0x1379
 *(.debug_pubnames)
 .debug_pubnames
                0x00000000      0x129 build/default/production/_ext/24337685/osal_freertos.o
 .debug_pubnames
                0x00000129      0x160 build/default/production/_ext/1271179505/sys_devcon.o
 .debug_pubnames
                0x00000289       0x33 build/default/production/_ext/1271179505/sys_devcon_pic32mx.o
 .debug_pubnames
                0x000002bc       0xb9 build/default/production/_ext/122796885/sys_int_pic32.o
 .debug_pubnames
                0x00000375      0x376 build/default/production/_ext/77319752/sys_ports.o
 .debug_pubnames
                0x000006eb       0x72 build/default/production/_ext/1128951024/list.o
 .debug_pubnames
                0x0000075d      0x1d1 build/default/production/_ext/1128951024/queue.o
 .debug_pubnames
                0x0000092e      0x3f6 build/default/production/_ext/1128951024/tasks.o
 .debug_pubnames
                0x00000d24       0xb1 build/default/production/_ext/1128951024/timers.o
 .debug_pubnames
                0x00000dd5       0xf8 build/default/production/_ext/1128951024/event_groups.o
 .debug_pubnames
                0x00000ecd       0x64 build/default/production/_ext/1856876499/heap_1.o
 .debug_pubnames
                0x00000f31      0x130 build/default/production/_ext/12131622/port.o
 .debug_pubnames
                0x00001061       0xb9 build/default/production/_ext/1360937237/app.o
 .debug_pubnames
                0x0000111a       0x92 build/default/production/_ext/639803181/sys_clk_static.o
 .debug_pubnames
                0x000011ac       0x2b build/default/production/_ext/822048611/sys_ports_static.o
 .debug_pubnames
                0x000011d7       0x42 build/default/production/_ext/1688732426/system_init.o
 .debug_pubnames
                0x00001219       0x31 build/default/production/_ext/1688732426/system_exceptions.o
 .debug_pubnames
                0x0000124a       0x1b build/default/production/_ext/1360937237/main.o
 .debug_pubnames
                0x00001265       0x20 build/default/production/_ext/1688732426/system_tasks.o
 .debug_pubnames
                0x00001285       0x55 build/default/production/_ext/1688732426/rtos_hooks.o
 .debug_pubnames
                0x000012da       0x33 c:/program files (x86)/microchip/xc32/v1.31/bin/../lib/gcc/pic32mx/4.5.2/../../../../pic32mx/lib\libpic32.a(default-bootstrap-exception-handler.o)
 .debug_pubnames
                0x0000130d       0x20 c:/program files (x86)/microchip/xc32/v1.31/bin/../lib/gcc/pic32mx/4.5.2/../../../../pic32mx/lib\libpic32.a(default-on-reset.o)
 .debug_pubnames
                0x0000132d       0x24 c:/program files (x86)/microchip/xc32/v1.31/bin/../lib/gcc/pic32mx/4.5.2/../../../../pic32mx/lib\libpic32.a(default-on-bootstrap.o)
 .debug_pubnames
                0x00001351       0x28 c:/program files (x86)/microchip/xc32/v1.31/bin/../lib/gcc/pic32mx/4.5.2/../../../../pic32mx/lib\libpic32.a(defaultinterrupt.o)

.debug_info     0x00000000    0x1217f
 *(.debug_info .gnu.linkonce.wi.*)
 .debug_info    0x00000000      0x717 build/default/production/_ext/24337685/osal_freertos.o
 .debug_info    0x00000717     0x10df build/default/production/_ext/1271179505/sys_devcon.o
 .debug_info    0x000017f6      0xee1 build/default/production/_ext/1271179505/sys_devcon_pic32mx.o
 .debug_info    0x000026d7     0x15f8 build/default/production/_ext/122796885/sys_int_pic32.o
 .debug_info    0x00003ccf     0x331a build/default/production/_ext/77319752/sys_ports.o
 .debug_info    0x00006fe9      0x163 build/default/production/_ext/1128951024/croutine.o
 .debug_info    0x0000714c      0x457 build/default/production/_ext/1128951024/list.o
 .debug_info    0x000075a3      0xf68 build/default/production/_ext/1128951024/queue.o
 .debug_info    0x0000850b     0x1e44 build/default/production/_ext/1128951024/tasks.o
 .debug_info    0x0000a34f      0xd5d build/default/production/_ext/1128951024/timers.o
 .debug_info    0x0000b0ac      0x950 build/default/production/_ext/1128951024/event_groups.o
 .debug_info    0x0000b9fc      0x2fb build/default/production/_ext/1856876499/heap_1.o
 .debug_info    0x0000bcf7     0x11b8 build/default/production/_ext/12131622/port.o
 .debug_info    0x0000ceaf       0xb5 build/default/production/_ext/12131622/port_asm.o
 .debug_info    0x0000cf64      0xd3a build/default/production/_ext/1360937237/app.o
 .debug_info    0x0000dc9e     0x1027 build/default/production/_ext/639803181/sys_clk_static.o
 .debug_info    0x0000ecc5      0xf20 build/default/production/_ext/822048611/sys_ports_static.o
 .debug_info    0x0000fbe5      0x87e build/default/production/_ext/1688732426/system_init.o
 .debug_info    0x00010463      0x6ed build/default/production/_ext/1688732426/system_interrupt.o
 .debug_info    0x00010b50      0x790 build/default/production/_ext/1688732426/system_exceptions.o
 .debug_info    0x000112e0      0x149 build/default/production/_ext/1360937237/main.o
 .debug_info    0x00011429      0x7fe build/default/production/_ext/1688732426/system_tasks.o
 .debug_info    0x00011c27      0x230 build/default/production/_ext/1688732426/rtos_hooks.o
 .debug_info    0x00011e57       0xde c:/program files (x86)/microchip/xc32/v1.31/bin/../lib/gcc/pic32mx/4.5.2/../../../../pic32mx/lib\libpic32.a(default-bootstrap-exception-handler.o)
 .debug_info    0x00011f35       0xb8 c:/program files (x86)/microchip/xc32/v1.31/bin/../lib/gcc/pic32mx/4.5.2/../../../../pic32mx/lib\libpic32.a(default-on-reset.o)
 .debug_info    0x00011fed       0xc0 c:/program files (x86)/microchip/xc32/v1.31/bin/../lib/gcc/pic32mx/4.5.2/../../../../pic32mx/lib\libpic32.a(default-on-bootstrap.o)
 .debug_info    0x000120ad       0xd2 c:/program files (x86)/microchip/xc32/v1.31/bin/../lib/gcc/pic32mx/4.5.2/../../../../pic32mx/lib\libpic32.a(defaultinterrupt.o)

.debug_abbrev   0x00000000     0x1df9
 *(.debug_abbrev)
 .debug_abbrev  0x00000000      0x14d build/default/production/_ext/24337685/osal_freertos.o
 .debug_abbrev  0x0000014d      0x243 build/default/production/_ext/1271179505/sys_devcon.o
 .debug_abbrev  0x00000390      0x176 build/default/production/_ext/1271179505/sys_devcon_pic32mx.o
 .debug_abbrev  0x00000506      0x19a build/default/production/_ext/122796885/sys_int_pic32.o
 .debug_abbrev  0x000006a0      0x1ea build/default/production/_ext/77319752/sys_ports.o
 .debug_abbrev  0x0000088a       0x1f build/default/production/_ext/1128951024/croutine.o
 .debug_abbrev  0x000008a9       0xe9 build/default/production/_ext/1128951024/list.o
 .debug_abbrev  0x00000992      0x1ce build/default/production/_ext/1128951024/queue.o
 .debug_abbrev  0x00000b60      0x2a1 build/default/production/_ext/1128951024/tasks.o
 .debug_abbrev  0x00000e01      0x268 build/default/production/_ext/1128951024/timers.o
 .debug_abbrev  0x00001069      0x19a build/default/production/_ext/1128951024/event_groups.o
 .debug_abbrev  0x00001203      0x100 build/default/production/_ext/1856876499/heap_1.o
 .debug_abbrev  0x00001303      0x277 build/default/production/_ext/12131622/port.o
 .debug_abbrev  0x0000157a       0x14 build/default/production/_ext/12131622/port_asm.o
 .debug_abbrev  0x0000158e      0x1a4 build/default/production/_ext/1360937237/app.o
 .debug_abbrev  0x00001732      0x1d7 build/default/production/_ext/639803181/sys_clk_static.o
 .debug_abbrev  0x00001909      0x113 build/default/production/_ext/822048611/sys_ports_static.o
 .debug_abbrev  0x00001a1c      0x121 build/default/production/_ext/1688732426/system_init.o
 .debug_abbrev  0x00001b3d       0x37 build/default/production/_ext/1688732426/system_interrupt.o
 .debug_abbrev  0x00001b74       0x7d build/default/production/_ext/1688732426/system_exceptions.o
 .debug_abbrev  0x00001bf1       0x36 build/default/production/_ext/1360937237/main.o
 .debug_abbrev  0x00001c27       0xb9 build/default/production/_ext/1688732426/system_tasks.o
 .debug_abbrev  0x00001ce0       0x8d build/default/production/_ext/1688732426/rtos_hooks.o
 .debug_abbrev  0x00001d6d       0x23 c:/program files (x86)/microchip/xc32/v1.31/bin/../lib/gcc/pic32mx/4.5.2/../../../../pic32mx/lib\libpic32.a(default-bootstrap-exception-handler.o)
 .debug_abbrev  0x00001d90       0x23 c:/program files (x86)/microchip/xc32/v1.31/bin/../lib/gcc/pic32mx/4.5.2/../../../../pic32mx/lib\libpic32.a(default-on-reset.o)
 .debug_abbrev  0x00001db3       0x23 c:/program files (x86)/microchip/xc32/v1.31/bin/../lib/gcc/pic32mx/4.5.2/../../../../pic32mx/lib\libpic32.a(default-on-bootstrap.o)
 .debug_abbrev  0x00001dd6       0x23 c:/program files (x86)/microchip/xc32/v1.31/bin/../lib/gcc/pic32mx/4.5.2/../../../../pic32mx/lib\libpic32.a(defaultinterrupt.o)

.debug_line     0x00000000     0x4542
 *(.debug_line)
 .debug_line    0x00000000      0x2a9 build/default/production/_ext/24337685/osal_freertos.o
 .debug_line    0x000002a9      0x5d5 build/default/production/_ext/1271179505/sys_devcon.o
 .debug_line    0x0000087e      0x46c build/default/production/_ext/1271179505/sys_devcon_pic32mx.o
 .debug_line    0x00000cea      0x391 build/default/production/_ext/122796885/sys_int_pic32.o
 .debug_line    0x0000107b      0x865 build/default/production/_ext/77319752/sys_ports.o
 .debug_line    0x000018e0       0x1d build/default/production/_ext/1128951024/croutine.o
 .debug_line    0x000018fd      0x1de build/default/production/_ext/1128951024/list.o
 .debug_line    0x00001adb      0x49f build/default/production/_ext/1128951024/queue.o
 .debug_line    0x00001f7a      0x80e build/default/production/_ext/1128951024/tasks.o
 .debug_line    0x00002788      0x320 build/default/production/_ext/1128951024/timers.o
 .debug_line    0x00002aa8      0x2b9 build/default/production/_ext/1128951024/event_groups.o
 .debug_line    0x00002d61      0x165 build/default/production/_ext/1856876499/heap_1.o
 .debug_line    0x00002ec6      0x22e build/default/production/_ext/12131622/port.o
 .debug_line    0x000030f4      0x102 build/default/production/_ext/12131622/port_asm.o
 .debug_line    0x000031f6      0x3c5 build/default/production/_ext/1360937237/app.o
 .debug_line    0x000035bb      0x332 build/default/production/_ext/639803181/sys_clk_static.o
 .debug_line    0x000038ed      0x2d4 build/default/production/_ext/822048611/sys_ports_static.o
 .debug_line    0x00003bc1      0x1d7 build/default/production/_ext/1688732426/system_init.o
 .debug_line    0x00003d98       0x71 build/default/production/_ext/1688732426/system_interrupt.o
 .debug_line    0x00003e09       0xe7 build/default/production/_ext/1688732426/system_exceptions.o
 .debug_line    0x00003ef0       0x6f build/default/production/_ext/1360937237/main.o
 .debug_line    0x00003f5f      0x26d build/default/production/_ext/1688732426/system_tasks.o
 .debug_line    0x000041cc      0x13d build/default/production/_ext/1688732426/rtos_hooks.o
 .debug_line    0x00004309       0x97 c:/program files (x86)/microchip/xc32/v1.31/bin/../lib/gcc/pic32mx/4.5.2/../../../../pic32mx/lib\libpic32.a(default-bootstrap-exception-handler.o)
 .debug_line    0x000043a0       0x84 c:/program files (x86)/microchip/xc32/v1.31/bin/../lib/gcc/pic32mx/4.5.2/../../../../pic32mx/lib\libpic32.a(default-on-reset.o)
 .debug_line    0x00004424       0x88 c:/program files (x86)/microchip/xc32/v1.31/bin/../lib/gcc/pic32mx/4.5.2/../../../../pic32mx/lib\libpic32.a(default-on-bootstrap.o)
 .debug_line    0x000044ac       0x96 c:/program files (x86)/microchip/xc32/v1.31/bin/../lib/gcc/pic32mx/4.5.2/../../../../pic32mx/lib\libpic32.a(defaultinterrupt.o)

.debug_frame    0x00000000     0x1138
 *(.debug_frame)
 .debug_frame   0x00000000      0x150 build/default/production/_ext/24337685/osal_freertos.o
 .debug_frame   0x00000150       0xd8 build/default/production/_ext/1271179505/sys_devcon.o
 .debug_frame   0x00000228       0x20 build/default/production/_ext/1271179505/sys_devcon_pic32mx.o
 .debug_frame   0x00000248       0x70 build/default/production/_ext/122796885/sys_int_pic32.o
 .debug_frame   0x000002b8      0x1d0 build/default/production/_ext/77319752/sys_ports.o
 .debug_frame   0x00000488       0x60 build/default/production/_ext/1128951024/list.o
 .debug_frame   0x000004e8      0x234 build/default/production/_ext/1128951024/queue.o
 .debug_frame   0x0000071c      0x440 build/default/production/_ext/1128951024/tasks.o
 .debug_frame   0x00000b5c      0x138 build/default/production/_ext/1128951024/timers.o
 .debug_frame   0x00000c94      0x124 build/default/production/_ext/1128951024/event_groups.o
 .debug_frame   0x00000db8       0x5c build/default/production/_ext/1856876499/heap_1.o
 .debug_frame   0x00000e14       0xa0 build/default/production/_ext/12131622/port.o
 .debug_frame   0x00000eb4       0x8c build/default/production/_ext/1360937237/app.o
 .debug_frame   0x00000f40       0x58 build/default/production/_ext/639803181/sys_clk_static.o
 .debug_frame   0x00000f98       0x20 build/default/production/_ext/822048611/sys_ports_static.o
 .debug_frame   0x00000fb8       0x28 build/default/production/_ext/1688732426/system_init.o
 .debug_frame   0x00000fe0       0x20 build/default/production/_ext/1688732426/system_exceptions.o
 .debug_frame   0x00001000       0x28 build/default/production/_ext/1360937237/main.o
 .debug_frame   0x00001028       0x58 build/default/production/_ext/1688732426/system_tasks.o
 .debug_frame   0x00001080       0x30 build/default/production/_ext/1688732426/rtos_hooks.o
 .debug_frame   0x000010b0       0x28 c:/program files (x86)/microchip/xc32/v1.31/bin/../lib/gcc/pic32mx/4.5.2/../../../../pic32mx/lib\libpic32.a(default-bootstrap-exception-handler.o)
 .debug_frame   0x000010d8       0x20 c:/program files (x86)/microchip/xc32/v1.31/bin/../lib/gcc/pic32mx/4.5.2/../../../../pic32mx/lib\libpic32.a(default-on-reset.o)
 .debug_frame   0x000010f8       0x20 c:/program files (x86)/microchip/xc32/v1.31/bin/../lib/gcc/pic32mx/4.5.2/../../../../pic32mx/lib\libpic32.a(default-on-bootstrap.o)
 .debug_frame   0x00001118       0x20 c:/program files (x86)/microchip/xc32/v1.31/bin/../lib/gcc/pic32mx/4.5.2/../../../../pic32mx/lib\libpic32.a(defaultinterrupt.o)

.debug_str      0x00000000      0x697
 *(.debug_str)
 .debug_str     0x00000000       0x40 build/default/production/_ext/24337685/osal_freertos.o
 .debug_str     0x00000040       0x23 build/default/production/_ext/1271179505/sys_devcon.o
 .debug_str     0x00000063       0x4f build/default/production/_ext/1271179505/sys_devcon_pic32mx.o
 .debug_str     0x000000b2       0x2d build/default/production/_ext/122796885/sys_int_pic32.o
 .debug_str     0x000000df       0x98 build/default/production/_ext/77319752/sys_ports.o
 .debug_str     0x00000177        0x0 build/default/production/_ext/1128951024/croutine.o
 .debug_str     0x00000177       0x2b build/default/production/_ext/1128951024/list.o
 .debug_str     0x000001a2       0xf1 build/default/production/_ext/1128951024/queue.o
 .debug_str     0x00000293      0x181 build/default/production/_ext/1128951024/tasks.o
 .debug_str     0x00000414       0xbf build/default/production/_ext/1128951024/timers.o
 .debug_str     0x000004d3       0xe6 build/default/production/_ext/1128951024/event_groups.o
 .debug_str     0x000005b9        0x0 build/default/production/_ext/1856876499/heap_1.o
 .debug_str     0x000005b9       0x6a build/default/production/_ext/12131622/port.o
 .debug_str     0x00000623       0x17 build/default/production/_ext/1360937237/app.o
 .debug_str     0x0000063a       0x39 build/default/production/_ext/639803181/sys_clk_static.o
 .debug_str     0x00000673        0xd build/default/production/_ext/822048611/sys_ports_static.o
 .debug_str     0x00000680        0xe build/default/production/_ext/1688732426/system_init.o
 .debug_str     0x0000068e        0x0 build/default/production/_ext/1688732426/system_interrupt.o
 .debug_str     0x0000068e        0x0 build/default/production/_ext/1688732426/system_exceptions.o
 .debug_str     0x0000068e        0x0 build/default/production/_ext/1360937237/main.o
 .debug_str     0x0000068e        0x0 build/default/production/_ext/1688732426/system_tasks.o
 .debug_str     0x0000068e        0x9 build/default/production/_ext/1688732426/rtos_hooks.o
 .debug_str     0x00000697        0x0 c:/program files (x86)/microchip/xc32/v1.31/bin/../lib/gcc/pic32mx/4.5.2/../../../../pic32mx/lib\libpic32.a(default-bootstrap-exception-handler.o)
 .debug_str     0x00000697        0x0 c:/program files (x86)/microchip/xc32/v1.31/bin/../lib/gcc/pic32mx/4.5.2/../../../../pic32mx/lib\libpic32.a(default-on-reset.o)
 .debug_str     0x00000697        0x0 c:/program files (x86)/microchip/xc32/v1.31/bin/../lib/gcc/pic32mx/4.5.2/../../../../pic32mx/lib\libpic32.a(default-on-bootstrap.o)
 .debug_str     0x00000697        0x0 c:/program files (x86)/microchip/xc32/v1.31/bin/../lib/gcc/pic32mx/4.5.2/../../../../pic32mx/lib\libpic32.a(defaultinterrupt.o)

.debug_loc      0x00000000     0x308a
 *(.debug_loc)
 .debug_loc     0x00000000      0x213 build/default/production/_ext/24337685/osal_freertos.o
 .debug_loc     0x00000213       0x4c build/default/production/_ext/1271179505/sys_devcon.o
 .debug_loc     0x0000025f       0x5f build/default/production/_ext/1271179505/sys_devcon_pic32mx.o
 .debug_loc     0x000002be       0x6c build/default/production/_ext/122796885/sys_int_pic32.o
 .debug_loc     0x0000032a      0xb96 build/default/production/_ext/77319752/sys_ports.o
 .debug_loc     0x00000ec0       0x1f build/default/production/_ext/1128951024/list.o
 .debug_loc     0x00000edf      0x871 build/default/production/_ext/1128951024/queue.o
 .debug_loc     0x00001750      0xd52 build/default/production/_ext/1128951024/tasks.o
 .debug_loc     0x000024a2      0x503 build/default/production/_ext/1128951024/timers.o
 .debug_loc     0x000029a5      0x5eb build/default/production/_ext/1128951024/event_groups.o
 .debug_loc     0x00002f90       0x31 build/default/production/_ext/1856876499/heap_1.o
 .debug_loc     0x00002fc1       0x26 build/default/production/_ext/12131622/port.o
 .debug_loc     0x00002fe7       0x5f build/default/production/_ext/1360937237/app.o
 .debug_loc     0x00003046       0x31 build/default/production/_ext/639803181/sys_clk_static.o
 .debug_loc     0x00003077       0x13 build/default/production/_ext/1688732426/system_init.o

.debug_macinfo
 *(.debug_macinfo)

.debug_weaknames
 *(.debug_weaknames)

.debug_funcnames
 *(.debug_funcnames)

.debug_typenames
 *(.debug_typenames)

.debug_varnames
 *(.debug_varnames)

.debug_pubtypes
                0x00000000     0x10dc
 *(.debug_pubtypes)
 .debug_pubtypes
                0x00000000      0x14e build/default/production/_ext/24337685/osal_freertos.o
 .debug_pubtypes
                0x0000014e      0x14b build/default/production/_ext/1271179505/sys_devcon.o
 .debug_pubtypes
                0x00000299       0xcb build/default/production/_ext/1271179505/sys_devcon_pic32mx.o
 .debug_pubtypes
                0x00000364       0xc5 build/default/production/_ext/122796885/sys_int_pic32.o
 .debug_pubtypes
                0x00000429      0x1d0 build/default/production/_ext/77319752/sys_ports.o
 .debug_pubtypes
                0x000005f9       0x12 build/default/production/_ext/1128951024/croutine.o
 .debug_pubtypes
                0x0000060b       0x9a build/default/production/_ext/1128951024/list.o
 .debug_pubtypes
                0x000006a5      0x128 build/default/production/_ext/1128951024/queue.o
 .debug_pubtypes
                0x000007cd      0x197 build/default/production/_ext/1128951024/tasks.o
 .debug_pubtypes
                0x00000964      0x18e build/default/production/_ext/1128951024/timers.o
 .debug_pubtypes
                0x00000af2       0xfb build/default/production/_ext/1128951024/event_groups.o
 .debug_pubtypes
                0x00000bed       0x3a build/default/production/_ext/1856876499/heap_1.o
 .debug_pubtypes
                0x00000c27       0xb7 build/default/production/_ext/12131622/port.o
 .debug_pubtypes
                0x00000cde      0x112 build/default/production/_ext/1360937237/app.o
 .debug_pubtypes
                0x00000df0      0x109 build/default/production/_ext/639803181/sys_clk_static.o
 .debug_pubtypes
                0x00000ef9       0x84 build/default/production/_ext/822048611/sys_ports_static.o
 .debug_pubtypes
                0x00000f7d       0x7e build/default/production/_ext/1688732426/system_init.o
 .debug_pubtypes
                0x00000ffb       0x12 build/default/production/_ext/1688732426/system_interrupt.o
 .debug_pubtypes
                0x0000100d       0x12 build/default/production/_ext/1688732426/system_exceptions.o
 .debug_pubtypes
                0x0000101f       0x12 build/default/production/_ext/1360937237/main.o
 .debug_pubtypes
                0x00001031       0x79 build/default/production/_ext/1688732426/system_tasks.o
 .debug_pubtypes
                0x000010aa       0x32 build/default/production/_ext/1688732426/rtos_hooks.o

.debug_ranges
 *(.debug_ranges)

.gnu.attributes
                0x00000000       0x10
 *(.gnu.attributes)
 .gnu.attributes
                0x00000000       0x10 build/default/production/_ext/24337685/osal_freertos.o
 .gnu.attributes
                0x00000010       0x10 build/default/production/_ext/1271179505/sys_devcon.o
 .gnu.attributes
                0x00000020       0x10 build/default/production/_ext/1271179505/sys_devcon_pic32mx.o
 .gnu.attributes
                0x00000030       0x10 build/default/production/_ext/122796885/sys_int_pic32.o
 .gnu.attributes
                0x00000040       0x10 build/default/production/_ext/77319752/sys_ports.o
 .gnu.attributes
                0x00000050       0x10 build/default/production/_ext/1128951024/croutine.o
 .gnu.attributes
                0x00000060       0x10 build/default/production/_ext/1128951024/list.o
 .gnu.attributes
                0x00000070       0x10 build/default/production/_ext/1128951024/queue.o
 .gnu.attributes
                0x00000080       0x10 build/default/production/_ext/1128951024/tasks.o
 .gnu.attributes
                0x00000090       0x10 build/default/production/_ext/1128951024/timers.o
 .gnu.attributes
                0x000000a0       0x10 build/default/production/_ext/1128951024/event_groups.o
 .gnu.attributes
                0x000000b0       0x10 build/default/production/_ext/1856876499/heap_1.o
 .gnu.attributes
                0x000000c0       0x10 build/default/production/_ext/12131622/port.o
 .gnu.attributes
                0x000000d0       0x10 build/default/production/_ext/1360937237/app.o
 .gnu.attributes
                0x000000e0       0x10 build/default/production/_ext/639803181/sys_clk_static.o
 .gnu.attributes
                0x000000f0       0x10 build/default/production/_ext/822048611/sys_ports_static.o
 .gnu.attributes
                0x00000100       0x10 build/default/production/_ext/1688732426/system_init.o
 .gnu.attributes
                0x00000110       0x10 build/default/production/_ext/1688732426/system_interrupt.o
 .gnu.attributes
                0x00000120       0x10 build/default/production/_ext/1688732426/system_exceptions.o
 .gnu.attributes
                0x00000130       0x10 build/default/production/_ext/1360937237/main.o
 .gnu.attributes
                0x00000140       0x10 build/default/production/_ext/1688732426/system_tasks.o
 .gnu.attributes
                0x00000150       0x10 build/default/production/_ext/1688732426/rtos_hooks.o
 .gnu.attributes
                0x00000160       0x10 c:/program files (x86)/microchip/xc32/v1.31/bin/../lib/gcc/pic32mx/4.5.2/../../../../pic32mx/lib\libpic32.a(default-bootstrap-exception-handler.o)
 .gnu.attributes
                0x00000170       0x10 c:/program files (x86)/microchip/xc32/v1.31/bin/../lib/gcc/pic32mx/4.5.2/../../../../pic32mx/lib\libpic32.a(default-on-reset.o)
 .gnu.attributes
                0x00000180       0x10 c:/program files (x86)/microchip/xc32/v1.31/bin/../lib/gcc/pic32mx/4.5.2/../../../../pic32mx/lib\libpic32.a(default-on-bootstrap.o)
 .gnu.attributes
                0x00000190       0x10 c:/program files (x86)/microchip/xc32/v1.31/bin/../lib/gcc/pic32mx/4.5.2/../../../../pic32mx/lib\libpic32.a(defaultinterrupt.o)
LOAD c:/program files (x86)/microchip/xc32/v1.31/bin/../lib/gcc/pic32mx/4.5.2\libgcc.a
START GROUP
LOAD c:/program files (x86)/microchip/xc32/v1.31/bin/../lib/gcc/pic32mx/4.5.2/../../../../pic32mx/lib\libpic32.a
LOAD c:/program files (x86)/microchip/xc32/v1.31/bin/../lib/gcc/pic32mx/4.5.2/../../../../pic32mx/lib\libdebug.a
LOAD c:/program files (x86)/microchip/xc32/v1.31/bin/../lib/gcc/pic32mx/4.5.2/../../../../pic32mx/lib\libm.a
LOAD c:/program files (x86)/microchip/xc32/v1.31/bin/../lib/gcc/pic32mx/4.5.2/../../../../pic32mx/lib\libe.a
LOAD c:/program files (x86)/microchip/xc32/v1.31/bin/../lib/gcc/pic32mx/4.5.2/../../../../pic32mx/lib\libdsp.a
LOAD c:/program files (x86)/microchip/xc32/v1.31/bin/../lib/gcc/pic32mx/4.5.2\libgcc.a
LOAD c:/program files (x86)/microchip/xc32/v1.31/bin/../lib/gcc/pic32mx/4.5.2/../../../../pic32mx/lib\libpic32.a
LOAD c:/program files (x86)/microchip/xc32/v1.31/bin/../lib/gcc/pic32mx/4.5.2/../../../../pic32mx/lib\libc.a
LOAD c:/program files (x86)/microchip/xc32/v1.31/bin/../lib/gcc/pic32mx/4.5.2/../../../../pic32mx/lib\libpic32.a
END GROUP
LOAD c:/program files (x86)/microchip/xc32/v1.31/bin/../lib/gcc/pic32mx/4.5.2\libgcc.a
LOAD c:/program files (x86)/microchip/xc32/v1.31/bin/../lib/gcc/pic32mx/4.5.2/../../../../pic32mx/lib\debug-exception-return.o
OUTPUT(dist/default/production/Embedded.X.production.elf elf32-tradlittlemips)
LOAD stack
LOAD data_init

.reginfo        0x00000000       0x18
 .reginfo       0x00000000       0x18 c:/program files (x86)/microchip/xc32/v1.31/bin/../lib/gcc/pic32mx/4.5.2/../../../../pic32mx/lib/./proc/32MX795F512L/crt0_mips32r2.o

.stack          0xa00057f0      0x400
 .stack         0xa00057f0      0x400 stack

.bss            0xa000008c     0x5730
 .bss           0xa000008c     0x5000 build/default/production/_ext/1856876499/heap_1.o
 .bss           0xa000508c      0x640 build/default/production/_ext/12131622/port.o
                0xa000508c                xISRStack
 .bss           0xa00056cc       0xc8 build/default/production/_ext/1128951024/tasks.o
 .bss           0xa0005794       0x28 build/default/production/_ext/1128951024/timers.o

.data           0xa00057bc       0x14
 .data          0xa00057bc       0x14 build/default/production/_ext/1360937237/app.o
                0xa00057bc                name

._debug_exception
                0xbfc00480       0x24
 ._debug_exception
                0xbfc00480       0x24 c:/program files (x86)/microchip/xc32/v1.31/bin/../lib/gcc/pic32mx/4.5.2/../../../../pic32mx/lib\debug-exception-return.o
                0xbfc00480                __DbgExecReturn

.text           0x9d000000      0x454
 .text          0x9d000000      0x454 build/default/production/_ext/12131622/port_asm.o
                0x9d000000                vPortTickInterruptHandler
                0x9d0001ac                vPortStartFirstTask
                0x9d000274                vPortYieldISR

.text.xTaskGenericCreate
                0x9d000454      0x2e0
 .text.xTaskGenericCreate
                0x9d000454      0x2e0 build/default/production/_ext/1128951024/tasks.o
                0x9d000454                xTaskGenericCreate

.text.xQueueGenericReceive
                0x9d000734      0x258
 .text.xQueueGenericReceive
                0x9d000734      0x258 build/default/production/_ext/1128951024/queue.o
                0x9d000734                xQueueGenericReceive

.text.prvTimerTask
                0x9d00098c      0x248
 .text.prvTimerTask
                0x9d00098c      0x248 build/default/production/_ext/1128951024/timers.o

.text.xQueueGenericSend
                0x9d000bd4      0x20c
 .text.xQueueGenericSend
                0x9d000bd4      0x20c build/default/production/_ext/1128951024/queue.o
                0x9d000bd4                xQueueGenericSend

.text.xTaskIncrementTick
                0x9d000de0      0x168
 .text.xTaskIncrementTick
                0x9d000de0      0x168 build/default/production/_ext/1128951024/tasks.o
                0x9d000de0                xTaskIncrementTick

.text           0x9d000f48      0x168
 .text          0x9d000f48      0x168 c:/program files (x86)/microchip/xc32/v1.31/bin/../lib/gcc/pic32mx/4.5.2/../../../../pic32mx/lib\libpic32.a(memcpy.o)
                0x9d000f48                memcpy

.text.xTaskResumeAll
                0x9d0010b0      0x15c
 .text.xTaskResumeAll
                0x9d0010b0      0x15c build/default/production/_ext/1128951024/tasks.o
                0x9d0010b0                xTaskResumeAll

.text.vTaskPriorityInherit
                0x9d00120c      0x12c
 .text.vTaskPriorityInherit
                0x9d00120c      0x12c build/default/production/_ext/1128951024/tasks.o
                0x9d00120c                vTaskPriorityInherit

.rodata         0x9d001338      0x128
 .rodata        0x9d001338      0x128 build/default/production/_ext/1688732426/system_exceptions.o

.text.prvSampleTimeNow
                0x9d001460      0x10c
 .text.prvSampleTimeNow
                0x9d001460      0x10c build/default/production/_ext/1128951024/timers.o

.text.prvUnlockQueue
                0x9d00156c      0x104
 .text.prvUnlockQueue
                0x9d00156c      0x104 build/default/production/_ext/1128951024/queue.o

.text.prvCopyDataToQueue
                0x9d001670       0xfc
 .text.prvCopyDataToQueue
                0x9d001670       0xfc build/default/production/_ext/1128951024/queue.o

.text.vTaskSwitchContext
                0x9d00176c       0xf8
 .text.vTaskSwitchContext
                0x9d00176c       0xf8 build/default/production/_ext/1128951024/tasks.o
                0x9d00176c                vTaskSwitchContext

.text.xTaskPriorityDisinherit
                0x9d001864       0xf4
 .text.xTaskPriorityDisinherit
                0x9d001864       0xf4 build/default/production/_ext/1128951024/tasks.o
                0x9d001864                xTaskPriorityDisinherit

.text.xQueueGenericSendFromISR
                0x9d001958       0xe0
 .text.xQueueGenericSendFromISR
                0x9d001958       0xe0 build/default/production/_ext/1128951024/queue.o
                0x9d001958                xQueueGenericSendFromISR

.text.general_exception
                0x9d001a38       0xdc
 .text.general_exception
                0x9d001a38       0xdc c:/program files (x86)/microchip/xc32/v1.31/bin/../lib/gcc/pic32mx/4.5.2/../../../../pic32mx/lib\libpic32.a(general-exception.o)
                0x9d001a38                _general_exception_context

.text.SYS_DEVCON_PerformanceConfig
                0x9d001b14       0xd0
 .text.SYS_DEVCON_PerformanceConfig
                0x9d001b14       0xd0 build/default/production/_ext/1271179505/sys_devcon_pic32mx.o
                0x9d001b14                SYS_DEVCON_PerformanceConfig

.text.xQueueGenericReset
                0x9d001be4       0xc8
 .text.xQueueGenericReset
                0x9d001be4       0xc8 build/default/production/_ext/1128951024/queue.o
                0x9d001be4                xQueueGenericReset

.dinit          0x9d001cac       0xc0
 .dinit         0x9d001cac       0xc0 data_init

.text.xTaskRemoveFromEventList
                0x9d001d6c       0xbc
 .text.xTaskRemoveFromEventList
                0x9d001d6c       0xbc build/default/production/_ext/1128951024/tasks.o
                0x9d001d6c                xTaskRemoveFromEventList

.text.prvIdleTask
                0x9d001e28       0xb4
 .text.prvIdleTask
                0x9d001e28       0xb4 build/default/production/_ext/1128951024/tasks.o

.text.pvPortMalloc
                0x9d001edc       0xb4
 .text.pvPortMalloc
                0x9d001edc       0xb4 build/default/production/_ext/1856876499/heap_1.o
                0x9d001edc                pvPortMalloc

.text           0x9d001f90       0xa8
 .text          0x9d001f90       0xa8 c:/program files (x86)/microchip/xc32/v1.31/bin/../lib/gcc/pic32mx/4.5.2/../../../../pic32mx/lib\libpic32.a(memset.o)
                0x9d001f90                memset

.text.xTaskCheckForTimeOut
                0x9d002038       0xa0
 .text.xTaskCheckForTimeOut
                0x9d002038       0xa0 build/default/production/_ext/1128951024/tasks.o
                0x9d002038                xTaskCheckForTimeOut

.text           0x9d0020d8       0x98
 .text          0x9d0020d8       0x98 c:/program files (x86)/microchip/xc32/v1.31/bin/../lib/gcc/pic32mx/4.5.2/../../../../pic32mx/lib\libpic32.a(memcmp.o)
                0x9d0020d8                memcmp

.text.vTaskPlaceOnEventList
                0x9d002170       0x94
 .text.vTaskPlaceOnEventList
                0x9d002170       0x94 build/default/production/_ext/1128951024/tasks.o
                0x9d002170                vTaskPlaceOnEventList

.text.vTaskDelay
                0x9d002204       0x90
 .text.vTaskDelay
                0x9d002204       0x90 build/default/production/_ext/1128951024/tasks.o
                0x9d002204                vTaskDelay

.text.vTaskStartScheduler
                0x9d002294       0x90
 .text.vTaskStartScheduler
                0x9d002294       0x90 build/default/production/_ext/1128951024/tasks.o
                0x9d002294                vTaskStartScheduler

.text.xTimerCreate
                0x9d002324       0x90
 .text.xTimerCreate
                0x9d002324       0x90 build/default/production/_ext/1128951024/timers.o
                0x9d002324                xTimerCreate

.text.xTimerGenericCommand
                0x9d0023b4       0x8c
 .text.xTimerGenericCommand
                0x9d0023b4       0x8c build/default/production/_ext/1128951024/timers.o
                0x9d0023b4                xTimerGenericCommand

.text.APP_Initialize
                0x9d002440       0x88
 .text.APP_Initialize
                0x9d002440       0x88 build/default/production/_ext/1360937237/app.o
                0x9d002440                APP_Initialize

.text.xQueueGenericCreate
                0x9d0024c8       0x84
 .text.xQueueGenericCreate
                0x9d0024c8       0x84 build/default/production/_ext/1128951024/queue.o
                0x9d0024c8                xQueueGenericCreate

.text.SYS_CLK_Initialize
                0x9d00254c       0x84
 .text.SYS_CLK_Initialize
                0x9d00254c       0x84 build/default/production/_ext/639803181/sys_clk_static.o
                0x9d00254c                SYS_CLK_Initialize

.text.SYS_Tasks
                0x9d0025d0       0x80
 .text.SYS_Tasks
                0x9d0025d0       0x80 build/default/production/_ext/1688732426/system_tasks.o
                0x9d0025d0                SYS_Tasks

.text.vQueueWaitForMessageRestricted
                0x9d002650       0x74
 .text.vQueueWaitForMessageRestricted
                0x9d002650       0x74 build/default/production/_ext/1128951024/queue.o
                0x9d002650                vQueueWaitForMessageRestricted

.text.prvCheckForValidListAndQueue
                0x9d0026c4       0x74
 .text.prvCheckForValidListAndQueue
                0x9d0026c4       0x74 build/default/production/_ext/1128951024/timers.o

.text.prvInsertTimerInActiveList
                0x9d002738       0x74
 .text.prvInsertTimerInActiveList
                0x9d002738       0x74 build/default/production/_ext/1128951024/timers.o

.text.APP_Tasks
                0x9d0027ac       0x74
 .text.APP_Tasks
                0x9d0027ac       0x74 build/default/production/_ext/1360937237/app.o
                0x9d0027ac                APP_Tasks

.text.prvAddCurrentTaskToDelayedList
                0x9d002820       0x70
 .text.prvAddCurrentTaskToDelayedList
                0x9d002820       0x70 build/default/production/_ext/1128951024/tasks.o

.text.vTaskPlaceOnEventListRestricted
                0x9d002890       0x6c
 .text.vTaskPlaceOnEventListRestricted
                0x9d002890       0x6c build/default/production/_ext/1128951024/tasks.o
                0x9d002890                vTaskPlaceOnEventListRestricted

.text.vApplicationSetupTickTimerInterrupt
                0x9d0028fc       0x6c
 .text.vApplicationSetupTickTimerInterrupt
                0x9d0028fc       0x6c build/default/production/_ext/12131622/port.o
                0x9d0028fc                vApplicationSetupTickTimerInterrupt

.text.xPortStartScheduler
                0x9d002968       0x6c
 .text.xPortStartScheduler
                0x9d002968       0x6c build/default/production/_ext/12131622/port.o
                0x9d002968                xPortStartScheduler

.text.vTaskExitCritical
                0x9d0029d4       0x5c
 .text.vTaskExitCritical
                0x9d0029d4       0x5c build/default/production/_ext/1128951024/tasks.o
                0x9d0029d4                vTaskExitCritical

.text.SYS_Initialize
                0x9d002a30       0x5c
 .text.SYS_Initialize
                0x9d002a30       0x5c build/default/production/_ext/1688732426/system_init.o
                0x9d002a30                SYS_Initialize

.text.xTimerCreateTimerTask
                0x9d002a8c       0x58
 .text.xTimerCreateTimerTask
                0x9d002a8c       0x58 build/default/production/_ext/1128951024/timers.o
                0x9d002a8c                xTimerCreateTimerTask

.text.vListInsert
                0x9d002ae4       0x54
 .text.vListInsert
                0x9d002ae4       0x54 build/default/production/_ext/1128951024/list.o
                0x9d002ae4                vListInsert

.text.vPortIncrementTick
                0x9d002b38       0x54
 .text.vPortIncrementTick
                0x9d002b38       0x54 build/default/production/_ext/12131622/port.o
                0x9d002b38                vPortIncrementTick

.text.vTimerCallback
                0x9d002b8c       0x50
 .text.vTimerCallback
                0x9d002b8c       0x50 build/default/production/_ext/1360937237/app.o
                0x9d002b8c                vTimerCallback

.text.main_entry
                0x9d002bdc       0x4c
 .text.main_entry
                0x9d002bdc       0x4c c:/program files (x86)/microchip/xc32/v1.31/bin/../lib/gcc/pic32mx/4.5.2/../../../../pic32mx/lib/./proc/32MX795F512L/crt0_mips32r2.o
                0x9d002c08                __crt0_exit

.text.SYS_DEVCON_SystemUnlock
                0x9d002c28       0x4c
 .text.SYS_DEVCON_SystemUnlock
                0x9d002c28       0x4c build/default/production/_ext/1271179505/sys_devcon.o
                0x9d002c28                SYS_DEVCON_SystemUnlock

.text.prvCopyDataFromQueue
                0x9d002c74       0x4c
 .text.prvCopyDataFromQueue
                0x9d002c74       0x4c build/default/production/_ext/1128951024/queue.o

.text.uxListRemove
                0x9d002cc0       0x44
 .text.uxListRemove
                0x9d002cc0       0x44 build/default/production/_ext/1128951024/list.o
                0x9d002cc0                uxListRemove

.text.vTaskEnterCritical
                0x9d002d04       0x44
 .text.vTaskEnterCritical
                0x9d002d04       0x44 build/default/production/_ext/1128951024/tasks.o
                0x9d002d04                vTaskEnterCritical

.text.pxPortInitialiseStack
                0x9d002d48       0x44
 .text.pxPortInitialiseStack
                0x9d002d48       0x44 build/default/production/_ext/12131622/port.o
                0x9d002d48                pxPortInitialiseStack

.text.MsgQSendChar
                0x9d002d8c       0x44
 .text.MsgQSendChar
                0x9d002d8c       0x44 build/default/production/_ext/1360937237/app.o
                0x9d002d8c                MsgQSendChar

.text           0x9d002dd0       0x44
 .text          0x9d002dd0       0x44 c:/program files (x86)/microchip/xc32/v1.31/bin/../lib/gcc/pic32mx/4.5.2/../../../../pic32mx/lib\libpic32.a(pic32_software_reset.o)
                0x9d002dd0                __pic32_software_reset

.text.SYS_DEVCON_SystemLock
                0x9d002e14       0x3c
 .text.SYS_DEVCON_SystemLock
                0x9d002e14       0x3c build/default/production/_ext/1271179505/sys_devcon.o
                0x9d002e14                SYS_DEVCON_SystemLock

.text.prvResetNextTaskUnblockTime
                0x9d002e50       0x38
 .text.prvResetNextTaskUnblockTime
                0x9d002e50       0x38 build/default/production/_ext/1128951024/tasks.o

.text._bootstrap_exception_handler
                0x9d002e88       0x38
 .text._bootstrap_exception_handler
                0x9d002e88       0x38 c:/program files (x86)/microchip/xc32/v1.31/bin/../lib/gcc/pic32mx/4.5.2/../../../../pic32mx/lib\libpic32.a(default-bootstrap-exception-handler.o)
                0x9d002e88                _bootstrap_exception_handler

.text._general_exception_handler
                0x9d002ec0       0x34
 .text._general_exception_handler
                0x9d002ec0       0x34 build/default/production/_ext/1688732426/system_exceptions.o
                0x9d002ec0                _general_exception_handler

.text.vListInsertEnd
                0x9d002ef4       0x30
 .text.vListInsertEnd
                0x9d002ef4       0x30 build/default/production/_ext/1128951024/list.o
                0x9d002ef4                vListInsertEnd

.text.uxPortSetInterruptMaskFromISR
                0x9d002f24       0x30
 .text.uxPortSetInterruptMaskFromISR
                0x9d002f24       0x30 build/default/production/_ext/12131622/port.o
                0x9d002f24                uxPortSetInterruptMaskFromISR

.text.SYS_PORTS_Initialize
                0x9d002f54       0x30
 .text.SYS_PORTS_Initialize
                0x9d002f54       0x30 build/default/production/_ext/822048611/sys_ports_static.o
                0x9d002f54                SYS_PORTS_Initialize

.vector_default
                0x9d002f84       0x30
 .vector_default
                0x9d002f84       0x30 c:/program files (x86)/microchip/xc32/v1.31/bin/../lib/gcc/pic32mx/4.5.2/../../../../pic32mx/lib\libpic32.a(defaultinterrupt.o)
                0x9d002f84                _DefaultInterrupt

.text.pvTaskIncrementMutexHeldCount
                0x9d002fb4       0x28
 .text.pvTaskIncrementMutexHeldCount
                0x9d002fb4       0x28 build/default/production/_ext/1128951024/tasks.o
                0x9d002fb4                pvTaskIncrementMutexHeldCount

.text.prvTaskExitError
                0x9d002fdc       0x24
 .text.prvTaskExitError
                0x9d002fdc       0x24 build/default/production/_ext/12131622/port.o

.text.vApplicationStackOverflowHook
                0x9d003000       0x24
 .text.vApplicationStackOverflowHook
                0x9d003000       0x24 build/default/production/_ext/1688732426/rtos_hooks.o
                0x9d003000                vApplicationStackOverflowHook

.text.vApplicationMallocFailedHook
                0x9d003024       0x24
 .text.vApplicationMallocFailedHook
                0x9d003024       0x24 build/default/production/_ext/1688732426/rtos_hooks.o
                0x9d003024                vApplicationMallocFailedHook

.text.vListInitialise
                0x9d003048       0x20
 .text.vListInitialise
                0x9d003048       0x20 build/default/production/_ext/1128951024/list.o
                0x9d003048                vListInitialise

.text.xTaskGetSchedulerState
                0x9d003068       0x20
 .text.xTaskGetSchedulerState
                0x9d003068       0x20 build/default/production/_ext/1128951024/tasks.o
                0x9d003068                xTaskGetSchedulerState

.text.main      0x9d003088       0x20
 .text.main     0x9d003088       0x20 build/default/production/_ext/1360937237/main.o
                0x9d003088                main

.text._APP_Tasks
                0x9d0030a8       0x20
 .text._APP_Tasks
                0x9d0030a8       0x20 build/default/production/_ext/1688732426/system_tasks.o

.text._SYS_Tasks
                0x9d0030c8       0x20
 .text._SYS_Tasks
                0x9d0030c8       0x20 build/default/production/_ext/1688732426/system_tasks.o

.text.SYS_DEVCON_JTAGDisable
                0x9d0030e8       0x1c
 .text.SYS_DEVCON_JTAGDisable
                0x9d0030e8       0x1c build/default/production/_ext/1271179505/sys_devcon.o
                0x9d0030e8                SYS_DEVCON_JTAGDisable

.rodata         0x9d003104       0x34
 .rodata        0x9d003104       0x1c build/default/production/_ext/1128951024/tasks.o
 .rodata        0x9d003120       0x18 build/default/production/_ext/1688732426/system_tasks.o

.text           0x9d003138       0x18